Archive member included to satisfy reference by file (symbol)

c:/st/stm32cubeide_1.3.0/stm32cubeide/plugins/com.st.stm32cube.ide.mcu.externaltools.gnu-tools-for-stm32.7-2018-q2-update.win32_1.0.0.201904181610/tools/bin/../lib/gcc/arm-none-eabi/7.3.1/../../../../arm-none-eabi/lib/thumb/v7e-m/fpv4-sp/hard\libc_nano.a(lib_a-errno.o)
                              Core/Src/syscalls.o (__errno)
c:/st/stm32cubeide_1.3.0/stm32cubeide/plugins/com.st.stm32cube.ide.mcu.externaltools.gnu-tools-for-stm32.7-2018-q2-update.win32_1.0.0.201904181610/tools/bin/../lib/gcc/arm-none-eabi/7.3.1/../../../../arm-none-eabi/lib/thumb/v7e-m/fpv4-sp/hard\libc_nano.a(lib_a-exit.o)
                              c:/st/stm32cubeide_1.3.0/stm32cubeide/plugins/com.st.stm32cube.ide.mcu.externaltools.gnu-tools-for-stm32.7-2018-q2-update.win32_1.0.0.201904181610/tools/bin/../lib/gcc/arm-none-eabi/7.3.1/../../../../arm-none-eabi/lib/thumb/v7e-m/fpv4-sp/hard/crt0.o (exit)
c:/st/stm32cubeide_1.3.0/stm32cubeide/plugins/com.st.stm32cube.ide.mcu.externaltools.gnu-tools-for-stm32.7-2018-q2-update.win32_1.0.0.201904181610/tools/bin/../lib/gcc/arm-none-eabi/7.3.1/../../../../arm-none-eabi/lib/thumb/v7e-m/fpv4-sp/hard\libc_nano.a(lib_a-impure.o)
                              c:/st/stm32cubeide_1.3.0/stm32cubeide/plugins/com.st.stm32cube.ide.mcu.externaltools.gnu-tools-for-stm32.7-2018-q2-update.win32_1.0.0.201904181610/tools/bin/../lib/gcc/arm-none-eabi/7.3.1/../../../../arm-none-eabi/lib/thumb/v7e-m/fpv4-sp/hard\libc_nano.a(lib_a-exit.o) (_global_impure_ptr)
c:/st/stm32cubeide_1.3.0/stm32cubeide/plugins/com.st.stm32cube.ide.mcu.externaltools.gnu-tools-for-stm32.7-2018-q2-update.win32_1.0.0.201904181610/tools/bin/../lib/gcc/arm-none-eabi/7.3.1/../../../../arm-none-eabi/lib/thumb/v7e-m/fpv4-sp/hard\libc_nano.a(lib_a-init.o)
                              c:/st/stm32cubeide_1.3.0/stm32cubeide/plugins/com.st.stm32cube.ide.mcu.externaltools.gnu-tools-for-stm32.7-2018-q2-update.win32_1.0.0.201904181610/tools/bin/../lib/gcc/arm-none-eabi/7.3.1/../../../../arm-none-eabi/lib/thumb/v7e-m/fpv4-sp/hard/crt0.o (__libc_init_array)
c:/st/stm32cubeide_1.3.0/stm32cubeide/plugins/com.st.stm32cube.ide.mcu.externaltools.gnu-tools-for-stm32.7-2018-q2-update.win32_1.0.0.201904181610/tools/bin/../lib/gcc/arm-none-eabi/7.3.1/../../../../arm-none-eabi/lib/thumb/v7e-m/fpv4-sp/hard\libc_nano.a(lib_a-memcpy-stub.o)
                              Middlewares/Third_Party/FreeRTOS/Source/queue.o (memcpy)
c:/st/stm32cubeide_1.3.0/stm32cubeide/plugins/com.st.stm32cube.ide.mcu.externaltools.gnu-tools-for-stm32.7-2018-q2-update.win32_1.0.0.201904181610/tools/bin/../lib/gcc/arm-none-eabi/7.3.1/../../../../arm-none-eabi/lib/thumb/v7e-m/fpv4-sp/hard\libc_nano.a(lib_a-memset.o)
                              c:/st/stm32cubeide_1.3.0/stm32cubeide/plugins/com.st.stm32cube.ide.mcu.externaltools.gnu-tools-for-stm32.7-2018-q2-update.win32_1.0.0.201904181610/tools/bin/../lib/gcc/arm-none-eabi/7.3.1/../../../../arm-none-eabi/lib/thumb/v7e-m/fpv4-sp/hard/crt0.o (memset)
c:/st/stm32cubeide_1.3.0/stm32cubeide/plugins/com.st.stm32cube.ide.mcu.externaltools.gnu-tools-for-stm32.7-2018-q2-update.win32_1.0.0.201904181610/tools/bin/../lib/gcc/arm-none-eabi/7.3.1/../../../../arm-none-eabi/lib/thumb/v7e-m/fpv4-sp/hard\libc_nano.a(lib_a-sprintf.o)
                              Core/Src/main.o (sprintf)
c:/st/stm32cubeide_1.3.0/stm32cubeide/plugins/com.st.stm32cube.ide.mcu.externaltools.gnu-tools-for-stm32.7-2018-q2-update.win32_1.0.0.201904181610/tools/bin/../lib/gcc/arm-none-eabi/7.3.1/../../../../arm-none-eabi/lib/thumb/v7e-m/fpv4-sp/hard\libc_nano.a(lib_a-nano-svfprintf.o)
                              c:/st/stm32cubeide_1.3.0/stm32cubeide/plugins/com.st.stm32cube.ide.mcu.externaltools.gnu-tools-for-stm32.7-2018-q2-update.win32_1.0.0.201904181610/tools/bin/../lib/gcc/arm-none-eabi/7.3.1/../../../../arm-none-eabi/lib/thumb/v7e-m/fpv4-sp/hard\libc_nano.a(lib_a-sprintf.o) (_svfprintf_r)
c:/st/stm32cubeide_1.3.0/stm32cubeide/plugins/com.st.stm32cube.ide.mcu.externaltools.gnu-tools-for-stm32.7-2018-q2-update.win32_1.0.0.201904181610/tools/bin/../lib/gcc/arm-none-eabi/7.3.1/../../../../arm-none-eabi/lib/thumb/v7e-m/fpv4-sp/hard\libc_nano.a(lib_a-nano-vfprintf_i.o)
                              c:/st/stm32cubeide_1.3.0/stm32cubeide/plugins/com.st.stm32cube.ide.mcu.externaltools.gnu-tools-for-stm32.7-2018-q2-update.win32_1.0.0.201904181610/tools/bin/../lib/gcc/arm-none-eabi/7.3.1/../../../../arm-none-eabi/lib/thumb/v7e-m/fpv4-sp/hard\libc_nano.a(lib_a-nano-svfprintf.o) (_printf_i)
c:/st/stm32cubeide_1.3.0/stm32cubeide/plugins/com.st.stm32cube.ide.mcu.externaltools.gnu-tools-for-stm32.7-2018-q2-update.win32_1.0.0.201904181610/tools/bin/../lib/gcc/arm-none-eabi/7.3.1/../../../../arm-none-eabi/lib/thumb/v7e-m/fpv4-sp/hard\libc_nano.a(lib_a-memchr.o)
[...]
Memory Configuration

Name             Origin             Length             Attributes
CCMRAM           0x0000000010000000 0x0000000000010000 xrw
RAM              0x0000000020000000 0x0000000000020000 xrw
FLASH            0x0000000008000000 0x0000000000100000 xr
*default*        0x0000000000000000 0xffffffffffffffff

Linker script and memory map

LOAD c:/st/stm32cubeide_1.3.0/stm32cubeide/plugins/com.st.stm32cube.ide.mcu.externaltools.gnu-tools-for-stm32.7-2018-q2-update.win32_1.0.0.201904181610/tools/bin/../lib/gcc/arm-none-eabi/7.3.1/thumb/v7e-m/fpv4-sp/hard/crti.o
LOAD c:/st/stm32cubeide_1.3.0/stm32cubeide/plugins/com.st.stm32cube.ide.mcu.externaltools.gnu-tools-for-stm32.7-2018-q2-update.win32_1.0.0.201904181610/tools/bin/../lib/gcc/arm-none-eabi/7.3.1/thumb/v7e-m/fpv4-sp/hard/crtbegin.o
LOAD c:/st/stm32cubeide_1.3.0/stm32cubeide/plugins/com.st.stm32cube.ide.mcu.externaltools.gnu-tools-for-stm32.7-2018-q2-update.win32_1.0.0.201904181610/tools/bin/../lib/gcc/arm-none-eabi/7.3.1/../../../../arm-none-eabi/lib/thumb/v7e-m/fpv4-sp/hard/crt0.o
LOAD Core/Src/buzzer_api.o
LOAD Core/Src/controller.o
LOAD Core/Src/dc_motor_api.o
LOAD Core/Src/encoder_api.o
LOAD Core/Src/freertos.o
LOAD Core/Src/lcd_display_api.o
LOAD Core/Src/main.o
LOAD Core/Src/math_functions.o
LOAD Core/Src/potentiometer_api.o
LOAD Core/Src/stm32f4xx_hal_msp.o
LOAD Core/Src/stm32f4xx_hal_timebase_tim.o
LOAD Core/Src/stm32f4xx_it.o
LOAD Core/Src/syscalls.o
LOAD Core/Src/sysmem.o
LOAD Core/Src/system_stm32f4xx.o
LOAD Core/Src/ventilator_api.o
LOAD Core/Startup/startup_stm32f407vgtx.o
LOAD Drivers/STM32F4xx_HAL_Driver/Src/stm32f4xx_hal.o
LOAD Drivers/STM32F4xx_HAL_Driver/Src/stm32f4xx_hal_adc.o
LOAD Drivers/STM32F4xx_HAL_Driver/Src/stm32f4xx_hal_adc_ex.o
LOAD Drivers/STM32F4xx_HAL_Driver/Src/stm32f4xx_hal_cortex.o
LOAD Drivers/STM32F4xx_HAL_Driver/Src/stm32f4xx_hal_dma.o
LOAD Drivers/STM32F4xx_HAL_Driver/Src/stm32f4xx_hal_dma_ex.o
LOAD Drivers/STM32F4xx_HAL_Driver/Src/stm32f4xx_hal_exti.o
LOAD Drivers/STM32F4xx_HAL_Driver/Src/stm32f4xx_hal_flash.o
LOAD Drivers/STM32F4xx_HAL_Driver/Src/stm32f4xx_hal_flash_ex.o
LOAD Drivers/STM32F4xx_HAL_Driver/Src/stm32f4xx_hal_flash_ramfunc.o
LOAD Drivers/STM32F4xx_HAL_Driver/Src/stm32f4xx_hal_gpio.o
LOAD Drivers/STM32F4xx_HAL_Driver/Src/stm32f4xx_hal_i2c.o
LOAD Drivers/STM32F4xx_HAL_Driver/Src/stm32f4xx_hal_i2c_ex.o
LOAD Drivers/STM32F4xx_HAL_Driver/Src/stm32f4xx_hal_pwr.o
LOAD Drivers/STM32F4xx_HAL_Driver/Src/stm32f4xx_hal_pwr_ex.o
LOAD Drivers/STM32F4xx_HAL_Driver/Src/stm32f4xx_hal_rcc.o
LOAD Drivers/STM32F4xx_HAL_Driver/Src/stm32f4xx_hal_rcc_ex.o
LOAD Drivers/STM32F4xx_HAL_Driver/Src/stm32f4xx_hal_spi.o
LOAD Drivers/STM32F4xx_HAL_Driver/Src/stm32f4xx_hal_tim.o
LOAD Drivers/STM32F4xx_HAL_Driver/Src/stm32f4xx_hal_tim_ex.o
LOAD Drivers/STM32F4xx_HAL_Driver/Src/stm32f4xx_hal_uart.o
LOAD Middlewares/Third_Party/FreeRTOS/Source/CMSIS_RTOS/cmsis_os.o
LOAD Middlewares/Third_Party/FreeRTOS/Source/croutine.o
LOAD Middlewares/Third_Party/FreeRTOS/Source/event_groups.o
LOAD Middlewares/Third_Party/FreeRTOS/Source/list.o
LOAD Middlewares/Third_Party/FreeRTOS/Source/queue.o
LOAD Middlewares/Third_Party/FreeRTOS/Source/stream_buffer.o
LOAD Middlewares/Third_Party/FreeRTOS/Source/tasks.o
LOAD Middlewares/Third_Party/FreeRTOS/Source/timers.o
LOAD Middlewares/Third_Party/FreeRTOS/Source/portable/GCC/ARM_CM4F/port.o
LOAD Middlewares/Third_Party/FreeRTOS/Source/portable/MemMang/heap_4.o
START GROUP
LOAD c:/st/stm32cubeide_1.3.0/stm32cubeide/plugins/com.st.stm32cube.ide.mcu.externaltools.gnu-tools-for-stm32.7-2018-q2-update.win32_1.0.0.201904181610/tools/bin/../lib/gcc/arm-none-eabi/7.3.1/../../../../arm-none-eabi/lib/thumb/v7e-m/fpv4-sp/hard\libc_nano.a
LOAD c:/st/stm32cubeide_1.3.0/stm32cubeide/plugins/com.st.stm32cube.ide.mcu.externaltools.gnu-tools-for-stm32.7-2018-q2-update.win32_1.0.0.201904181610/tools/bin/../lib/gcc/arm-none-eabi/7.3.1/../../../../arm-none-eabi/lib/thumb/v7e-m/fpv4-sp/hard\libm.a
END GROUP
START GROUP
LOAD c:/st/stm32cubeide_1.3.0/stm32cubeide/plugins/com.st.stm32cube.ide.mcu.externaltools.gnu-tools-for-stm32.7-2018-q2-update.win32_1.0.0.201904181610/tools/bin/../lib/gcc/arm-none-eabi/7.3.1/thumb/v7e-m/fpv4-sp/hard\libgcc.a
LOAD c:/st/stm32cubeide_1.3.0/stm32cubeide/plugins/com.st.stm32cube.ide.mcu.externaltools.gnu-tools-for-stm32.7-2018-q2-update.win32_1.0.0.201904181610/tools/bin/../lib/gcc/arm-none-eabi/7.3.1/../../../../arm-none-eabi/lib/thumb/v7e-m/fpv4-sp/hard\libc_nano.a
END GROUP
START GROUP
LOAD c:/st/stm32cubeide_1.3.0/stm32cubeide/plugins/com.st.stm32cube.ide.mcu.externaltools.gnu-tools-for-stm32.7-2018-q2-update.win32_1.0.0.201904181610/tools/bin/../lib/gcc/arm-none-eabi/7.3.1/thumb/v7e-m/fpv4-sp/hard\libgcc.a
LOAD c:/st/stm32cubeide_1.3.0/stm32cubeide/plugins/com.st.stm32cube.ide.mcu.externaltools.gnu-tools-for-stm32.7-2018-q2-update.win32_1.0.0.201904181610/tools/bin/../lib/gcc/arm-none-eabi/7.3.1/../../../../arm-none-eabi/lib/thumb/v7e-m/fpv4-sp/hard\libc_nano.a
LOAD c:/st/stm32cubeide_1.3.0/stm32cubeide/plugins/com.st.stm32cube.ide.mcu.externaltools.gnu-tools-for-stm32.7-2018-q2-update.win32_1.0.0.201904181610/tools/bin/../lib/gcc/arm-none-eabi/7.3.1/../../../../arm-none-eabi/lib/thumb/v7e-m/fpv4-sp/hard\libnosys.a
END GROUP
START GROUP
LOAD c:/st/stm32cubeide_1.3.0/stm32cubeide/plugins/com.st.stm32cube.ide.mcu.externaltools.gnu-tools-for-stm32.7-2018-q2-update.win32_1.0.0.201904181610/tools/bin/../lib/gcc/arm-none-eabi/7.3.1/thumb/v7e-m/fpv4-sp/hard\libgcc.a
LOAD c:/st/stm32cubeide_1.3.0/stm32cubeide/plugins/com.st.stm32cube.ide.mcu.externaltools.gnu-tools-for-stm32.7-2018-q2-update.win32_1.0.0.201904181610/tools/bin/../lib/gcc/arm-none-eabi/7.3.1/../../../../arm-none-eabi/lib/thumb/v7e-m/fpv4-sp/hard\libc_nano.a
LOAD c:/st/stm32cubeide_1.3.0/stm32cubeide/plugins/com.st.stm32cube.ide.mcu.externaltools.gnu-tools-for-stm32.7-2018-q2-update.win32_1.0.0.201904181610/tools/bin/../lib/gcc/arm-none-eabi/7.3.1/../../../../arm-none-eabi/lib/thumb/v7e-m/fpv4-sp/hard\libnosys.a
END GROUP
LOAD c:/st/stm32cubeide_1.3.0/stm32cubeide/plugins/com.st.stm32cube.ide.mcu.externaltools.gnu-tools-for-stm32.7-2018-q2-update.win32_1.0.0.201904181610/tools/bin/../lib/gcc/arm-none-eabi/7.3.1/thumb/v7e-m/fpv4-sp/hard/crtend.o
LOAD c:/st/stm32cubeide_1.3.0/stm32cubeide/plugins/com.st.stm32cube.ide.mcu.externaltools.gnu-tools-for-stm32.7-2018-q2-update.win32_1.0.0.201904181610/tools/bin/../lib/gcc/arm-none-eabi/7.3.1/thumb/v7e-m/fpv4-sp/hard/crtn.o
                0x0000000020020000                _estack = (ORIGIN (RAM) + LENGTH (RAM))
                0x0000000000000200                _Min_Heap_Size = 0x200
                0x0000000000000400                _Min_Stack_Size = 0x400

.isr_vector     0x0000000008000000      0x188
                0x0000000008000000                . = ALIGN (0x4)
 *(.isr_vector)
 .isr_vector    0x0000000008000000      0x188 Core/Startup/startup_stm32f407vgtx.o
                0x0000000008000000                g_pfnVectors
                0x0000000008000188                . = ALIGN (0x4)

.text           0x0000000008000190     0x81c8
                0x0000000008000190                . = ALIGN (0x4)
 *(.text)
 .text          0x0000000008000190       0x40 c:/st/stm32cubeide_1.3.0/stm32cubeide/plugins/com.st.stm32cube.ide.mcu.externaltools.gnu-tools-for-stm32.7-2018-q2-update.win32_1.0.0.201904181610/tools/bin/../lib/gcc/arm-none-eabi/7.3.1/thumb/v7e-m/fpv4-sp/hard/crtbegin.o
 .text          0x00000000080001d0       0xa0 c:/st/stm32cubeide_1.3.0/stm32cubeide/plugins/com.st.stm32cube.ide.mcu.externaltools.gnu-tools-for-stm32.7-2018-q2-update.win32_1.0.0.201904181610/tools/bin/../lib/gcc/arm-none-eabi/7.3.1/../../../../arm-none-eabi/lib/thumb/v7e-m/fpv4-sp/hard\libc_nano.a(lib_a-memchr.o)
                0x00000000080001d0                memchr
 .text          0x0000000008000270       0x30 c:/st/stm32cubeide_1.3.0/stm32cubeide/plugins/com.st.stm32cube.ide.mcu.externaltools.gnu-tools-for-stm32.7-2018-q2-update.win32_1.0.0.201904181610/tools/bin/../lib/gcc/arm-none-eabi/7.3.1/thumb/v7e-m/fpv4-sp/hard\libgcc.a(_aeabi_uldivmod.o)
                0x0000000008000270                __aeabi_uldivmod
 .text          0x00000000080002a0      0x2cc c:/st/stm32cubeide_1.3.0/stm32cubeide/plugins/com.st.stm32cube.ide.mcu.externaltools.gnu-tools-for-stm32.7-2018-q2-update.win32_1.0.0.201904181610/tools/bin/../lib/gcc/arm-none-eabi/7.3.1/thumb/v7e-m/fpv4-sp/hard\libgcc.a(_udivmoddi4.o)
                0x00000000080002a0                __udivmoddi4
 .text          0x000000000800056c        0x4 c:/st/stm32cubeide_1.3.0/stm32cubeide/plugins/com.st.stm32cube.ide.mcu.externaltools.gnu-tools-for-stm32.7-2018-q2-update.win32_1.0.0.201904181610/tools/bin/../lib/gcc/arm-none-eabi/7.3.1/thumb/v7e-m/fpv4-sp/hard\libgcc.a(_dvmd_tls.o)
                0x000000000800056c                __aeabi_idiv0
                0x000000000800056c                __aeabi_ldiv0
 *(.text*)
 .text.BuzzerInit
                0x0000000008000570       0x28 Core/Src/buzzer_api.o
                0x0000000008000570                BuzzerInit
 .text.DCMotorInit
                0x0000000008000598       0x28 Core/Src/dc_motor_api.o
                0x0000000008000598                DCMotorInit
 .text.DCMotorVoltageSet
                0x00000000080005c0      0x12c Core/Src/dc_motor_api.o
                0x00000000080005c0                DCMotorVoltageSet
 .text.DCMotorStop
                0x00000000080006ec       0x34 Core/Src/dc_motor_api.o
                0x00000000080006ec                DCMotorStop
 .text.EncoderInit
                0x0000000008000720       0x34 Core/Src/encoder_api.o
                0x0000000008000720                EncoderInit
 .text.UpdateEncoderParams
                0x0000000008000754       0xe4 Core/Src/encoder_api.o
                0x0000000008000754                UpdateEncoderParams
 .text.vApplicationGetIdleTaskMemory
                0x0000000008000838       0x34 Core/Src/freertos.o
                0x0000000008000838                vApplicationGetIdleTaskMemory
 .text.LCDSendCmd
                0x000000000800086c       0x6a Core/Src/lcd_display_api.o
                0x000000000800086c                LCDSendCmd
 .text.LCDSendData
                0x00000000080008d6       0x6a Core/Src/lcd_display_api.o
                0x00000000080008d6                LCDSendData
 .text.LCDClear
                0x0000000008000940       0x32 Core/Src/lcd_display_api.o
                0x0000000008000940                LCDClear
 *fill*         0x0000000008000972        0x2 
 .text.LCDSetCursorPos
                0x0000000008000974       0x54 Core/Src/lcd_display_api.o
                0x0000000008000974                LCDSetCursorPos
 .text.LCDInit  0x00000000080009c8       0xb4 Core/Src/lcd_display_api.o
                0x00000000080009c8                LCDInit
 .text.LCDSendString
                0x0000000008000a7c       0x2c Core/Src/lcd_display_api.o
                0x0000000008000a7c                LCDSendString
 .text.main     0x0000000008000aa8      0x234 Core/Src/main.o
                0x0000000008000aa8                main
 .text.SystemClock_Config
                0x0000000008000cdc       0xd4 Core/Src/main.o
                0x0000000008000cdc                SystemClock_Config
 .text.MX_ADC1_Init
                0x0000000008000db0       0xf8 Core/Src/main.o
 .text.MX_I2C1_Init
                0x0000000008000ea8       0x5c Core/Src/main.o
 .text.MX_SPI1_Init
                0x0000000008000f04       0x6c Core/Src/main.o
 .text.MX_TIM3_Init
                0x0000000008000f70       0xb4 Core/Src/main.o
 .text.MX_TIM4_Init
                0x0000000008001024       0xb4 Core/Src/main.o
 .text.MX_TIM5_Init
                0x00000000080010d8       0xb4 Core/Src/main.o
 .text.MX_TIM10_Init
                0x000000000800118c       0x98 Core/Src/main.o
 .text.MX_UART5_Init
                0x0000000008001224       0x54 Core/Src/main.o
 .text.MX_DMA_Init
                0x0000000008001278       0x40 Core/Src/main.o
 .text.MX_GPIO_Init
                0x00000000080012b8      0x168 Core/Src/main.o
 .text.initTaskFn
                0x0000000008001420       0x48 Core/Src/main.o
                0x0000000008001420                initTaskFn
 .text.mainRoutineFn
                0x0000000008001468      0x238 Core/Src/main.o
                0x0000000008001468                mainRoutineFn
 .text.displayUIFn
                0x00000000080016a0       0xf8 Core/Src/main.o
                0x00000000080016a0                displayUIFn
 .text.motorEncoderFn
                0x0000000008001798       0x2c Core/Src/main.o
                0x0000000008001798                motorEncoderFn
 .text.armEncoderFn
                0x00000000080017c4       0x2c Core/Src/main.o
                0x00000000080017c4                armEncoderFn
 .text.diagnosticsSrvFn
                0x00000000080017f0       0x34 Core/Src/main.o
                0x00000000080017f0                diagnosticsSrvFn
 .text.userInputFn
                0x0000000008001824       0x58 Core/Src/main.o
                0x0000000008001824                userInputFn
 .text.alarmMonitorFn
                0x000000000800187c       0x1e Core/Src/main.o
                0x000000000800187c                alarmMonitorFn
 *fill*         0x000000000800189a        0x2 
 .text.pressureSnsrFn
                0x000000000800189c       0x18 Core/Src/main.o
                0x000000000800189c                pressureSnsrFn
 .text.HAL_TIM_PeriodElapsedCallback
                0x00000000080018b4       0x24 Core/Src/main.o
                0x00000000080018b4                HAL_TIM_PeriodElapsedCallback
 .text.Error_Handler
                0x00000000080018d8        0xe Core/Src/main.o
                0x00000000080018d8                Error_Handler
 .text.PotControlsInit
                0x00000000080018e6       0x32 Core/Src/potentiometer_api.o
                0x00000000080018e6                PotControlsInit
 .text.PotControlsValueUpdate
                0x0000000008001918       0x6a Core/Src/potentiometer_api.o
                0x0000000008001918                PotControlsValueUpdate
 *fill*         0x0000000008001982        0x2 
 .text.HAL_MspInit
                0x0000000008001984       0x58 Core/Src/stm32f4xx_hal_msp.o
                0x0000000008001984                HAL_MspInit
 .text.HAL_ADC_MspInit
                0x00000000080019dc      0x128 Core/Src/stm32f4xx_hal_msp.o
                0x00000000080019dc                HAL_ADC_MspInit
 .text.HAL_I2C_MspInit
                0x0000000008001b04       0x90 Core/Src/stm32f4xx_hal_msp.o
                0x0000000008001b04                HAL_I2C_MspInit
 .text.HAL_SPI_MspInit
                0x0000000008001b94       0xd0 Core/Src/stm32f4xx_hal_msp.o
                0x0000000008001b94                HAL_SPI_MspInit
 .text.HAL_TIM_Encoder_MspInit
                0x0000000008001c64       0xfc Core/Src/stm32f4xx_hal_msp.o
                0x0000000008001c64                HAL_TIM_Encoder_MspInit
 .text.HAL_TIM_PWM_MspInit
                0x0000000008001d60       0x44 Core/Src/stm32f4xx_hal_msp.o
                0x0000000008001d60                HAL_TIM_PWM_MspInit
 .text.HAL_TIM_Base_MspInit
                0x0000000008001da4       0x50 Core/Src/stm32f4xx_hal_msp.o
                0x0000000008001da4                HAL_TIM_Base_MspInit
 .text.HAL_TIM_MspPostInit
                0x0000000008001df4       0xc4 Core/Src/stm32f4xx_hal_msp.o
                0x0000000008001df4                HAL_TIM_MspPostInit
 .text.HAL_UART_MspInit
                0x0000000008001eb8       0xd0 Core/Src/stm32f4xx_hal_msp.o
                0x0000000008001eb8                HAL_UART_MspInit
 .text.HAL_InitTick
                0x0000000008001f88       0xb4 Core/Src/stm32f4xx_hal_timebase_tim.o
                0x0000000008001f88                HAL_InitTick
 .text.NMI_Handler
                0x000000000800203c        0xe Core/Src/stm32f4xx_it.o
                0x000000000800203c                NMI_Handler
 .text.HardFault_Handler
                0x000000000800204a        0x6 Core/Src/stm32f4xx_it.o
                0x000000000800204a                HardFault_Handler
 .text.MemManage_Handler
                0x0000000008002050        0x6 Core/Src/stm32f4xx_it.o
                0x0000000008002050                MemManage_Handler
 .text.BusFault_Handler
                0x0000000008002056        0x6 Core/Src/stm32f4xx_it.o
                0x0000000008002056                BusFault_Handler
 .text.UsageFault_Handler
                0x000000000800205c        0x6 Core/Src/stm32f4xx_it.o
                0x000000000800205c                UsageFault_Handler
 .text.DebugMon_Handler
                0x0000000008002062        0xe Core/Src/stm32f4xx_it.o
                0x0000000008002062                DebugMon_Handler
 .text.TIM1_UP_TIM10_IRQHandler
                0x0000000008002070       0x1c Core/Src/stm32f4xx_it.o
                0x0000000008002070                TIM1_UP_TIM10_IRQHandler
 .text.DMA2_Stream0_IRQHandler
                0x000000000800208c       0x14 Core/Src/stm32f4xx_it.o
                0x000000000800208c                DMA2_Stream0_IRQHandler
 .text._sbrk    0x00000000080020a0       0x58 Core/Src/sysmem.o
                0x00000000080020a0                _sbrk
 .text.SystemInit
                0x00000000080020f8       0x2c Core/Src/system_stm32f4xx.o
                0x00000000080020f8                SystemInit
 .text.VentilatorInit
                0x0000000008002124       0x88 Core/Src/ventilator_api.o
                0x0000000008002124                VentilatorInit
 .text.UpdateVentilatorParams
                0x00000000080021ac      0x1a4 Core/Src/ventilator_api.o
                0x00000000080021ac                UpdateVentilatorParams
 .text.Reset_Handler
                0x0000000008002350       0x50 Core/Startup/startup_stm32f407vgtx.o
                0x0000000008002350                Reset_Handler
 .text.Default_Handler
                0x00000000080023a0        0x2 Core/Startup/startup_stm32f407vgtx.o
                0x00000000080023a0                RTC_Alarm_IRQHandler
                0x00000000080023a0                HASH_RNG_IRQHandler
                0x00000000080023a0                EXTI2_IRQHandler
                0x00000000080023a0                TIM8_CC_IRQHandler
                0x00000000080023a0                TIM1_CC_IRQHandler
                0x00000000080023a0                DMA2_Stream5_IRQHandler
                0x00000000080023a0                DMA1_Stream5_IRQHandler
                0x00000000080023a0                PVD_IRQHandler
                0x00000000080023a0                SDIO_IRQHandler
                0x00000000080023a0                TAMP_STAMP_IRQHandler
                0x00000000080023a0                CAN2_RX1_IRQHandler
                0x00000000080023a0                EXTI3_IRQHandler
                0x00000000080023a0                TIM8_TRG_COM_TIM14_IRQHandler
                0x00000000080023a0                TIM8_UP_TIM13_IRQHandler
                0x00000000080023a0                I2C3_ER_IRQHandler
                0x00000000080023a0                EXTI0_IRQHandler
                0x00000000080023a0                I2C2_EV_IRQHandler
                0x00000000080023a0                DMA1_Stream2_IRQHandler
                0x00000000080023a0                CAN1_RX0_IRQHandler
                0x00000000080023a0                FPU_IRQHandler
                0x00000000080023a0                OTG_HS_WKUP_IRQHandler
                0x00000000080023a0                CAN2_SCE_IRQHandler
                0x00000000080023a0                DMA2_Stream2_IRQHandler
                0x00000000080023a0                SPI1_IRQHandler
                0x00000000080023a0                TIM6_DAC_IRQHandler
                0x00000000080023a0                TIM1_BRK_TIM9_IRQHandler
                0x00000000080023a0                DCMI_IRQHandler
                0x00000000080023a0                CAN2_RX0_IRQHandler
                0x00000000080023a0                DMA2_Stream3_IRQHandler
                0x00000000080023a0                USART6_IRQHandler
                0x00000000080023a0                USART3_IRQHandler
                0x00000000080023a0                CAN1_RX1_IRQHandler
                0x00000000080023a0                UART5_IRQHandler
                0x00000000080023a0                TIM4_IRQHandler
                0x00000000080023a0                I2C1_EV_IRQHandler
                0x00000000080023a0                DMA1_Stream6_IRQHandler
                0x00000000080023a0                DMA1_Stream1_IRQHandler
                0x00000000080023a0                UART4_IRQHandler
                0x00000000080023a0                TIM3_IRQHandler
                0x00000000080023a0                RCC_IRQHandler
                0x00000000080023a0                TIM8_BRK_TIM12_IRQHandler
                0x00000000080023a0                Default_Handler
                0x00000000080023a0                EXTI15_10_IRQHandler
                0x00000000080023a0                ADC_IRQHandler
                0x00000000080023a0                DMA1_Stream7_IRQHandler
                0x00000000080023a0                TIM7_IRQHandler
                0x00000000080023a0                CAN2_TX_IRQHandler
                0x00000000080023a0                TIM5_IRQHandler
                0x00000000080023a0                DMA2_Stream7_IRQHandler
                0x00000000080023a0                I2C3_EV_IRQHandler
                0x00000000080023a0                EXTI9_5_IRQHandler
                0x00000000080023a0                RTC_WKUP_IRQHandler
                0x00000000080023a0                ETH_WKUP_IRQHandler
                0x00000000080023a0                SPI2_IRQHandler
                0x00000000080023a0                OTG_HS_EP1_IN_IRQHandler
                0x00000000080023a0                DMA1_Stream0_IRQHandler
                0x00000000080023a0                CAN1_TX_IRQHandler
                0x00000000080023a0                EXTI4_IRQHandler
                0x00000000080023a0                FSMC_IRQHandler
                0x00000000080023a0                ETH_IRQHandler
                0x00000000080023a0                OTG_HS_EP1_OUT_IRQHandler
                0x00000000080023a0                WWDG_IRQHandler
                0x00000000080023a0                TIM2_IRQHandler
                0x00000000080023a0                OTG_FS_WKUP_IRQHandler
                0x00000000080023a0                TIM1_TRG_COM_TIM11_IRQHandler
                0x00000000080023a0                OTG_HS_IRQHandler
                0x00000000080023a0                EXTI1_IRQHandler
                0x00000000080023a0                USART2_IRQHandler
                0x00000000080023a0                I2C2_ER_IRQHandler
                0x00000000080023a0                DMA2_Stream1_IRQHandler
                0x00000000080023a0                CAN1_SCE_IRQHandler
                0x00000000080023a0                FLASH_IRQHandler
                0x00000000080023a0                DMA2_Stream4_IRQHandler
                0x00000000080023a0                USART1_IRQHandler
                0x00000000080023a0                OTG_FS_IRQHandler
                0x00000000080023a0                SPI3_IRQHandler
                0x00000000080023a0                DMA1_Stream4_IRQHandler
                0x00000000080023a0                I2C1_ER_IRQHandler
                0x00000000080023a0                DMA2_Stream6_IRQHandler
                0x00000000080023a0                DMA1_Stream3_IRQHandler
 *fill*         0x00000000080023a2        0x2 
 .text.HAL_Init
                0x00000000080023a4       0x44 Drivers/STM32F4xx_HAL_Driver/Src/stm32f4xx_hal.o
                0x00000000080023a4                HAL_Init
 .text.HAL_IncTick
                0x00000000080023e8       0x28 Drivers/STM32F4xx_HAL_Driver/Src/stm32f4xx_hal.o
                0x00000000080023e8                HAL_IncTick
 .text.HAL_GetTick
                0x0000000008002410       0x18 Drivers/STM32F4xx_HAL_Driver/Src/stm32f4xx_hal.o
                0x0000000008002410                HAL_GetTick
 .text.HAL_Delay
                0x0000000008002428       0x44 Drivers/STM32F4xx_HAL_Driver/Src/stm32f4xx_hal.o
                0x0000000008002428                HAL_Delay
 .text.HAL_ADC_Init
                0x000000000800246c       0x86 Drivers/STM32F4xx_HAL_Driver/Src/stm32f4xx_hal_adc.o
                0x000000000800246c                HAL_ADC_Init
 *fill*         0x00000000080024f2        0x2 
 .text.HAL_ADC_Start_DMA
                0x00000000080024f4      0x1e4 Drivers/STM32F4xx_HAL_Driver/Src/stm32f4xx_hal_adc.o
                0x00000000080024f4                HAL_ADC_Start_DMA
 .text.HAL_ADC_ConvCpltCallback
                0x00000000080026d8       0x14 Drivers/STM32F4xx_HAL_Driver/Src/stm32f4xx_hal_adc.o
                0x00000000080026d8                HAL_ADC_ConvCpltCallback
 .text.HAL_ADC_ConvHalfCpltCallback
                0x00000000080026ec       0x14 Drivers/STM32F4xx_HAL_Driver/Src/stm32f4xx_hal_adc.o
                0x00000000080026ec                HAL_ADC_ConvHalfCpltCallback
 .text.HAL_ADC_ErrorCallback
                0x0000000008002700       0x14 Drivers/STM32F4xx_HAL_Driver/Src/stm32f4xx_hal_adc.o
                0x0000000008002700                HAL_ADC_ErrorCallback
 .text.HAL_ADC_ConfigChannel
                0x0000000008002714      0x244 Drivers/STM32F4xx_HAL_Driver/Src/stm32f4xx_hal_adc.o
                0x0000000008002714                HAL_ADC_ConfigChannel
 .text.ADC_Init
                0x0000000008002958      0x1f8 Drivers/STM32F4xx_HAL_Driver/Src/stm32f4xx_hal_adc.o
 .text.ADC_DMAConvCplt
                0x0000000008002b50       0xba Drivers/STM32F4xx_HAL_Driver/Src/stm32f4xx_hal_adc.o
 .text.ADC_DMAHalfConvCplt
                0x0000000008002c0a       0x1c Drivers/STM32F4xx_HAL_Driver/Src/stm32f4xx_hal_adc.o
 .text.ADC_DMAError
                0x0000000008002c26       0x2e Drivers/STM32F4xx_HAL_Driver/Src/stm32f4xx_hal_adc.o
 .text.__NVIC_SetPriorityGrouping
                0x0000000008002c54       0x48 Drivers/STM32F4xx_HAL_Driver/Src/stm32f4xx_hal_cortex.o
 .text.__NVIC_GetPriorityGrouping
                0x0000000008002c9c       0x1c Drivers/STM32F4xx_HAL_Driver/Src/stm32f4xx_hal_cortex.o
 .text.__NVIC_EnableIRQ
                0x0000000008002cb8       0x3c Drivers/STM32F4xx_HAL_Driver/Src/stm32f4xx_hal_cortex.o
 .text.__NVIC_SetPriority
                0x0000000008002cf4       0x54 Drivers/STM32F4xx_HAL_Driver/Src/stm32f4xx_hal_cortex.o
 .text.NVIC_EncodePriority
                0x0000000008002d48       0x66 Drivers/STM32F4xx_HAL_Driver/Src/stm32f4xx_hal_cortex.o
 .text.HAL_NVIC_SetPriorityGrouping
                0x0000000008002dae       0x16 Drivers/STM32F4xx_HAL_Driver/Src/stm32f4xx_hal_cortex.o
                0x0000000008002dae                HAL_NVIC_SetPriorityGrouping
 .text.HAL_NVIC_SetPriority
                0x0000000008002dc4       0x38 Drivers/STM32F4xx_HAL_Driver/Src/stm32f4xx_hal_cortex.o
                0x0000000008002dc4                HAL_NVIC_SetPriority
 .text.HAL_NVIC_EnableIRQ
                0x0000000008002dfc       0x1c Drivers/STM32F4xx_HAL_Driver/Src/stm32f4xx_hal_cortex.o
                0x0000000008002dfc                HAL_NVIC_EnableIRQ
 .text.HAL_DMA_Init
                0x0000000008002e18      0x15c Drivers/STM32F4xx_HAL_Driver/Src/stm32f4xx_hal_dma.o
                0x0000000008002e18                HAL_DMA_Init
 .text.HAL_DMA_Start_IT
                0x0000000008002f74       0xb0 Drivers/STM32F4xx_HAL_Driver/Src/stm32f4xx_hal_dma.o
                0x0000000008002f74                HAL_DMA_Start_IT
 .text.HAL_DMA_IRQHandler
                0x0000000008003024      0x314 Drivers/STM32F4xx_HAL_Driver/Src/stm32f4xx_hal_dma.o
                0x0000000008003024                HAL_DMA_IRQHandler
 .text.DMA_SetConfig
                0x0000000008003338       0x5c Drivers/STM32F4xx_HAL_Driver/Src/stm32f4xx_hal_dma.o
 .text.DMA_CalcBaseAndBitshift
                0x0000000008003394       0x6c Drivers/STM32F4xx_HAL_Driver/Src/stm32f4xx_hal_dma.o
 .text.DMA_CheckFifoParam
                0x0000000008003400       0xf4 Drivers/STM32F4xx_HAL_Driver/Src/stm32f4xx_hal_dma.o
 .text.HAL_GPIO_Init
                0x00000000080034f4      0x334 Drivers/STM32F4xx_HAL_Driver/Src/stm32f4xx_hal_gpio.o
                0x00000000080034f4                HAL_GPIO_Init
 .text.HAL_GPIO_WritePin
                0x0000000008003828       0x32 Drivers/STM32F4xx_HAL_Driver/Src/stm32f4xx_hal_gpio.o
                0x0000000008003828                HAL_GPIO_WritePin
 *fill*         0x000000000800385a        0x2 
 .text.HAL_I2C_Init
                0x000000000800385c      0x270 Drivers/STM32F4xx_HAL_Driver/Src/stm32f4xx_hal_i2c.o
                0x000000000800385c                HAL_I2C_Init
 .text.HAL_I2C_Master_Transmit
                0x0000000008003acc      0x1fc Drivers/STM32F4xx_HAL_Driver/Src/stm32f4xx_hal_i2c.o
                0x0000000008003acc                HAL_I2C_Master_Transmit
 .text.I2C_MasterRequestWrite
                0x0000000008003cc8      0x104 Drivers/STM32F4xx_HAL_Driver/Src/stm32f4xx_hal_i2c.o
 .text.I2C_WaitOnFlagUntilTimeout
                0x0000000008003dcc       0xae Drivers/STM32F4xx_HAL_Driver/Src/stm32f4xx_hal_i2c.o
 .text.I2C_WaitOnMasterAddressFlagUntilTimeout
                0x0000000008003e7a       0xfe Drivers/STM32F4xx_HAL_Driver/Src/stm32f4xx_hal_i2c.o
 .text.I2C_WaitOnTXEFlagUntilTimeout
                0x0000000008003f78       0x82 Drivers/STM32F4xx_HAL_Driver/Src/stm32f4xx_hal_i2c.o
 .text.I2C_WaitOnBTFFlagUntilTimeout
                0x0000000008003ffa       0x82 Drivers/STM32F4xx_HAL_Driver/Src/stm32f4xx_hal_i2c.o
 .text.I2C_IsAcknowledgeFailed
                0x000000000800407c       0x5e Drivers/STM32F4xx_HAL_Driver/Src/stm32f4xx_hal_i2c.o
 *fill*         0x00000000080040da        0x2 
 .text.HAL_RCC_OscConfig
                0x00000000080040dc      0x4e0 Drivers/STM32F4xx_HAL_Driver/Src/stm32f4xx_hal_rcc.o
                0x00000000080040dc                HAL_RCC_OscConfig
 .text.HAL_RCC_ClockConfig
                0x00000000080045bc      0x1cc Drivers/STM32F4xx_HAL_Driver/Src/stm32f4xx_hal_rcc.o
                0x00000000080045bc                HAL_RCC_ClockConfig
 .text.HAL_RCC_GetSysClockFreq
                0x0000000008004788      0x1b0 Drivers/STM32F4xx_HAL_Driver/Src/stm32f4xx_hal_rcc.o
                0x0000000008004788                HAL_RCC_GetSysClockFreq
 .text.HAL_RCC_GetHCLKFreq
                0x0000000008004938       0x18 Drivers/STM32F4xx_HAL_Driver/Src/stm32f4xx_hal_rcc.o
                0x0000000008004938                HAL_RCC_GetHCLKFreq
 .text.HAL_RCC_GetPCLK1Freq
                0x0000000008004950       0x28 Drivers/STM32F4xx_HAL_Driver/Src/stm32f4xx_hal_rcc.o
                0x0000000008004950                HAL_RCC_GetPCLK1Freq
 .text.HAL_RCC_GetPCLK2Freq
                0x0000000008004978       0x28 Drivers/STM32F4xx_HAL_Driver/Src/stm32f4xx_hal_rcc.o
                0x0000000008004978                HAL_RCC_GetPCLK2Freq
 .text.HAL_RCC_GetClockConfig
                0x00000000080049a0       0x64 Drivers/STM32F4xx_HAL_Driver/Src/stm32f4xx_hal_rcc.o
                0x00000000080049a0                HAL_RCC_GetClockConfig
 .text.HAL_SPI_Init
                0x0000000008004a04       0xc8 Drivers/STM32F4xx_HAL_Driver/Src/stm32f4xx_hal_spi.o
                0x0000000008004a04                HAL_SPI_Init
 .text.HAL_TIM_Base_Init
                0x0000000008004acc       0x56 Drivers/STM32F4xx_HAL_Driver/Src/stm32f4xx_hal_tim.o
                0x0000000008004acc                HAL_TIM_Base_Init
 .text.HAL_TIM_Base_Start_IT
                0x0000000008004b22       0x48 Drivers/STM32F4xx_HAL_Driver/Src/stm32f4xx_hal_tim.o
                0x0000000008004b22                HAL_TIM_Base_Start_IT
 .text.HAL_TIM_PWM_Init
                0x0000000008004b6a       0x56 Drivers/STM32F4xx_HAL_Driver/Src/stm32f4xx_hal_tim.o
                0x0000000008004b6a                HAL_TIM_PWM_Init
 .text.HAL_TIM_PWM_Start
                0x0000000008004bc0       0x7c Drivers/STM32F4xx_HAL_Driver/Src/stm32f4xx_hal_tim.o
                0x0000000008004bc0                HAL_TIM_PWM_Start
 .text.HAL_TIM_PWM_Stop
                0x0000000008004c3c       0xb0 Drivers/STM32F4xx_HAL_Driver/Src/stm32f4xx_hal_tim.o
                0x0000000008004c3c                HAL_TIM_PWM_Stop
 .text.HAL_TIM_Encoder_Init
                0x0000000008004cec      0x124 Drivers/STM32F4xx_HAL_Driver/Src/stm32f4xx_hal_tim.o
                0x0000000008004cec                HAL_TIM_Encoder_Init
 .text.HAL_TIM_Encoder_Start_IT
                0x0000000008004e10       0xae Drivers/STM32F4xx_HAL_Driver/Src/stm32f4xx_hal_tim.o
                0x0000000008004e10                HAL_TIM_Encoder_Start_IT
 .text.HAL_TIM_IRQHandler
                0x0000000008004ebe      0x210 Drivers/STM32F4xx_HAL_Driver/Src/stm32f4xx_hal_tim.o
                0x0000000008004ebe                HAL_TIM_IRQHandler
 *fill*         0x00000000080050ce        0x2 
 .text.HAL_TIM_PWM_ConfigChannel
                0x00000000080050d0      0x18c Drivers/STM32F4xx_HAL_Driver/Src/stm32f4xx_hal_tim.o
                0x00000000080050d0                HAL_TIM_PWM_ConfigChannel
 .text.HAL_TIM_OC_DelayElapsedCallback
                0x000000000800525c       0x14 Drivers/STM32F4xx_HAL_Driver/Src/stm32f4xx_hal_tim.o
                0x000000000800525c                HAL_TIM_OC_DelayElapsedCallback
 .text.HAL_TIM_IC_CaptureCallback
                0x0000000008005270       0x14 Drivers/STM32F4xx_HAL_Driver/Src/stm32f4xx_hal_tim.o
                0x0000000008005270                HAL_TIM_IC_CaptureCallback
 .text.HAL_TIM_PWM_PulseFinishedCallback
                0x0000000008005284       0x14 Drivers/STM32F4xx_HAL_Driver/Src/stm32f4xx_hal_tim.o
                0x0000000008005284                HAL_TIM_PWM_PulseFinishedCallback
 .text.HAL_TIM_TriggerCallback
                0x0000000008005298       0x14 Drivers/STM32F4xx_HAL_Driver/Src/stm32f4xx_hal_tim.o
                0x0000000008005298                HAL_TIM_TriggerCallback
 .text.TIM_Base_SetConfig
                0x00000000080052ac      0x140 Drivers/STM32F4xx_HAL_Driver/Src/stm32f4xx_hal_tim.o
                0x00000000080052ac                TIM_Base_SetConfig
 .text.TIM_OC1_SetConfig
                0x00000000080053ec       0xe0 Drivers/STM32F4xx_HAL_Driver/Src/stm32f4xx_hal_tim.o
 .text.TIM_OC2_SetConfig
                0x00000000080054cc       0xec Drivers/STM32F4xx_HAL_Driver/Src/stm32f4xx_hal_tim.o
                0x00000000080054cc                TIM_OC2_SetConfig
 .text.TIM_OC3_SetConfig
                0x00000000080055b8       0xe8 Drivers/STM32F4xx_HAL_Driver/Src/stm32f4xx_hal_tim.o
 .text.TIM_OC4_SetConfig
                0x00000000080056a0       0xac Drivers/STM32F4xx_HAL_Driver/Src/stm32f4xx_hal_tim.o
 .text.TIM_CCxChannelCmd
                0x000000000800574c       0x4a Drivers/STM32F4xx_HAL_Driver/Src/stm32f4xx_hal_tim.o
                0x000000000800574c                TIM_CCxChannelCmd
 *fill*         0x0000000008005796        0x2 
 .text.HAL_TIMEx_MasterConfigSynchronization
                0x0000000008005798       0xf8 Drivers/STM32F4xx_HAL_Driver/Src/stm32f4xx_hal_tim_ex.o
                0x0000000008005798                HAL_TIMEx_MasterConfigSynchronization
 .text.HAL_TIMEx_CommutCallback
                0x0000000008005890       0x14 Drivers/STM32F4xx_HAL_Driver/Src/stm32f4xx_hal_tim_ex.o
                0x0000000008005890                HAL_TIMEx_CommutCallback
 .text.HAL_TIMEx_BreakCallback
                0x00000000080058a4       0x14 Drivers/STM32F4xx_HAL_Driver/Src/stm32f4xx_hal_tim_ex.o
                0x00000000080058a4                HAL_TIMEx_BreakCallback
 .text.HAL_UART_Init
                0x00000000080058b8       0x9a Drivers/STM32F4xx_HAL_Driver/Src/stm32f4xx_hal_uart.o
                0x00000000080058b8                HAL_UART_Init
 *fill*         0x0000000008005952        0x2 
 .text.UART_SetConfig
                0x0000000008005954      0x6f8 Drivers/STM32F4xx_HAL_Driver/Src/stm32f4xx_hal_uart.o
 .text.makeFreeRtosPriority
                0x000000000800604c       0x30 Middlewares/Third_Party/FreeRTOS/Source/CMSIS_RTOS/cmsis_os.o
 .text.inHandlerMode
                0x000000000800607c       0x24 Middlewares/Third_Party/FreeRTOS/Source/CMSIS_RTOS/cmsis_os.o
 .text.osKernelStart
                0x00000000080060a0        0xe Middlewares/Third_Party/FreeRTOS/Source/CMSIS_RTOS/cmsis_os.o
                0x00000000080060a0                osKernelStart
 .text.osKernelSysTick
                0x00000000080060ae       0x20 Middlewares/Third_Party/FreeRTOS/Source/CMSIS_RTOS/cmsis_os.o
                0x00000000080060ae                osKernelSysTick
 .text.osThreadCreate
                0x00000000080060ce       0x98 Middlewares/Third_Party/FreeRTOS/Source/CMSIS_RTOS/cmsis_os.o
                0x00000000080060ce                osThreadCreate
 .text.osThreadTerminate
                0x0000000008006166       0x18 Middlewares/Third_Party/FreeRTOS/Source/CMSIS_RTOS/cmsis_os.o
                0x0000000008006166                osThreadTerminate
 .text.osThreadSuspend
                0x000000000800617e       0x18 Middlewares/Third_Party/FreeRTOS/Source/CMSIS_RTOS/cmsis_os.o
                0x000000000800617e                osThreadSuspend
 *fill*         0x0000000008006196        0x2 
 .text.osThreadResume
                0x0000000008006198       0x44 Middlewares/Third_Party/FreeRTOS/Source/CMSIS_RTOS/cmsis_os.o
                0x0000000008006198                osThreadResume
 .text.osDelayUntil
                0x00000000080061dc       0x2c Middlewares/Third_Party/FreeRTOS/Source/CMSIS_RTOS/cmsis_os.o
                0x00000000080061dc                osDelayUntil
 .text.vListInitialise
                0x0000000008006208       0x40 Middlewares/Third_Party/FreeRTOS/Source/list.o
                0x0000000008006208                vListInitialise
 .text.vListInitialiseItem
                0x0000000008006248       0x1a Middlewares/Third_Party/FreeRTOS/Source/list.o
                0x0000000008006248                vListInitialiseItem
 .text.vListInsertEnd
                0x0000000008006262       0x48 Middlewares/Third_Party/FreeRTOS/Source/list.o
                0x0000000008006262                vListInsertEnd
 .text.vListInsert
                0x00000000080062aa       0x72 Middlewares/Third_Party/FreeRTOS/Source/list.o
                0x00000000080062aa                vListInsert
 .text.uxListRemove
                0x000000000800631c       0x54 Middlewares/Third_Party/FreeRTOS/Source/list.o
                0x000000000800631c                uxListRemove
 .text.xTaskCreateStatic
                0x0000000008006370       0xb4 Middlewares/Third_Party/FreeRTOS/Source/tasks.o
                0x0000000008006370                xTaskCreateStatic
 .text.xTaskCreate
                0x0000000008006424       0x8a Middlewares/Third_Party/FreeRTOS/Source/tasks.o
                0x0000000008006424                xTaskCreate
 .text.prvInitialiseNewTask
                0x00000000080064ae      0x10c Middlewares/Third_Party/FreeRTOS/Source/tasks.o
 *fill*         0x00000000080065ba        0x2 
 .text.prvAddNewTaskToReadyList
                0x00000000080065bc       0xd4 Middlewares/Third_Party/FreeRTOS/Source/tasks.o
 .text.vTaskDelete
                0x0000000008006690      0x11c Middlewares/Third_Party/FreeRTOS/Source/tasks.o
                0x0000000008006690                vTaskDelete
 .text.vTaskDelayUntil
                0x00000000080067ac       0xf4 Middlewares/Third_Party/FreeRTOS/Source/tasks.o
                0x00000000080067ac                vTaskDelayUntil
 .text.vTaskSuspend
                0x00000000080068a0      0x124 Middlewares/Third_Party/FreeRTOS/Source/tasks.o
                0x00000000080068a0                vTaskSuspend
 .text.prvTaskIsTaskSuspended
                0x00000000080069c4       0x60 Middlewares/Third_Party/FreeRTOS/Source/tasks.o
 .text.vTaskResume
                0x0000000008006a24       0xb8 Middlewares/Third_Party/FreeRTOS/Source/tasks.o
                0x0000000008006a24                vTaskResume
 .text.xTaskResumeFromISR
                0x0000000008006adc       0xe0 Middlewares/Third_Party/FreeRTOS/Source/tasks.o
                0x0000000008006adc                xTaskResumeFromISR
 .text.vTaskStartScheduler
                0x0000000008006bbc       0xbc Middlewares/Third_Party/FreeRTOS/Source/tasks.o
                0x0000000008006bbc                vTaskStartScheduler
 .text.vTaskSuspendAll
                0x0000000008006c78       0x1c Middlewares/Third_Party/FreeRTOS/Source/tasks.o
                0x0000000008006c78                vTaskSuspendAll
 .text.xTaskResumeAll
                0x0000000008006c94      0x138 Middlewares/Third_Party/FreeRTOS/Source/tasks.o
                0x0000000008006c94                xTaskResumeAll
 .text.xTaskGetTickCount
                0x0000000008006dcc       0x20 Middlewares/Third_Party/FreeRTOS/Source/tasks.o
                0x0000000008006dcc                xTaskGetTickCount
 .text.xTaskGetTickCountFromISR
                0x0000000008006dec       0x24 Middlewares/Third_Party/FreeRTOS/Source/tasks.o
                0x0000000008006dec                xTaskGetTickCountFromISR
 .text.xTaskIncrementTick
                0x0000000008006e10      0x170 Middlewares/Third_Party/FreeRTOS/Source/tasks.o
                0x0000000008006e10                xTaskIncrementTick
 .text.vTaskSwitchContext
                0x0000000008006f80       0xb4 Middlewares/Third_Party/FreeRTOS/Source/tasks.o
                0x0000000008006f80                vTaskSwitchContext
 .text.prvIdleTask
                0x0000000008007034       0x30 Middlewares/Third_Party/FreeRTOS/Source/tasks.o
 .text.prvInitialiseTaskLists
                0x0000000008007064       0x80 Middlewares/Third_Party/FreeRTOS/Source/tasks.o
 .text.prvCheckTasksWaitingTermination
                0x00000000080070e4       0x58 Middlewares/Third_Party/FreeRTOS/Source/tasks.o
 .text.prvDeleteTCB
                0x000000000800713c       0x5c Middlewares/Third_Party/FreeRTOS/Source/tasks.o
 .text.prvResetNextTaskUnblockTime
                0x0000000008007198       0x40 Middlewares/Third_Party/FreeRTOS/Source/tasks.o
 .text.prvAddCurrentTaskToDelayedList
                0x00000000080071d8       0xcc Middlewares/Third_Party/FreeRTOS/Source/tasks.o
 .text.pxPortInitialiseStack
                0x00000000080072a4       0x68 Middlewares/Third_Party/FreeRTOS/Source/portable/GCC/ARM_CM4F/port.o
                0x00000000080072a4                pxPortInitialiseStack
 .text.prvTaskExitError
                0x000000000800730c       0x54 Middlewares/Third_Party/FreeRTOS/Source/portable/GCC/ARM_CM4F/port.o
 .text.SVC_Handler
                0x0000000008007360       0x28 Middlewares/Third_Party/FreeRTOS/Source/portable/GCC/ARM_CM4F/port.o
                0x0000000008007360                SVC_Handler
 .text.prvPortStartFirstTask
                0x0000000008007388       0x28 Middlewares/Third_Party/FreeRTOS/Source/portable/GCC/ARM_CM4F/port.o
 .text.xPortStartScheduler
                0x00000000080073b0      0x13c Middlewares/Third_Party/FreeRTOS/Source/portable/GCC/ARM_CM4F/port.o
                0x00000000080073b0                xPortStartScheduler
 .text.vPortEnterCritical
                0x00000000080074ec       0x5c Middlewares/Third_Party/FreeRTOS/Source/portable/GCC/ARM_CM4F/port.o
                0x00000000080074ec                vPortEnterCritical
 .text.vPortExitCritical
                0x0000000008007548       0x50 Middlewares/Third_Party/FreeRTOS/Source/portable/GCC/ARM_CM4F/port.o
                0x0000000008007548                vPortExitCritical
 *fill*         0x0000000008007598        0x8 
 .text.PendSV_Handler
                0x00000000080075a0       0x68 Middlewares/Third_Party/FreeRTOS/Source/portable/GCC/ARM_CM4F/port.o
                0x00000000080075a0                PendSV_Handler
 .text.SysTick_Handler
                0x0000000008007608       0x40 Middlewares/Third_Party/FreeRTOS/Source/portable/GCC/ARM_CM4F/port.o
                0x0000000008007608                SysTick_Handler
 .text.vPortSetupTimerInterrupt
                0x0000000008007648       0x48 Middlewares/Third_Party/FreeRTOS/Source/portable/GCC/ARM_CM4F/port.o
                0x0000000008007648                vPortSetupTimerInterrupt
 .text.vPortEnableVFP
                0x0000000008007690       0x14 Middlewares/Third_Party/FreeRTOS/Source/portable/GCC/ARM_CM4F/port.o
 .text.vPortValidateInterruptPriority
                0x00000000080076a4       0x7c Middlewares/Third_Party/FreeRTOS/Source/portable/GCC/ARM_CM4F/port.o
                0x00000000080076a4                vPortValidateInterruptPriority
 .text.pvPortMalloc
                0x0000000008007720      0x184 Middlewares/Third_Party/FreeRTOS/Source/portable/MemMang/heap_4.o
                0x0000000008007720                pvPortMalloc
 .text.vPortFree
                0x00000000080078a4       0xb0 Middlewares/Third_Party/FreeRTOS/Source/portable/MemMang/heap_4.o
                0x00000000080078a4                vPortFree
 .text.prvHeapInit
                0x0000000008007954       0xc4 Middlewares/Third_Party/FreeRTOS/Source/portable/MemMang/heap_4.o
 .text.prvInsertBlockIntoFreeList
                0x0000000008007a18       0xb4 Middlewares/Third_Party/FreeRTOS/Source/portable/MemMang/heap_4.o
 .text.__errno  0x0000000008007acc        0xc c:/st/stm32cubeide_1.3.0/stm32cubeide/plugins/com.st.stm32cube.ide.mcu.externaltools.gnu-tools-for-stm32.7-2018-q2-update.win32_1.0.0.201904181610/tools/bin/../lib/gcc/arm-none-eabi/7.3.1/../../../../arm-none-eabi/lib/thumb/v7e-m/fpv4-sp/hard\libc_nano.a(lib_a-errno.o)
                0x0000000008007acc                __errno
 .text.__libc_init_array
                0x0000000008007ad8       0x48 c:/st/stm32cubeide_1.3.0/stm32cubeide/plugins/com.st.stm32cube.ide.mcu.externaltools.gnu-tools-for-stm32.7-2018-q2-update.win32_1.0.0.201904181610/tools/bin/../lib/gcc/arm-none-eabi/7.3.1/../../../../arm-none-eabi/lib/thumb/v7e-m/fpv4-sp/hard\libc_nano.a(lib_a-init.o)
                0x0000000008007ad8                __libc_init_array
 .text.memcpy   0x0000000008007b20       0x16 c:/st/stm32cubeide_1.3.0/stm32cubeide/plugins/com.st.stm32cube.ide.mcu.externaltools.gnu-tools-for-stm32.7-2018-q2-update.win32_1.0.0.201904181610/tools/bin/../lib/gcc/arm-none-eabi/7.3.1/../../../../arm-none-eabi/lib/thumb/v7e-m/fpv4-sp/hard\libc_nano.a(lib_a-memcpy-stub.o)
                0x0000000008007b20                memcpy
 .text.memset   0x0000000008007b36       0x10 c:/st/stm32cubeide_1.3.0/stm32cubeide/plugins/com.st.stm32cube.ide.mcu.externaltools.gnu-tools-for-stm32.7-2018-q2-update.win32_1.0.0.201904181610/tools/bin/../lib/gcc/arm-none-eabi/7.3.1/../../../../arm-none-eabi/lib/thumb/v7e-m/fpv4-sp/hard\libc_nano.a(lib_a-memset.o)
                0x0000000008007b36                memset
 *fill*         0x0000000008007b46        0x2 
 .text.sprintf  0x0000000008007b48       0x40 c:/st/stm32cubeide_1.3.0/stm32cubeide/plugins/com.st.stm32cube.ide.mcu.externaltools.gnu-tools-for-stm32.7-2018-q2-update.win32_1.0.0.201904181610/tools/bin/../lib/gcc/arm-none-eabi/7.3.1/../../../../arm-none-eabi/lib/thumb/v7e-m/fpv4-sp/hard\libc_nano.a(lib_a-sprintf.o)
                0x0000000008007b48                siprintf
                0x0000000008007b48                sprintf
 .text.__ssputs_r
                0x0000000008007b88       0xb4 c:/st/stm32cubeide_1.3.0/stm32cubeide/plugins/com.st.stm32cube.ide.mcu.externaltools.gnu-tools-for-stm32.7-2018-q2-update.win32_1.0.0.201904181610/tools/bin/../lib/gcc/arm-none-eabi/7.3.1/../../../../arm-none-eabi/lib/thumb/v7e-m/fpv4-sp/hard\libc_nano.a(lib_a-nano-svfprintf.o)
                0x0000000008007b88                __ssputs_r
 .text._svfprintf_r
                0x0000000008007c3c      0x1f0 c:/st/stm32cubeide_1.3.0/stm32cubeide/plugins/com.st.stm32cube.ide.mcu.externaltools.gnu-tools-for-stm32.7-2018-q2-update.win32_1.0.0.201904181610/tools/bin/../lib/gcc/arm-none-eabi/7.3.1/../../../../arm-none-eabi/lib/thumb/v7e-m/fpv4-sp/hard\libc_nano.a(lib_a-nano-svfprintf.o)
                0x0000000008007c3c                _svfiprintf_r
                0x0000000008007c3c                _svfprintf_r
 .text._printf_common
                0x0000000008007e2c       0xea c:/st/stm32cubeide_1.3.0/stm32cubeide/plugins/com.st.stm32cube.ide.mcu.externaltools.gnu-tools-for-stm32.7-2018-q2-update.win32_1.0.0.201904181610/tools/bin/../lib/gcc/arm-none-eabi/7.3.1/../../../../arm-none-eabi/lib/thumb/v7e-m/fpv4-sp/hard\libc_nano.a(lib_a-nano-vfprintf_i.o)
                0x0000000008007e2c                _printf_common
 *fill*         0x0000000008007f16        0x2 
 .text._printf_i
                0x0000000008007f18      0x224 c:/st/stm32cubeide_1.3.0/stm32cubeide/plugins/com.st.stm32cube.ide.mcu.externaltools.gnu-tools-for-stm32.7-2018-q2-update.win32_1.0.0.201904181610/tools/bin/../lib/gcc/arm-none-eabi/7.3.1/../../../../arm-none-eabi/lib/thumb/v7e-m/fpv4-sp/hard\libc_nano.a(lib_a-nano-vfprintf_i.o)
                0x0000000008007f18                _printf_i
 .text.memmove  0x000000000800813c       0x32 c:/st/stm32cubeide_1.3.0/stm32cubeide/plugins/com.st.stm32cube.ide.mcu.externaltools.gnu-tools-for-stm32.7-2018-q2-update.win32_1.0.0.201904181610/tools/bin/../lib/gcc/arm-none-eabi/7.3.1/../../../../arm-none-eabi/lib/thumb/v7e-m/fpv4-sp/hard\libc_nano.a(lib_a-memmove.o)
                0x000000000800813c                memmove
 *fill*         0x000000000800816e        0x2 
 .text._free_r  0x0000000008008170       0x9c c:/st/stm32cubeide_1.3.0/stm32cubeide/plugins/com.st.stm32cube.ide.mcu.externaltools.gnu-tools-for-stm32.7-2018-q2-update.win32_1.0.0.201904181610/tools/bin/../lib/gcc/arm-none-eabi/7.3.1/../../../../arm-none-eabi/lib/thumb/v7e-m/fpv4-sp/hard\libc_nano.a(lib_a-nano-freer.o)
                0x0000000008008170                _free_r
 .text._malloc_r
                0x000000000800820c       0xb4 c:/st/stm32cubeide_1.3.0/stm32cubeide/plugins/com.st.stm32cube.ide.mcu.externaltools.gnu-tools-for-stm32.7-2018-q2-update.win32_1.0.0.201904181610/tools/bin/../lib/gcc/arm-none-eabi/7.3.1/../../../../arm-none-eabi/lib/thumb/v7e-m/fpv4-sp/hard\libc_nano.a(lib_a-nano-mallocr.o)
                0x000000000800820c                _malloc_r
 .text._realloc_r
                0x00000000080082c0       0x4c c:/st/stm32cubeide_1.3.0/stm32cubeide/plugins/com.st.stm32cube.ide.mcu.externaltools.gnu-tools-for-stm32.7-2018-q2-update.win32_1.0.0.201904181610/tools/bin/../lib/gcc/arm-none-eabi/7.3.1/../../../../arm-none-eabi/lib/thumb/v7e-m/fpv4-sp/hard\libc_nano.a(lib_a-nano-reallocr.o)
                0x00000000080082c0                _realloc_r
 .text._sbrk_r  0x000000000800830c       0x20 c:/st/stm32cubeide_1.3.0/stm32cubeide/plugins/com.st.stm32cube.ide.mcu.externaltools.gnu-tools-for-stm32.7-2018-q2-update.win32_1.0.0.201904181610/tools/bin/../lib/gcc/arm-none-eabi/7.3.1/../../../../arm-none-eabi/lib/thumb/v7e-m/fpv4-sp/hard\libc_nano.a(lib_a-sbrkr.o)
                0x000000000800830c                _sbrk_r
 .text.__malloc_lock
                0x000000000800832c        0x2 c:/st/stm32cubeide_1.3.0/stm32cubeide/plugins/com.st.stm32cube.ide.mcu.externaltools.gnu-tools-for-stm32.7-2018-q2-update.win32_1.0.0.201904181610/tools/bin/../lib/gcc/arm-none-eabi/7.3.1/../../../../arm-none-eabi/lib/thumb/v7e-m/fpv4-sp/hard\libc_nano.a(lib_a-mlock.o)
                0x000000000800832c                __malloc_lock
 .text.__malloc_unlock
                0x000000000800832e        0x2 c:/st/stm32cubeide_1.3.0/stm32cubeide/plugins/com.st.stm32cube.ide.mcu.externaltools.gnu-tools-for-stm32.7-2018-q2-update.win32_1.0.0.201904181610/tools/bin/../lib/gcc/arm-none-eabi/7.3.1/../../../../arm-none-eabi/lib/thumb/v7e-m/fpv4-sp/hard\libc_nano.a(lib_a-mlock.o)
                0x000000000800832e                __malloc_unlock
 .text._malloc_usable_size_r
                0x0000000008008330       0x10 c:/st/stm32cubeide_1.3.0/stm32cubeide/plugins/com.st.stm32cube.ide.mcu.externaltools.gnu-tools-for-stm32.7-2018-q2-update.win32_1.0.0.201904181610/tools/bin/../lib/gcc/arm-none-eabi/7.3.1/../../../../arm-none-eabi/lib/thumb/v7e-m/fpv4-sp/hard\libc_nano.a(lib_a-nano-msizer.o)
                0x0000000008008330                _malloc_usable_size_r
 *(.glue_7)
 .glue_7        0x0000000008008340        0x0 linker stubs
 *(.glue_7t)
 .glue_7t       0x0000000008008340        0x0 linker stubs
 *(.eh_frame)
 .eh_frame      0x0000000008008340        0x0 c:/st/stm32cubeide_1.3.0/stm32cubeide/plugins/com.st.stm32cube.ide.mcu.externaltools.gnu-tools-for-stm32.7-2018-q2-update.win32_1.0.0.201904181610/tools/bin/../lib/gcc/arm-none-eabi/7.3.1/thumb/v7e-m/fpv4-sp/hard/crtbegin.o
 *(.init)
 .init          0x0000000008008340        0x4 c:/st/stm32cubeide_1.3.0/stm32cubeide/plugins/com.st.stm32cube.ide.mcu.externaltools.gnu-tools-for-stm32.7-2018-q2-update.win32_1.0.0.201904181610/tools/bin/../lib/gcc/arm-none-eabi/7.3.1/thumb/v7e-m/fpv4-sp/hard/crti.o
                0x0000000008008340                _init
 .init          0x0000000008008344        0x8 c:/st/stm32cubeide_1.3.0/stm32cubeide/plugins/com.st.stm32cube.ide.mcu.externaltools.gnu-tools-for-stm32.7-2018-q2-update.win32_1.0.0.201904181610/tools/bin/../lib/gcc/arm-none-eabi/7.3.1/thumb/v7e-m/fpv4-sp/hard/crtn.o
 *(.fini)
 .fini          0x000000000800834c        0x4 c:/st/stm32cubeide_1.3.0/stm32cubeide/plugins/com.st.stm32cube.ide.mcu.externaltools.gnu-tools-for-stm32.7-2018-q2-update.win32_1.0.0.201904181610/tools/bin/../lib/gcc/arm-none-eabi/7.3.1/thumb/v7e-m/fpv4-sp/hard/crti.o
                0x000000000800834c                _fini
 .fini          0x0000000008008350        0x8 c:/st/stm32cubeide_1.3.0/stm32cubeide/plugins/com.st.stm32cube.ide.mcu.externaltools.gnu-tools-for-stm32.7-2018-q2-update.win32_1.0.0.201904181610/tools/bin/../lib/gcc/arm-none-eabi/7.3.1/thumb/v7e-m/fpv4-sp/hard/crtn.o
                0x0000000008008358                . = ALIGN (0x4)
                0x0000000008008358                _etext = .

.vfp11_veneer   0x0000000008008358        0x0
 .vfp11_veneer  0x0000000008008358        0x0 linker stubs

.v4_bx          0x0000000008008358        0x0
 .v4_bx         0x0000000008008358        0x0 linker stubs

.iplt           0x0000000008008358        0x0
 .iplt          0x0000000008008358        0x0 c:/st/stm32cubeide_1.3.0/stm32cubeide/plugins/com.st.stm32cube.ide.mcu.externaltools.gnu-tools-for-stm32.7-2018-q2-update.win32_1.0.0.201904181610/tools/bin/../lib/gcc/arm-none-eabi/7.3.1/thumb/v7e-m/fpv4-sp/hard/crtbegin.o

.rodata         0x0000000008008358      0x224
                0x0000000008008358                . = ALIGN (0x4)
 *(.rodata)
 .rodata        0x0000000008008358        0x8 Core/Src/lcd_display_api.o
 .rodata        0x0000000008008360      0x1bd Core/Src/main.o
 *fill*         0x000000000800851d        0x3 
 .rodata        0x0000000008008520        0x5 Middlewares/Third_Party/FreeRTOS/Source/tasks.o
 *(.rodata*)
 *fill*         0x0000000008008525        0x3 
 .rodata.AHBPrescTable
                0x0000000008008528       0x10 Core/Src/system_stm32f4xx.o
                0x0000000008008528                AHBPrescTable
 .rodata.APBPrescTable
                0x0000000008008538        0x8 Core/Src/system_stm32f4xx.o
                0x0000000008008538                APBPrescTable
 .rodata.flagBitshiftOffset.8623
                0x0000000008008540        0x8 Drivers/STM32F4xx_HAL_Driver/Src/stm32f4xx_hal_dma.o
 .rodata._svfprintf_r.str1.1
                0x0000000008008548       0x11 c:/st/stm32cubeide_1.3.0/stm32cubeide/plugins/com.st.stm32cube.ide.mcu.externaltools.gnu-tools-for-stm32.7-2018-q2-update.win32_1.0.0.201904181610/tools/bin/../lib/gcc/arm-none-eabi/7.3.1/../../../../arm-none-eabi/lib/thumb/v7e-m/fpv4-sp/hard\libc_nano.a(lib_a-nano-svfprintf.o)
 .rodata._printf_i.str1.1
                0x0000000008008559       0x22 c:/st/stm32cubeide_1.3.0/stm32cubeide/plugins/com.st.stm32cube.ide.mcu.externaltools.gnu-tools-for-stm32.7-2018-q2-update.win32_1.0.0.201904181610/tools/bin/../lib/gcc/arm-none-eabi/7.3.1/../../../../arm-none-eabi/lib/thumb/v7e-m/fpv4-sp/hard\libc_nano.a(lib_a-nano-vfprintf_i.o)
                0x000000000800857c                . = ALIGN (0x4)
 *fill*         0x000000000800857b        0x1 

.ARM.extab      0x000000000800857c        0x0
                0x000000000800857c                . = ALIGN (0x4)
 *(.ARM.extab* .gnu.linkonce.armextab.*)
                0x000000000800857c                . = ALIGN (0x4)

.ARM            0x000000000800857c        0x8
                0x000000000800857c                . = ALIGN (0x4)
                0x000000000800857c                __exidx_start = .
 *(.ARM.exidx*)
 .ARM.exidx     0x000000000800857c        0x8 c:/st/stm32cubeide_1.3.0/stm32cubeide/plugins/com.st.stm32cube.ide.mcu.externaltools.gnu-tools-for-stm32.7-2018-q2-update.win32_1.0.0.201904181610/tools/bin/../lib/gcc/arm-none-eabi/7.3.1/thumb/v7e-m/fpv4-sp/hard\libgcc.a(_udivmoddi4.o)
                0x0000000008008584                __exidx_end = .
                0x0000000008008584                . = ALIGN (0x4)

.rel.dyn        0x0000000008008584        0x0
 .rel.iplt      0x0000000008008584        0x0 c:/st/stm32cubeide_1.3.0/stm32cubeide/plugins/com.st.stm32cube.ide.mcu.externaltools.gnu-tools-for-stm32.7-2018-q2-update.win32_1.0.0.201904181610/tools/bin/../lib/gcc/arm-none-eabi/7.3.1/thumb/v7e-m/fpv4-sp/hard/crtbegin.o

.preinit_array  0x0000000008008584        0x0
                0x0000000008008584                . = ALIGN (0x4)
                0x0000000008008584                PROVIDE (__preinit_array_start = .)
 *(.preinit_array*)
                0x0000000008008584                PROVIDE (__preinit_array_end = .)
                0x0000000008008584                . = ALIGN (0x4)

.init_array     0x0000000008008584        0x4
                0x0000000008008584                . = ALIGN (0x4)
                0x0000000008008584                PROVIDE (__init_array_start = .)
 *(SORT_BY_NAME(.init_array.*))
 *(.init_array*)
 .init_array    0x0000000008008584        0x4 c:/st/stm32cubeide_1.3.0/stm32cubeide/plugins/com.st.stm32cube.ide.mcu.externaltools.gnu-tools-for-stm32.7-2018-q2-update.win32_1.0.0.201904181610/tools/bin/../lib/gcc/arm-none-eabi/7.3.1/thumb/v7e-m/fpv4-sp/hard/crtbegin.o
                0x0000000008008588                PROVIDE (__init_array_end = .)
                0x0000000008008588                . = ALIGN (0x4)

.fini_array     0x0000000008008588        0x4
                0x0000000008008588                . = ALIGN (0x4)
                [!provide]                        PROVIDE (__fini_array_start = .)
 *(SORT_BY_NAME(.fini_array.*))
 *(.fini_array*)
 .fini_array    0x0000000008008588        0x4 c:/st/stm32cubeide_1.3.0/stm32cubeide/plugins/com.st.stm32cube.ide.mcu.externaltools.gnu-tools-for-stm32.7-2018-q2-update.win32_1.0.0.201904181610/tools/bin/../lib/gcc/arm-none-eabi/7.3.1/thumb/v7e-m/fpv4-sp/hard/crtbegin.o
                [!provide]                        PROVIDE (__fini_array_end = .)
                0x000000000800858c                . = ALIGN (0x4)
                0x000000000800858c                _sidata = LOADADDR (.data)

.data           0x0000000020000000       0x74 load address 0x000000000800858c
                0x0000000020000000                . = ALIGN (0x4)
                0x0000000020000000                _sdata = .
 *(.data)
 *(.data*)
 .data.SystemCoreClock
                0x0000000020000000        0x4 Core/Src/system_stm32f4xx.o
                0x0000000020000000                SystemCoreClock
 .data.uwTickPrio
                0x0000000020000004        0x4 Drivers/STM32F4xx_HAL_Driver/Src/stm32f4xx_hal.o
                0x0000000020000004                uwTickPrio
 .data.uwTickFreq
                0x0000000020000008        0x1 Drivers/STM32F4xx_HAL_Driver/Src/stm32f4xx_hal.o
                0x0000000020000008                uwTickFreq
 *fill*         0x0000000020000009        0x3 
 .data.uxCriticalNesting
                0x000000002000000c        0x4 Middlewares/Third_Party/FreeRTOS/Source/portable/GCC/ARM_CM4F/port.o
 .data._impure_ptr
                0x0000000020000010        0x4 c:/st/stm32cubeide_1.3.0/stm32cubeide/plugins/com.st.stm32cube.ide.mcu.externaltools.gnu-tools-for-stm32.7-2018-q2-update.win32_1.0.0.201904181610/tools/bin/../lib/gcc/arm-none-eabi/7.3.1/../../../../arm-none-eabi/lib/thumb/v7e-m/fpv4-sp/hard\libc_nano.a(lib_a-impure.o)
                0x0000000020000010                _impure_ptr
 .data.impure_data
                0x0000000020000014       0x60 c:/st/stm32cubeide_1.3.0/stm32cubeide/plugins/com.st.stm32cube.ide.mcu.externaltools.gnu-tools-for-stm32.7-2018-q2-update.win32_1.0.0.201904181610/tools/bin/../lib/gcc/arm-none-eabi/7.3.1/../../../../arm-none-eabi/lib/thumb/v7e-m/fpv4-sp/hard\libc_nano.a(lib_a-impure.o)
                0x0000000020000074                . = ALIGN (0x4)
                0x0000000020000074                _edata = .

.igot.plt       0x0000000020000074        0x0 load address 0x0000000008008600
 .igot.plt      0x0000000020000074        0x0 c:/st/stm32cubeide_1.3.0/stm32cubeide/plugins/com.st.stm32cube.ide.mcu.externaltools.gnu-tools-for-stm32.7-2018-q2-update.win32_1.0.0.201904181610/tools/bin/../lib/gcc/arm-none-eabi/7.3.1/thumb/v7e-m/fpv4-sp/hard/crtbegin.o
                0x0000000020000074                . = ALIGN (0x4)

.bss            0x0000000020000074     0x4348 load address 0x0000000008008600
                0x0000000020000074                _sbss = .
                0x0000000020000074                __bss_start__ = _sbss
 *(.bss)
 .bss           0x0000000020000074       0x1c c:/st/stm32cubeide_1.3.0/stm32cubeide/plugins/com.st.stm32cube.ide.mcu.externaltools.gnu-tools-for-stm32.7-2018-q2-update.win32_1.0.0.201904181610/tools/bin/../lib/gcc/arm-none-eabi/7.3.1/thumb/v7e-m/fpv4-sp/hard/crtbegin.o
 *(.bss*)
 .bss.xIdleTaskTCBBuffer
                0x0000000020000090       0x54 Core/Src/freertos.o
 .bss.xIdleStack
                0x00000000200000e4      0x200 Core/Src/freertos.o
 .bss.heap_end.6424
                0x00000000200002e4        0x4 Core/Src/sysmem.o
 .bss.pxCurrentTCB
                0x00000000200002e8        0x4 Middlewares/Third_Party/FreeRTOS/Source/tasks.o
                0x00000000200002e8                pxCurrentTCB
 .bss.pxReadyTasksLists
                0x00000000200002ec       0x8c Middlewares/Third_Party/FreeRTOS/Source/tasks.o
 .bss.xDelayedTaskList1
                0x0000000020000378       0x14 Middlewares/Third_Party/FreeRTOS/Source/tasks.o
 .bss.xDelayedTaskList2
                0x000000002000038c       0x14 Middlewares/Third_Party/FreeRTOS/Source/tasks.o
 .bss.pxDelayedTaskList
                0x00000000200003a0        0x4 Middlewares/Third_Party/FreeRTOS/Source/tasks.o
 .bss.pxOverflowDelayedTaskList
                0x00000000200003a4        0x4 Middlewares/Third_Party/FreeRTOS/Source/tasks.o
 .bss.xPendingReadyList
                0x00000000200003a8       0x14 Middlewares/Third_Party/FreeRTOS/Source/tasks.o
 .bss.xTasksWaitingTermination
                0x00000000200003bc       0x14 Middlewares/Third_Party/FreeRTOS/Source/tasks.o
 .bss.uxDeletedTasksWaitingCleanUp
                0x00000000200003d0        0x4 Middlewares/Third_Party/FreeRTOS/Source/tasks.o
 .bss.xSuspendedTaskList
                0x00000000200003d4       0x14 Middlewares/Third_Party/FreeRTOS/Source/tasks.o
 .bss.uxCurrentNumberOfTasks
                0x00000000200003e8        0x4 Middlewares/Third_Party/FreeRTOS/Source/tasks.o
 .bss.xTickCount
                0x00000000200003ec        0x4 Middlewares/Third_Party/FreeRTOS/Source/tasks.o
 .bss.uxTopReadyPriority
                0x00000000200003f0        0x4 Middlewares/Third_Party/FreeRTOS/Source/tasks.o
 .bss.xSchedulerRunning
                0x00000000200003f4        0x4 Middlewares/Third_Party/FreeRTOS/Source/tasks.o
 .bss.uxPendedTicks
                0x00000000200003f8        0x4 Middlewares/Third_Party/FreeRTOS/Source/tasks.o
 .bss.xYieldPending
                0x00000000200003fc        0x4 Middlewares/Third_Party/FreeRTOS/Source/tasks.o
 .bss.xNumOfOverflows
                0x0000000020000400        0x4 Middlewares/Third_Party/FreeRTOS/Source/tasks.o
 .bss.uxTaskNumber
                0x0000000020000404        0x4 Middlewares/Third_Party/FreeRTOS/Source/tasks.o
 .bss.xNextTaskUnblockTime
                0x0000000020000408        0x4 Middlewares/Third_Party/FreeRTOS/Source/tasks.o
 .bss.xIdleTaskHandle
                0x000000002000040c        0x4 Middlewares/Third_Party/FreeRTOS/Source/tasks.o
 .bss.uxSchedulerSuspended
                0x0000000020000410        0x4 Middlewares/Third_Party/FreeRTOS/Source/tasks.o
 .bss.ucMaxSysCallPriority
                0x0000000020000414        0x1 Middlewares/Third_Party/FreeRTOS/Source/portable/GCC/ARM_CM4F/port.o
 *fill*         0x0000000020000415        0x3 
 .bss.ulMaxPRIGROUPValue
                0x0000000020000418        0x4 Middlewares/Third_Party/FreeRTOS/Source/portable/GCC/ARM_CM4F/port.o
 .bss.ucHeap    0x000000002000041c     0x3c00 Middlewares/Third_Party/FreeRTOS/Source/portable/MemMang/heap_4.o
 .bss.xStart    0x000000002000401c        0x8 Middlewares/Third_Party/FreeRTOS/Source/portable/MemMang/heap_4.o
 .bss.pxEnd     0x0000000020004024        0x4 Middlewares/Third_Party/FreeRTOS/Source/portable/MemMang/heap_4.o
 .bss.xFreeBytesRemaining
                0x0000000020004028        0x4 Middlewares/Third_Party/FreeRTOS/Source/portable/MemMang/heap_4.o
 .bss.xMinimumEverFreeBytesRemaining
                0x000000002000402c        0x4 Middlewares/Third_Party/FreeRTOS/Source/portable/MemMang/heap_4.o
 .bss.xBlockAllocatedBit
                0x0000000020004030        0x4 Middlewares/Third_Party/FreeRTOS/Source/portable/MemMang/heap_4.o
 .bss.__malloc_free_list
                0x0000000020004034        0x4 c:/st/stm32cubeide_1.3.0/stm32cubeide/plugins/com.st.stm32cube.ide.mcu.externaltools.gnu-tools-for-stm32.7-2018-q2-update.win32_1.0.0.201904181610/tools/bin/../lib/gcc/arm-none-eabi/7.3.1/../../../../arm-none-eabi/lib/thumb/v7e-m/fpv4-sp/hard\libc_nano.a(lib_a-nano-mallocr.o)
                0x0000000020004034                __malloc_free_list
 .bss.__malloc_sbrk_start
                0x0000000020004038        0x4 c:/st/stm32cubeide_1.3.0/stm32cubeide/plugins/com.st.stm32cube.ide.mcu.externaltools.gnu-tools-for-stm32.7-2018-q2-update.win32_1.0.0.201904181610/tools/bin/../lib/gcc/arm-none-eabi/7.3.1/../../../../arm-none-eabi/lib/thumb/v7e-m/fpv4-sp/hard\libc_nano.a(lib_a-nano-mallocr.o)
                0x0000000020004038                __malloc_sbrk_start
 *(COMMON)
 COMMON         0x000000002000403c      0x338 Core/Src/main.o
                0x000000002000403c                userInputHandle
                0x0000000020004040                diagnosticsSrvHandle
                0x0000000020004044                htim4
                0x0000000020004084                hi2c1
                0x00000000200040d8                htim10
                0x0000000020004118                arm_encoder
                0x0000000020004128                lcd_display
                0x0000000020004134                htim5
                0x0000000020004174                htim3
                0x00000000200041b4                huart5
                0x00000000200041f4                hadc1
                0x000000002000423c                ventilator
                0x000000002000426c                buzzer
                0x0000000020004278                motor_encoder
                0x0000000020004288                motorEncoderHandle
                0x000000002000428c                dc_motor
                0x0000000020004294                armEncoderHandle
                0x0000000020004298                displayUIHandle
                0x000000002000429c                hdma_adc1
                0x00000000200042fc                mainRoutineHandle
                0x0000000020004300                pressureSnsrHandle
                0x0000000020004304                alarmMonitorHandle
                0x0000000020004308                hspi1
                0x0000000020004360                pot_controls_a
                0x0000000020004370                initTaskHandle
 COMMON         0x0000000020004374       0x40 Core/Src/stm32f4xx_hal_timebase_tim.o
                0x0000000020004374                htim1
 COMMON         0x00000000200043b4        0x4 Drivers/STM32F4xx_HAL_Driver/Src/stm32f4xx_hal.o
                0x00000000200043b4                uwTick
 COMMON         0x00000000200043b8        0x4 c:/st/stm32cubeide_1.3.0/stm32cubeide/plugins/com.st.stm32cube.ide.mcu.externaltools.gnu-tools-for-stm32.7-2018-q2-update.win32_1.0.0.201904181610/tools/bin/../lib/gcc/arm-none-eabi/7.3.1/../../../../arm-none-eabi/lib/thumb/v7e-m/fpv4-sp/hard\libc_nano.a(lib_a-reent.o)
                0x00000000200043b8                errno
                0x00000000200043bc                . = ALIGN (0x4)
                0x00000000200043bc                _ebss = .
                0x00000000200043bc                __bss_end__ = _ebss

._user_heap_stack
                0x00000000200043bc      0x604 load address 0x0000000008008600
                0x00000000200043c0                . = ALIGN (0x8)
 *fill*         0x00000000200043bc        0x4 
                0x00000000200043c0                PROVIDE (end = .)
                [!provide]                        PROVIDE (_end = .)
                0x00000000200045c0                . = (. + _Min_Heap_Size)
 *fill*         0x00000000200043c0      0x200 
                0x00000000200049c0                . = (. + _Min_Stack_Size)
 *fill*         0x00000000200045c0      0x400 
                0x00000000200049c0                . = ALIGN (0x8)

/DISCARD/
 libc.a(*)
 libm.a(*)
 libgcc.a(*)

.ARM.attributes
                0x0000000000000000       0x30
 *(.ARM.attributes)
 .ARM.attributes
                0x0000000000000000       0x22 c:/st/stm32cubeide_1.3.0/stm32cubeide/plugins/com.st.stm32cube.ide.mcu.externaltools.gnu-tools-for-stm32.7-2018-q2-update.win32_1.0.0.201904181610/tools/bin/../lib/gcc/arm-none-eabi/7.3.1/thumb/v7e-m/fpv4-sp/hard/crti.o
 .ARM.attributes
                0x0000000000000022       0x34 c:/st/stm32cubeide_1.3.0/stm32cubeide/plugins/com.st.stm32cube.ide.mcu.externaltools.gnu-tools-for-stm32.7-2018-q2-update.win32_1.0.0.201904181610/tools/bin/../lib/gcc/arm-none-eabi/7.3.1/thumb/v7e-m/fpv4-sp/hard/crtbegin.o
 .ARM.attributes
                0x0000000000000056       0x39 Core/Src/buzzer_api.o
 .ARM.attributes
                0x000000000000008f       0x39 Core/Src/dc_motor_api.o
 .ARM.attributes
                0x00000000000000c8       0x39 Core/Src/encoder_api.o
 .ARM.attributes
                0x0000000000000101       0x39 Core/Src/freertos.o
 .ARM.attributes
                0x000000000000013a       0x39 Core/Src/lcd_display_api.o
 .ARM.attributes
                0x0000000000000173       0x39 Core/Src/main.o
 .ARM.attributes
                0x00000000000001ac       0x39 Core/Src/potentiometer_api.o
 .ARM.attributes
                0x00000000000001e5       0x39 Core/Src/stm32f4xx_hal_msp.o
 .ARM.attributes
                0x000000000000021e       0x39 Core/Src/stm32f4xx_hal_timebase_tim.o
 .ARM.attributes
                0x0000000000000257       0x39 Core/Src/stm32f4xx_it.o
 .ARM.attributes
                0x0000000000000290       0x39 Core/Src/sysmem.o
 .ARM.attributes
                0x00000000000002c9       0x39 Core/Src/system_stm32f4xx.o
 .ARM.attributes
                0x0000000000000302       0x39 Core/Src/ventilator_api.o
 .ARM.attributes
                0x000000000000033b       0x21 Core/Startup/startup_stm32f407vgtx.o
 .ARM.attributes
                0x000000000000035c       0x39 Drivers/STM32F4xx_HAL_Driver/Src/stm32f4xx_hal.o
 .ARM.attributes
                0x0000000000000395       0x39 Drivers/STM32F4xx_HAL_Driver/Src/stm32f4xx_hal_adc.o
 .ARM.attributes
                0x00000000000003ce       0x39 Drivers/STM32F4xx_HAL_Driver/Src/stm32f4xx_hal_cortex.o
 .ARM.attributes
                0x0000000000000407       0x39 Drivers/STM32F4xx_HAL_Driver/Src/stm32f4xx_hal_dma.o
 .ARM.attributes
                0x0000000000000440       0x39 Drivers/STM32F4xx_HAL_Driver/Src/stm32f4xx_hal_gpio.o
 .ARM.attributes
                0x0000000000000479       0x39 Drivers/STM32F4xx_HAL_Driver/Src/stm32f4xx_hal_i2c.o
 .ARM.attributes
                0x00000000000004b2       0x39 Drivers/STM32F4xx_HAL_Driver/Src/stm32f4xx_hal_rcc.o
 .ARM.attributes
                0x00000000000004eb       0x39 Drivers/STM32F4xx_HAL_Driver/Src/stm32f4xx_hal_spi.o
 .ARM.attributes
                0x0000000000000524       0x39 Drivers/STM32F4xx_HAL_Driver/Src/stm32f4xx_hal_tim.o
 .ARM.attributes
                0x000000000000055d       0x39 Drivers/STM32F4xx_HAL_Driver/Src/stm32f4xx_hal_tim_ex.o
 .ARM.attributes
                0x0000000000000596       0x39 Drivers/STM32F4xx_HAL_Driver/Src/stm32f4xx_hal_uart.o
 .ARM.attributes
                0x00000000000005cf       0x39 Middlewares/Third_Party/FreeRTOS/Source/CMSIS_RTOS/cmsis_os.o
 .ARM.attributes
                0x0000000000000608       0x39 Middlewares/Third_Party/FreeRTOS/Source/list.o
 .ARM.attributes
                0x0000000000000641       0x39 Middlewares/Third_Party/FreeRTOS/Source/tasks.o
 .ARM.attributes
                0x000000000000067a       0x39 Middlewares/Third_Party/FreeRTOS/Source/portable/GCC/ARM_CM4F/port.o
 .ARM.attributes
                0x00000000000006b3       0x39 Middlewares/Third_Party/FreeRTOS/Source/portable/MemMang/heap_4.o
 .ARM.attributes
                0x00000000000006ec       0x34 c:/st/stm32cubeide_1.3.0/stm32cubeide/plugins/com.st.stm32cube.ide.mcu.externaltools.gnu-tools-for-stm32.7-2018-q2-update.win32_1.0.0.201904181610/tools/bin/../lib/gcc/arm-none-eabi/7.3.1/../../../../arm-none-eabi/lib/thumb/v7e-m/fpv4-sp/hard\libc_nano.a(lib_a-errno.o)
 .ARM.attributes
                0x0000000000000720       0x34 c:/st/stm32cubeide_1.3.0/stm32cubeide/plugins/com.st.stm32cube.ide.mcu.externaltools.gnu-tools-for-stm32.7-2018-q2-update.win32_1.0.0.201904181610/tools/bin/../lib/gcc/arm-none-eabi/7.3.1/../../../../arm-none-eabi/lib/thumb/v7e-m/fpv4-sp/hard\libc_nano.a(lib_a-impure.o)
 .ARM.attributes
                0x0000000000000754       0x34 c:/st/stm32cubeide_1.3.0/stm32cubeide/plugins/com.st.stm32cube.ide.mcu.externaltools.gnu-tools-for-stm32.7-2018-q2-update.win32_1.0.0.201904181610/tools/bin/../lib/gcc/arm-none-eabi/7.3.1/../../../../arm-none-eabi/lib/thumb/v7e-m/fpv4-sp/hard\libc_nano.a(lib_a-init.o)
 .ARM.attributes
                0x0000000000000788       0x34 c:/st/stm32cubeide_1.3.0/stm32cubeide/plugins/com.st.stm32cube.ide.mcu.externaltools.gnu-tools-for-stm32.7-2018-q2-update.win32_1.0.0.201904181610/tools/bin/../lib/gcc/arm-none-eabi/7.3.1/../../../../arm-none-eabi/lib/thumb/v7e-m/fpv4-sp/hard\libc_nano.a(lib_a-memcpy-stub.o)
 .ARM.attributes
                0x00000000000007bc       0x34 c:/st/stm32cubeide_1.3.0/stm32cubeide/plugins/com.st.stm32cube.ide.mcu.externaltools.gnu-tools-for-stm32.7-2018-q2-update.win32_1.0.0.201904181610/tools/bin/../lib/gcc/arm-none-eabi/7.3.1/../../../../arm-none-eabi/lib/thumb/v7e-m/fpv4-sp/hard\libc_nano.a(lib_a-memset.o)
 .ARM.attributes
                0x00000000000007f0       0x34 c:/st/stm32cubeide_1.3.0/stm32cubeide/plugins/com.st.stm32cube.ide.mcu.externaltools.gnu-tools-for-stm32.7-2018-q2-update.win32_1.0.0.201904181610/tools/bin/../lib/gcc/arm-none-eabi/7.3.1/../../../../arm-none-eabi/lib/thumb/v7e-m/fpv4-sp/hard\libc_nano.a(lib_a-sprintf.o)
 .ARM.attributes
                0x0000000000000824       0x34 c:/st/stm32cubeide_1.3.0/stm32cubeide/plugins/com.st.stm32cube.ide.mcu.externaltools.gnu-tools-for-stm32.7-2018-q2-update.win32_1.0.0.201904181610/tools/bin/../lib/gcc/arm-none-eabi/7.3.1/../../../../arm-none-eabi/lib/thumb/v7e-m/fpv4-sp/hard\libc_nano.a(lib_a-nano-svfprintf.o)
 .ARM.attributes
                0x0000000000000858       0x34 c:/st/stm32cubeide_1.3.0/stm32cubeide/plugins/com.st.stm32cube.ide.mcu.externaltools.gnu-tools-for-stm32.7-2018-q2-update.win32_1.0.0.201904181610/tools/bin/../lib/gcc/arm-none-eabi/7.3.1/../../../../arm-none-eabi/lib/thumb/v7e-m/fpv4-sp/hard\libc_nano.a(lib_a-nano-vfprintf_i.o)
 .ARM.attributes
                0x000000000000088c       0x20 c:/st/stm32cubeide_1.3.0/stm32cubeide/plugins/com.st.stm32cube.ide.mcu.externaltools.gnu-tools-for-stm32.7-2018-q2-update.win32_1.0.0.201904181610/tools/bin/../lib/gcc/arm-none-eabi/7.3.1/../../../../arm-none-eabi/lib/thumb/v7e-m/fpv4-sp/hard\libc_nano.a(lib_a-memchr.o)
 .ARM.attributes
                0x00000000000008ac       0x34 c:/st/stm32cubeide_1.3.0/stm32cubeide/plugins/com.st.stm32cube.ide.mcu.externaltools.gnu-tools-for-stm32.7-2018-q2-update.win32_1.0.0.201904181610/tools/bin/../lib/gcc/arm-none-eabi/7.3.1/../../../../arm-none-eabi/lib/thumb/v7e-m/fpv4-sp/hard\libc_nano.a(lib_a-memmove.o)
 .ARM.attributes
                0x00000000000008e0       0x34 c:/st/stm32cubeide_1.3.0/stm32cubeide/plugins/com.st.stm32cube.ide.mcu.externaltools.gnu-tools-for-stm32.7-2018-q2-update.win32_1.0.0.201904181610/tools/bin/../lib/gcc/arm-none-eabi/7.3.1/../../../../arm-none-eabi/lib/thumb/v7e-m/fpv4-sp/hard\libc_nano.a(lib_a-nano-freer.o)
 .ARM.attributes
                0x0000000000000914       0x34 c:/st/stm32cubeide_1.3.0/stm32cubeide/plugins/com.st.stm32cube.ide.mcu.externaltools.gnu-tools-for-stm32.7-2018-q2-update.win32_1.0.0.201904181610/tools/bin/../lib/gcc/arm-none-eabi/7.3.1/../../../../arm-none-eabi/lib/thumb/v7e-m/fpv4-sp/hard\libc_nano.a(lib_a-nano-mallocr.o)
 .ARM.attributes
                0x0000000000000948       0x34 c:/st/stm32cubeide_1.3.0/stm32cubeide/plugins/com.st.stm32cube.ide.mcu.externaltools.gnu-tools-for-stm32.7-2018-q2-update.win32_1.0.0.201904181610/tools/bin/../lib/gcc/arm-none-eabi/7.3.1/../../../../arm-none-eabi/lib/thumb/v7e-m/fpv4-sp/hard\libc_nano.a(lib_a-nano-reallocr.o)
 .ARM.attributes
                0x000000000000097c       0x34 c:/st/stm32cubeide_1.3.0/stm32cubeide/plugins/com.st.stm32cube.ide.mcu.externaltools.gnu-tools-for-stm32.7-2018-q2-update.win32_1.0.0.201904181610/tools/bin/../lib/gcc/arm-none-eabi/7.3.1/../../../../arm-none-eabi/lib/thumb/v7e-m/fpv4-sp/hard\libc_nano.a(lib_a-sbrkr.o)
 .ARM.attributes
                0x00000000000009b0       0x34 c:/st/stm32cubeide_1.3.0/stm32cubeide/plugins/com.st.stm32cube.ide.mcu.externaltools.gnu-tools-for-stm32.7-2018-q2-update.win32_1.0.0.201904181610/tools/bin/../lib/gcc/arm-none-eabi/7.3.1/../../../../arm-none-eabi/lib/thumb/v7e-m/fpv4-sp/hard\libc_nano.a(lib_a-mlock.o)
 .ARM.attributes
                0x00000000000009e4       0x34 c:/st/stm32cubeide_1.3.0/stm32cubeide/plugins/com.st.stm32cube.ide.mcu.externaltools.gnu-tools-for-stm32.7-2018-q2-update.win32_1.0.0.201904181610/tools/bin/../lib/gcc/arm-none-eabi/7.3.1/../../../../arm-none-eabi/lib/thumb/v7e-m/fpv4-sp/hard\libc_nano.a(lib_a-nano-msizer.o)
 .ARM.attributes
                0x0000000000000a18       0x34 c:/st/stm32cubeide_1.3.0/stm32cubeide/plugins/com.st.stm32cube.ide.mcu.externaltools.gnu-tools-for-stm32.7-2018-q2-update.win32_1.0.0.201904181610/tools/bin/../lib/gcc/arm-none-eabi/7.3.1/../../../../arm-none-eabi/lib/thumb/v7e-m/fpv4-sp/hard\libc_nano.a(lib_a-reent.o)
 .ARM.attributes
                0x0000000000000a4c       0x22 c:/st/stm32cubeide_1.3.0/stm32cubeide/plugins/com.st.stm32cube.ide.mcu.externaltools.gnu-tools-for-stm32.7-2018-q2-update.win32_1.0.0.201904181610/tools/bin/../lib/gcc/arm-none-eabi/7.3.1/thumb/v7e-m/fpv4-sp/hard\libgcc.a(_aeabi_uldivmod.o)
 .ARM.attributes
                0x0000000000000a6e       0x34 c:/st/stm32cubeide_1.3.0/stm32cubeide/plugins/com.st.stm32cube.ide.mcu.externaltools.gnu-tools-for-stm32.7-2018-q2-update.win32_1.0.0.201904181610/tools/bin/../lib/gcc/arm-none-eabi/7.3.1/thumb/v7e-m/fpv4-sp/hard\libgcc.a(_udivmoddi4.o)
 .ARM.attributes
                0x0000000000000aa2       0x22 c:/st/stm32cubeide_1.3.0/stm32cubeide/plugins/com.st.stm32cube.ide.mcu.externaltools.gnu-tools-for-stm32.7-2018-q2-update.win32_1.0.0.201904181610/tools/bin/../lib/gcc/arm-none-eabi/7.3.1/thumb/v7e-m/fpv4-sp/hard\libgcc.a(_dvmd_tls.o)
 .ARM.attributes
                0x0000000000000ac4       0x22 c:/st/stm32cubeide_1.3.0/stm32cubeide/plugins/com.st.stm32cube.ide.mcu.externaltools.gnu-tools-for-stm32.7-2018-q2-update.win32_1.0.0.201904181610/tools/bin/../lib/gcc/arm-none-eabi/7.3.1/thumb/v7e-m/fpv4-sp/hard/crtn.o
OUTPUT(drgon_ventilator.elf elf32-littlearm)

.debug_info     0x0000000000000000    0x1b118
 .debug_info    0x0000000000000000      0x715 Core/Src/buzzer_api.o
 .debug_info    0x0000000000000715      0x8ad Core/Src/dc_motor_api.o
 .debug_info    0x0000000000000fc2      0x3d6 Core/Src/encoder_api.o
 .debug_info    0x0000000000001398      0x344 Core/Src/freertos.o
 .debug_info    0x00000000000016dc      0x884 Core/Src/lcd_display_api.o
 .debug_info    0x0000000000001f60     0x2e84 Core/Src/main.o
 .debug_info    0x0000000000004de4      0x27f Core/Src/potentiometer_api.o
 .debug_info    0x0000000000005063     0x192e Core/Src/stm32f4xx_hal_msp.o
 .debug_info    0x0000000000006991      0xb2d Core/Src/stm32f4xx_hal_timebase_tim.o
 .debug_info    0x00000000000074be      0x6e6 Core/Src/stm32f4xx_it.o
 .debug_info    0x0000000000007ba4      0x91c Core/Src/sysmem.o
 .debug_info    0x00000000000084c0      0x554 Core/Src/system_stm32f4xx.o
 .debug_info    0x0000000000008a14      0x632 Core/Src/ventilator_api.o
 .debug_info    0x0000000000009046       0x22 Core/Startup/startup_stm32f407vgtx.o
 .debug_info    0x0000000000009068      0x945 Drivers/STM32F4xx_HAL_Driver/Src/stm32f4xx_hal.o
 .debug_info    0x00000000000099ad      0xcee Drivers/STM32F4xx_HAL_Driver/Src/stm32f4xx_hal_adc.o
 .debug_info    0x000000000000a69b      0xe28 Drivers/STM32F4xx_HAL_Driver/Src/stm32f4xx_hal_cortex.o
 .debug_info    0x000000000000b4c3      0x968 Drivers/STM32F4xx_HAL_Driver/Src/stm32f4xx_hal_dma.o
 .debug_info    0x000000000000be2b      0x7b5 Drivers/STM32F4xx_HAL_Driver/Src/stm32f4xx_hal_gpio.o
 .debug_info    0x000000000000c5e0     0x23b5 Drivers/STM32F4xx_HAL_Driver/Src/stm32f4xx_hal_i2c.o
 .debug_info    0x000000000000e995      0x904 Drivers/STM32F4xx_HAL_Driver/Src/stm32f4xx_hal_rcc.o
 .debug_info    0x000000000000f299     0x163a Drivers/STM32F4xx_HAL_Driver/Src/stm32f4xx_hal_spi.o
 .debug_info    0x00000000000108d3     0x24a9 Drivers/STM32F4xx_HAL_Driver/Src/stm32f4xx_hal_tim.o
 .debug_info    0x0000000000012d7c     0x1157 Drivers/STM32F4xx_HAL_Driver/Src/stm32f4xx_hal_tim_ex.o
 .debug_info    0x0000000000013ed3     0x124c Drivers/STM32F4xx_HAL_Driver/Src/stm32f4xx_hal_uart.o
 .debug_info    0x000000000001511f     0x1e8d Middlewares/Third_Party/FreeRTOS/Source/CMSIS_RTOS/cmsis_os.o
 .debug_info    0x0000000000016fac      0xacb Middlewares/Third_Party/FreeRTOS/Source/list.o
 .debug_info    0x0000000000017a77     0x2584 Middlewares/Third_Party/FreeRTOS/Source/tasks.o
 .debug_info    0x0000000000019ffb      0x533 Middlewares/Third_Party/FreeRTOS/Source/portable/GCC/ARM_CM4F/port.o
 .debug_info    0x000000000001a52e      0xbea Middlewares/Third_Party/FreeRTOS/Source/portable/MemMang/heap_4.o

.debug_abbrev   0x0000000000000000     0x3925
 .debug_abbrev  0x0000000000000000      0x16b Core/Src/buzzer_api.o
 .debug_abbrev  0x000000000000016b      0x18d Core/Src/dc_motor_api.o
 .debug_abbrev  0x00000000000002f8      0x170 Core/Src/encoder_api.o
 .debug_abbrev  0x0000000000000468      0x109 Core/Src/freertos.o
 .debug_abbrev  0x0000000000000571      0x190 Core/Src/lcd_display_api.o
 .debug_abbrev  0x0000000000000701      0x2c3 Core/Src/main.o
 .debug_abbrev  0x00000000000009c4      0x111 Core/Src/potentiometer_api.o
 .debug_abbrev  0x0000000000000ad5      0x1f8 Core/Src/stm32f4xx_hal_msp.o
 .debug_abbrev  0x0000000000000ccd      0x19d Core/Src/stm32f4xx_hal_timebase_tim.o
 .debug_abbrev  0x0000000000000e6a      0x15a Core/Src/stm32f4xx_it.o
 .debug_abbrev  0x0000000000000fc4      0x1bb Core/Src/sysmem.o
 .debug_abbrev  0x000000000000117f      0x12b Core/Src/system_stm32f4xx.o
 .debug_abbrev  0x00000000000012aa      0x11a Core/Src/ventilator_api.o
 .debug_abbrev  0x00000000000013c4       0x12 Core/Startup/startup_stm32f407vgtx.o
 .debug_abbrev  0x00000000000013d6      0x1c7 Drivers/STM32F4xx_HAL_Driver/Src/stm32f4xx_hal.o
 .debug_abbrev  0x000000000000159d      0x205 Drivers/STM32F4xx_HAL_Driver/Src/stm32f4xx_hal_adc.o
 .debug_abbrev  0x00000000000017a2      0x2fa Drivers/STM32F4xx_HAL_Driver/Src/stm32f4xx_hal_cortex.o
 .debug_abbrev  0x0000000000001a9c      0x229 Drivers/STM32F4xx_HAL_Driver/Src/stm32f4xx_hal_dma.o
 .debug_abbrev  0x0000000000001cc5      0x1c9 Drivers/STM32F4xx_HAL_Driver/Src/stm32f4xx_hal_gpio.o
 .debug_abbrev  0x0000000000001e8e      0x254 Drivers/STM32F4xx_HAL_Driver/Src/stm32f4xx_hal_i2c.o
 .debug_abbrev  0x00000000000020e2      0x245 Drivers/STM32F4xx_HAL_Driver/Src/stm32f4xx_hal_rcc.o
 .debug_abbrev  0x0000000000002327      0x240 Drivers/STM32F4xx_HAL_Driver/Src/stm32f4xx_hal_spi.o
 .debug_abbrev  0x0000000000002567      0x230 Drivers/STM32F4xx_HAL_Driver/Src/stm32f4xx_hal_tim.o
 .debug_abbrev  0x0000000000002797      0x21e Drivers/STM32F4xx_HAL_Driver/Src/stm32f4xx_hal_tim_ex.o
 .debug_abbrev  0x00000000000029b5      0x242 Drivers/STM32F4xx_HAL_Driver/Src/stm32f4xx_hal_uart.o
 .debug_abbrev  0x0000000000002bf7      0x379 Middlewares/Third_Party/FreeRTOS/Source/CMSIS_RTOS/cmsis_os.o
 .debug_abbrev  0x0000000000002f70      0x1cf Middlewares/Third_Party/FreeRTOS/Source/list.o
 .debug_abbrev  0x000000000000313f      0x338 Middlewares/Third_Party/FreeRTOS/Source/tasks.o
 .debug_abbrev  0x0000000000003477      0x210 Middlewares/Third_Party/FreeRTOS/Source/portable/GCC/ARM_CM4F/port.o
 .debug_abbrev  0x0000000000003687      0x29e Middlewares/Third_Party/FreeRTOS/Source/portable/MemMang/heap_4.o

.debug_aranges  0x0000000000000000     0x17c8
 .debug_aranges
                0x0000000000000000       0x28 Core/Src/buzzer_api.o
 .debug_aranges
                0x0000000000000028       0x30 Core/Src/dc_motor_api.o
 .debug_aranges
                0x0000000000000058       0x28 Core/Src/encoder_api.o
 .debug_aranges
                0x0000000000000080       0x20 Core/Src/freertos.o
 .debug_aranges
                0x00000000000000a0       0x48 Core/Src/lcd_display_api.o
 .debug_aranges
                0x00000000000000e8       0xd8 Core/Src/main.o
 .debug_aranges
                0x00000000000001c0       0x28 Core/Src/potentiometer_api.o
 .debug_aranges
                0x00000000000001e8       0x98 Core/Src/stm32f4xx_hal_msp.o
 .debug_aranges
                0x0000000000000280       0x30 Core/Src/stm32f4xx_hal_timebase_tim.o
 .debug_aranges
                0x00000000000002b0       0x58 Core/Src/stm32f4xx_it.o
 .debug_aranges
                0x0000000000000308       0x20 Core/Src/sysmem.o
 .debug_aranges
                0x0000000000000328       0x28 Core/Src/system_stm32f4xx.o
 .debug_aranges
                0x0000000000000350       0x28 Core/Src/ventilator_api.o
 .debug_aranges
                0x0000000000000378       0x28 Core/Startup/startup_stm32f407vgtx.o
 .debug_aranges
                0x00000000000003a0       0xf0 Drivers/STM32F4xx_HAL_Driver/Src/stm32f4xx_hal.o
 .debug_aranges
                0x0000000000000490       0xe8 Drivers/STM32F4xx_HAL_Driver/Src/stm32f4xx_hal_adc.o
 .debug_aranges
                0x0000000000000578      0x118 Drivers/STM32F4xx_HAL_Driver/Src/stm32f4xx_hal_cortex.o
 .debug_aranges
                0x0000000000000690       0x90 Drivers/STM32F4xx_HAL_Driver/Src/stm32f4xx_hal_dma.o
 .debug_aranges
                0x0000000000000720       0x58 Drivers/STM32F4xx_HAL_Driver/Src/stm32f4xx_hal_gpio.o
 .debug_aranges
                0x0000000000000778      0x298 Drivers/STM32F4xx_HAL_Driver/Src/stm32f4xx_hal_i2c.o
 .debug_aranges
                0x0000000000000a10       0x88 Drivers/STM32F4xx_HAL_Driver/Src/stm32f4xx_hal_rcc.o
 .debug_aranges
                0x0000000000000a98      0x1d0 Drivers/STM32F4xx_HAL_Driver/Src/stm32f4xx_hal_spi.o
 .debug_aranges
                0x0000000000000c68      0x3a8 Drivers/STM32F4xx_HAL_Driver/Src/stm32f4xx_hal_tim.o
 .debug_aranges
                0x0000000000001010      0x150 Drivers/STM32F4xx_HAL_Driver/Src/stm32f4xx_hal_tim_ex.o
 .debug_aranges
                0x0000000000001160      0x1d0 Drivers/STM32F4xx_HAL_Driver/Src/stm32f4xx_hal_uart.o
 .debug_aranges
                0x0000000000001330      0x1d8 Middlewares/Third_Party/FreeRTOS/Source/CMSIS_RTOS/cmsis_os.o
 .debug_aranges
                0x0000000000001508       0x40 Middlewares/Third_Party/FreeRTOS/Source/list.o
 .debug_aranges
                0x0000000000001548      0x1b0 Middlewares/Third_Party/FreeRTOS/Source/tasks.o
 .debug_aranges
                0x00000000000016f8       0x80 Middlewares/Third_Party/FreeRTOS/Source/portable/GCC/ARM_CM4F/port.o
 .debug_aranges
                0x0000000000001778       0x50 Middlewares/Third_Party/FreeRTOS/Source/portable/MemMang/heap_4.o

.debug_ranges   0x0000000000000000     0x1610
 .debug_ranges  0x0000000000000000       0x18 Core/Src/buzzer_api.o
 .debug_ranges  0x0000000000000018       0x20 Core/Src/dc_motor_api.o
 .debug_ranges  0x0000000000000038       0x18 Core/Src/encoder_api.o
 .debug_ranges  0x0000000000000050       0x10 Core/Src/freertos.o
 .debug_ranges  0x0000000000000060       0x38 Core/Src/lcd_display_api.o
 .debug_ranges  0x0000000000000098       0xc8 Core/Src/main.o
 .debug_ranges  0x0000000000000160       0x18 Core/Src/potentiometer_api.o
 .debug_ranges  0x0000000000000178       0x88 Core/Src/stm32f4xx_hal_msp.o
 .debug_ranges  0x0000000000000200       0x20 Core/Src/stm32f4xx_hal_timebase_tim.o
 .debug_ranges  0x0000000000000220       0x48 Core/Src/stm32f4xx_it.o
 .debug_ranges  0x0000000000000268       0x10 Core/Src/sysmem.o
 .debug_ranges  0x0000000000000278       0x18 Core/Src/system_stm32f4xx.o
 .debug_ranges  0x0000000000000290       0x18 Core/Src/ventilator_api.o
 .debug_ranges  0x00000000000002a8       0x20 Core/Startup/startup_stm32f407vgtx.o
 .debug_ranges  0x00000000000002c8       0xe0 Drivers/STM32F4xx_HAL_Driver/Src/stm32f4xx_hal.o
 .debug_ranges  0x00000000000003a8       0xd8 Drivers/STM32F4xx_HAL_Driver/Src/stm32f4xx_hal_adc.o
 .debug_ranges  0x0000000000000480      0x108 Drivers/STM32F4xx_HAL_Driver/Src/stm32f4xx_hal_cortex.o
 .debug_ranges  0x0000000000000588       0x80 Drivers/STM32F4xx_HAL_Driver/Src/stm32f4xx_hal_dma.o
 .debug_ranges  0x0000000000000608       0x48 Drivers/STM32F4xx_HAL_Driver/Src/stm32f4xx_hal_gpio.o
 .debug_ranges  0x0000000000000650      0x2a8 Drivers/STM32F4xx_HAL_Driver/Src/stm32f4xx_hal_i2c.o
 .debug_ranges  0x00000000000008f8       0x78 Drivers/STM32F4xx_HAL_Driver/Src/stm32f4xx_hal_rcc.o
 .debug_ranges  0x0000000000000970      0x1c0 Drivers/STM32F4xx_HAL_Driver/Src/stm32f4xx_hal_spi.o
 .debug_ranges  0x0000000000000b30      0x398 Drivers/STM32F4xx_HAL_Driver/Src/stm32f4xx_hal_tim.o
 .debug_ranges  0x0000000000000ec8      0x140 Drivers/STM32F4xx_HAL_Driver/Src/stm32f4xx_hal_tim_ex.o
 .debug_ranges  0x0000000000001008      0x1c0 Drivers/STM32F4xx_HAL_Driver/Src/stm32f4xx_hal_uart.o
 .debug_ranges  0x00000000000011c8      0x1c8 Middlewares/Third_Party/FreeRTOS/Source/CMSIS_RTOS/cmsis_os.o
 .debug_ranges  0x0000000000001390       0x30 Middlewares/Third_Party/FreeRTOS/Source/list.o
 .debug_ranges  0x00000000000013c0      0x1a0 Middlewares/Third_Party/FreeRTOS/Source/tasks.o
 .debug_ranges  0x0000000000001560       0x70 Middlewares/Third_Party/FreeRTOS/Source/portable/GCC/ARM_CM4F/port.o
 .debug_ranges  0x00000000000015d0       0x40 Middlewares/Third_Party/FreeRTOS/Source/portable/MemMang/heap_4.o

.debug_macro    0x0000000000000000    0x25040
 .debug_macro   0x0000000000000000      0x21a Core/Src/buzzer_api.o
 .debug_macro   0x000000000000021a      0xa5a Core/Src/buzzer_api.o
 .debug_macro   0x0000000000000c74      0x19c Core/Src/buzzer_api.o
 .debug_macro   0x0000000000000e10       0x2e Core/Src/buzzer_api.o
 .debug_macro   0x0000000000000e3e       0x2f Core/Src/buzzer_api.o
 .debug_macro   0x0000000000000e6d       0x22 Core/Src/buzzer_api.o
 .debug_macro   0x0000000000000e8f       0x8e Core/Src/buzzer_api.o
 .debug_macro   0x0000000000000f1d       0x51 Core/Src/buzzer_api.o
 .debug_macro   0x0000000000000f6e       0xef Core/Src/buzzer_api.o
 .debug_macro   0x000000000000105d       0x6a Core/Src/buzzer_api.o
 .debug_macro   0x00000000000010c7      0x1df Core/Src/buzzer_api.o
 .debug_macro   0x00000000000012a6       0x1c Core/Src/buzzer_api.o
 .debug_macro   0x00000000000012c2       0x22 Core/Src/buzzer_api.o
 .debug_macro   0x00000000000012e4       0xdf Core/Src/buzzer_api.o
 .debug_macro   0x00000000000013c3     0x102d Core/Src/buzzer_api.o
 .debug_macro   0x00000000000023f0      0x11f Core/Src/buzzer_api.o
 .debug_macro   0x000000000000250f    0x15e3c Core/Src/buzzer_api.o
 .debug_macro   0x000000000001834b       0x43 Core/Src/buzzer_api.o
 .debug_macro   0x000000000001838e     0x3659 Core/Src/buzzer_api.o
 .debug_macro   0x000000000001b9e7      0x174 Core/Src/buzzer_api.o
 .debug_macro   0x000000000001bb5b       0x5a Core/Src/buzzer_api.o
 .debug_macro   0x000000000001bbb5      0x96b Core/Src/buzzer_api.o
 .debug_macro   0x000000000001c520      0x9fe Core/Src/buzzer_api.o
 .debug_macro   0x000000000001cf1e      0x174 Core/Src/buzzer_api.o
 .debug_macro   0x000000000001d092      0x117 Core/Src/buzzer_api.o
 .debug_macro   0x000000000001d1a9      0x13e Core/Src/buzzer_api.o
 .debug_macro   0x000000000001d2e7       0x27 Core/Src/buzzer_api.o
 .debug_macro   0x000000000001d30e      0x287 Core/Src/buzzer_api.o
 .debug_macro   0x000000000001d595       0x5f Core/Src/buzzer_api.o
 .debug_macro   0x000000000001d5f4      0x236 Core/Src/buzzer_api.o
 .debug_macro   0x000000000001d82a      0x391 Core/Src/buzzer_api.o
 .debug_macro   0x000000000001dbbb      0x176 Core/Src/buzzer_api.o
 .debug_macro   0x000000000001dd31       0xf9 Core/Src/buzzer_api.o
 .debug_macro   0x000000000001de2a      0x12c Core/Src/buzzer_api.o
 .debug_macro   0x000000000001df56      0x21e Core/Src/buzzer_api.o
 .debug_macro   0x000000000001e174       0x2e Core/Src/buzzer_api.o
 .debug_macro   0x000000000001e1a2      0x1b5 Core/Src/buzzer_api.o
 .debug_macro   0x000000000001e357       0xd6 Core/Src/buzzer_api.o
 .debug_macro   0x000000000001e42d      0x11a Core/Src/buzzer_api.o
 .debug_macro   0x000000000001e547       0x7e Core/Src/buzzer_api.o
 .debug_macro   0x000000000001e5c5       0x89 Core/Src/buzzer_api.o
 .debug_macro   0x000000000001e64e      0x225 Core/Src/buzzer_api.o
 .debug_macro   0x000000000001e873      0x8a0 Core/Src/buzzer_api.o