Archive member included to satisfy reference by file (symbol)

c:/st/stm32cubeide_1.3.0/stm32cubeide/plugins/com.st.stm32cube.ide.mcu.externaltools.gnu-tools-for-stm32.7-2018-q2-update.win32_1.0.0.201904181610/tools/bin/../lib/gcc/arm-none-eabi/7.3.1/../../../../arm-none-eabi/lib/thumb/v7e-m/fpv4-sp/hard\libc_nano.a(lib_a-errno.o)
                              Core/Src/syscalls.o (__errno)
c:/st/stm32cubeide_1.3.0/stm32cubeide/plugins/com.st.stm32cube.ide.mcu.externaltools.gnu-tools-for-stm32.7-2018-q2-update.win32_1.0.0.201904181610/tools/bin/../lib/gcc/arm-none-eabi/7.3.1/../../../../arm-none-eabi/lib/thumb/v7e-m/fpv4-sp/hard\libc_nano.a(lib_a-exit.o)
                              c:/st/stm32cubeide_1.3.0/stm32cubeide/plugins/com.st.stm32cube.ide.mcu.externaltools.gnu-tools-for-stm32.7-2018-q2-update.win32_1.0.0.201904181610/tools/bin/../lib/gcc/arm-none-eabi/7.3.1/../../../../arm-none-eabi/lib/thumb/v7e-m/fpv4-sp/hard/crt0.o (exit)
c:/st/stm32cubeide_1.3.0/stm32cubeide/plugins/com.st.stm32cube.ide.mcu.externaltools.gnu-tools-for-stm32.7-2018-q2-update.win32_1.0.0.201904181610/tools/bin/../lib/gcc/arm-none-eabi/7.3.1/../../../../arm-none-eabi/lib/thumb/v7e-m/fpv4-sp/hard\libc_nano.a(lib_a-impure.o)
                              c:/st/stm32cubeide_1.3.0/stm32cubeide/plugins/com.st.stm32cube.ide.mcu.externaltools.gnu-tools-for-stm32.7-2018-q2-update.win32_1.0.0.201904181610/tools/bin/../lib/gcc/arm-none-eabi/7.3.1/../../../../arm-none-eabi/lib/thumb/v7e-m/fpv4-sp/hard\libc_nano.a(lib_a-exit.o) (_global_impure_ptr)
c:/st/stm32cubeide_1.3.0/stm32cubeide/plugins/com.st.stm32cube.ide.mcu.externaltools.gnu-tools-for-stm32.7-2018-q2-update.win32_1.0.0.201904181610/tools/bin/../lib/gcc/arm-none-eabi/7.3.1/../../../../arm-none-eabi/lib/thumb/v7e-m/fpv4-sp/hard\libc_nano.a(lib_a-init.o)
                              c:/st/stm32cubeide_1.3.0/stm32cubeide/plugins/com.st.stm32cube.ide.mcu.externaltools.gnu-tools-for-stm32.7-2018-q2-update.win32_1.0.0.201904181610/tools/bin/../lib/gcc/arm-none-eabi/7.3.1/../../../../arm-none-eabi/lib/thumb/v7e-m/fpv4-sp/hard/crt0.o (__libc_init_array)
c:/st/stm32cubeide_1.3.0/stm32cubeide/plugins/com.st.stm32cube.ide.mcu.externaltools.gnu-tools-for-stm32.7-2018-q2-update.win32_1.0.0.201904181610/tools/bin/../lib/gcc/arm-none-eabi/7.3.1/../../../../arm-none-eabi/lib/thumb/v7e-m/fpv4-sp/hard\libc_nano.a(lib_a-memcpy-stub.o)
                              Middlewares/Third_Party/FreeRTOS/Source/queue.o (memcpy)
c:/st/stm32cubeide_1.3.0/stm32cubeide/plugins/com.st.stm32cube.ide.mcu.externaltools.gnu-tools-for-stm32.7-2018-q2-update.win32_1.0.0.201904181610/tools/bin/../lib/gcc/arm-none-eabi/7.3.1/../../../../arm-none-eabi/lib/thumb/v7e-m/fpv4-sp/hard\libc_nano.a(lib_a-memset.o)
                              c:/st/stm32cubeide_1.3.0/stm32cubeide/plugins/com.st.stm32cube.ide.mcu.externaltools.gnu-tools-for-stm32.7-2018-q2-update.win32_1.0.0.201904181610/tools/bin/../lib/gcc/arm-none-eabi/7.3.1/../../../../arm-none-eabi/lib/thumb/v7e-m/fpv4-sp/hard/crt0.o (memset)
c:/st/stm32cubeide_1.3.0/stm32cubeide/plugins/com.st.stm32cube.ide.mcu.externaltools.gnu-tools-for-stm32.7-2018-q2-update.win32_1.0.0.201904181610/tools/bin/../lib/gcc/arm-none-eabi/7.3.1/../../../../arm-none-eabi/lib/thumb/v7e-m/fpv4-sp/hard\libc_nano.a(lib_a-sprintf.o)
                              Core/Src/main.o (sprintf)
c:/st/stm32cubeide_1.3.0/stm32cubeide/plugins/com.st.stm32cube.ide.mcu.externaltools.gnu-tools-for-stm32.7-2018-q2-update.win32_1.0.0.201904181610/tools/bin/../lib/gcc/arm-none-eabi/7.3.1/../../../../arm-none-eabi/lib/thumb/v7e-m/fpv4-sp/hard\libc_nano.a(lib_a-nano-svfprintf.o)
                              c:/st/stm32cubeide_1.3.0/stm32cubeide/plugins/com.st.stm32cube.ide.mcu.externaltools.gnu-tools-for-stm32.7-2018-q2-update.win32_1.0.0.201904181610/tools/bin/../lib/gcc/arm-none-eabi/7.3.1/../../../../arm-none-eabi/lib/thumb/v7e-m/fpv4-sp/hard\libc_nano.a(lib_a-sprintf.o) (_svfprintf_r)
c:/st/stm32cubeide_1.3.0/stm32cubeide/plugins/com.st.stm32cube.ide.mcu.externaltools.gnu-tools-for-stm32.7-2018-q2-update.win32_1.0.0.201904181610/tools/bin/../lib/gcc/arm-none-eabi/7.3.1/../../../../arm-none-eabi/lib/thumb/v7e-m/fpv4-sp/hard\libc_nano.a(lib_a-nano-vfprintf_i.o)
                              c:/st/stm32cubeide_1.3.0/stm32cubeide/plugins/com.st.stm32cube.ide.mcu.externaltools.gnu-tools-for-stm32.7-2018-q2-update.win32_1.0.0.201904181610/tools/bin/../lib/gcc/arm-none-eabi/7.3.1/../../../../arm-none-eabi/lib/thumb/v7e-m/fpv4-sp/hard\libc_nano.a(lib_a-nano-svfprintf.o) (_printf_i)
c:/st/stm32cubeide_1.3.0/stm32cubeide/plugins/com.st.stm32cube.ide.mcu.externaltools.gnu-tools-for-stm32.7-2018-q2-update.win32_1.0.0.201904181610/tools/bin/../lib/gcc/arm-none-eabi/7.3.1/../../../../arm-none-eabi/lib/thumb/v7e-m/fpv4-sp/hard\libc_nano.a(lib_a-memchr.o)
[...]
Memory Configuration

Name             Origin             Length             Attributes
CCMRAM           0x0000000010000000 0x0000000000010000 xrw
RAM              0x0000000020000000 0x0000000000020000 xrw
FLASH            0x0000000008000000 0x0000000000100000 xr
*default*        0x0000000000000000 0xffffffffffffffff

Linker script and memory map

LOAD c:/st/stm32cubeide_1.3.0/stm32cubeide/plugins/com.st.stm32cube.ide.mcu.externaltools.gnu-tools-for-stm32.7-2018-q2-update.win32_1.0.0.201904181610/tools/bin/../lib/gcc/arm-none-eabi/7.3.1/thumb/v7e-m/fpv4-sp/hard/crti.o
LOAD c:/st/stm32cubeide_1.3.0/stm32cubeide/plugins/com.st.stm32cube.ide.mcu.externaltools.gnu-tools-for-stm32.7-2018-q2-update.win32_1.0.0.201904181610/tools/bin/../lib/gcc/arm-none-eabi/7.3.1/thumb/v7e-m/fpv4-sp/hard/crtbegin.o
LOAD c:/st/stm32cubeide_1.3.0/stm32cubeide/plugins/com.st.stm32cube.ide.mcu.externaltools.gnu-tools-for-stm32.7-2018-q2-update.win32_1.0.0.201904181610/tools/bin/../lib/gcc/arm-none-eabi/7.3.1/../../../../arm-none-eabi/lib/thumb/v7e-m/fpv4-sp/hard/crt0.o
LOAD Core/Src/buzzer_api.o
LOAD Core/Src/dc_motor_api.o
LOAD Core/Src/encoder_api.o
LOAD Core/Src/freertos.o
LOAD Core/Src/lcd_display_api.o
LOAD Core/Src/main.o
LOAD Core/Src/potentiometer_api.o
LOAD Core/Src/stm32f4xx_hal_msp.o
LOAD Core/Src/stm32f4xx_hal_timebase_tim.o
LOAD Core/Src/stm32f4xx_it.o
LOAD Core/Src/syscalls.o
LOAD Core/Src/sysmem.o
LOAD Core/Src/system_stm32f4xx.o
LOAD Core/Src/ventilator_api.o
LOAD Core/Startup/startup_stm32f407vgtx.o
LOAD Drivers/STM32F4xx_HAL_Driver/Src/stm32f4xx_hal.o
LOAD Drivers/STM32F4xx_HAL_Driver/Src/stm32f4xx_hal_adc.o
LOAD Drivers/STM32F4xx_HAL_Driver/Src/stm32f4xx_hal_adc_ex.o
LOAD Drivers/STM32F4xx_HAL_Driver/Src/stm32f4xx_hal_cortex.o
LOAD Drivers/STM32F4xx_HAL_Driver/Src/stm32f4xx_hal_dma.o
LOAD Drivers/STM32F4xx_HAL_Driver/Src/stm32f4xx_hal_dma_ex.o
LOAD Drivers/STM32F4xx_HAL_Driver/Src/stm32f4xx_hal_exti.o
LOAD Drivers/STM32F4xx_HAL_Driver/Src/stm32f4xx_hal_flash.o
LOAD Drivers/STM32F4xx_HAL_Driver/Src/stm32f4xx_hal_flash_ex.o
LOAD Drivers/STM32F4xx_HAL_Driver/Src/stm32f4xx_hal_flash_ramfunc.o
LOAD Drivers/STM32F4xx_HAL_Driver/Src/stm32f4xx_hal_gpio.o
LOAD Drivers/STM32F4xx_HAL_Driver/Src/stm32f4xx_hal_i2c.o
LOAD Drivers/STM32F4xx_HAL_Driver/Src/stm32f4xx_hal_i2c_ex.o
LOAD Drivers/STM32F4xx_HAL_Driver/Src/stm32f4xx_hal_pwr.o
LOAD Drivers/STM32F4xx_HAL_Driver/Src/stm32f4xx_hal_pwr_ex.o
LOAD Drivers/STM32F4xx_HAL_Driver/Src/stm32f4xx_hal_rcc.o
LOAD Drivers/STM32F4xx_HAL_Driver/Src/stm32f4xx_hal_rcc_ex.o
LOAD Drivers/STM32F4xx_HAL_Driver/Src/stm32f4xx_hal_spi.o
LOAD Drivers/STM32F4xx_HAL_Driver/Src/stm32f4xx_hal_tim.o
LOAD Drivers/STM32F4xx_HAL_Driver/Src/stm32f4xx_hal_tim_ex.o
LOAD Drivers/STM32F4xx_HAL_Driver/Src/stm32f4xx_hal_uart.o
LOAD Middlewares/Third_Party/FreeRTOS/Source/CMSIS_RTOS/cmsis_os.o
LOAD Middlewares/Third_Party/FreeRTOS/Source/croutine.o
LOAD Middlewares/Third_Party/FreeRTOS/Source/event_groups.o
LOAD Middlewares/Third_Party/FreeRTOS/Source/list.o
LOAD Middlewares/Third_Party/FreeRTOS/Source/queue.o
LOAD Middlewares/Third_Party/FreeRTOS/Source/stream_buffer.o
LOAD Middlewares/Third_Party/FreeRTOS/Source/tasks.o
LOAD Middlewares/Third_Party/FreeRTOS/Source/timers.o
LOAD Middlewares/Third_Party/FreeRTOS/Source/portable/GCC/ARM_CM4F/port.o
LOAD Middlewares/Third_Party/FreeRTOS/Source/portable/MemMang/heap_4.o
START GROUP
LOAD c:/st/stm32cubeide_1.3.0/stm32cubeide/plugins/com.st.stm32cube.ide.mcu.externaltools.gnu-tools-for-stm32.7-2018-q2-update.win32_1.0.0.201904181610/tools/bin/../lib/gcc/arm-none-eabi/7.3.1/../../../../arm-none-eabi/lib/thumb/v7e-m/fpv4-sp/hard\libc_nano.a
LOAD c:/st/stm32cubeide_1.3.0/stm32cubeide/plugins/com.st.stm32cube.ide.mcu.externaltools.gnu-tools-for-stm32.7-2018-q2-update.win32_1.0.0.201904181610/tools/bin/../lib/gcc/arm-none-eabi/7.3.1/../../../../arm-none-eabi/lib/thumb/v7e-m/fpv4-sp/hard\libm.a
END GROUP
START GROUP
LOAD c:/st/stm32cubeide_1.3.0/stm32cubeide/plugins/com.st.stm32cube.ide.mcu.externaltools.gnu-tools-for-stm32.7-2018-q2-update.win32_1.0.0.201904181610/tools/bin/../lib/gcc/arm-none-eabi/7.3.1/thumb/v7e-m/fpv4-sp/hard\libgcc.a
LOAD c:/st/stm32cubeide_1.3.0/stm32cubeide/plugins/com.st.stm32cube.ide.mcu.externaltools.gnu-tools-for-stm32.7-2018-q2-update.win32_1.0.0.201904181610/tools/bin/../lib/gcc/arm-none-eabi/7.3.1/../../../../arm-none-eabi/lib/thumb/v7e-m/fpv4-sp/hard\libc_nano.a
END GROUP
START GROUP
LOAD c:/st/stm32cubeide_1.3.0/stm32cubeide/plugins/com.st.stm32cube.ide.mcu.externaltools.gnu-tools-for-stm32.7-2018-q2-update.win32_1.0.0.201904181610/tools/bin/../lib/gcc/arm-none-eabi/7.3.1/thumb/v7e-m/fpv4-sp/hard\libgcc.a
LOAD c:/st/stm32cubeide_1.3.0/stm32cubeide/plugins/com.st.stm32cube.ide.mcu.externaltools.gnu-tools-for-stm32.7-2018-q2-update.win32_1.0.0.201904181610/tools/bin/../lib/gcc/arm-none-eabi/7.3.1/../../../../arm-none-eabi/lib/thumb/v7e-m/fpv4-sp/hard\libc_nano.a
LOAD c:/st/stm32cubeide_1.3.0/stm32cubeide/plugins/com.st.stm32cube.ide.mcu.externaltools.gnu-tools-for-stm32.7-2018-q2-update.win32_1.0.0.201904181610/tools/bin/../lib/gcc/arm-none-eabi/7.3.1/../../../../arm-none-eabi/lib/thumb/v7e-m/fpv4-sp/hard\libnosys.a
END GROUP
START GROUP
LOAD c:/st/stm32cubeide_1.3.0/stm32cubeide/plugins/com.st.stm32cube.ide.mcu.externaltools.gnu-tools-for-stm32.7-2018-q2-update.win32_1.0.0.201904181610/tools/bin/../lib/gcc/arm-none-eabi/7.3.1/thumb/v7e-m/fpv4-sp/hard\libgcc.a
LOAD c:/st/stm32cubeide_1.3.0/stm32cubeide/plugins/com.st.stm32cube.ide.mcu.externaltools.gnu-tools-for-stm32.7-2018-q2-update.win32_1.0.0.201904181610/tools/bin/../lib/gcc/arm-none-eabi/7.3.1/../../../../arm-none-eabi/lib/thumb/v7e-m/fpv4-sp/hard\libc_nano.a
LOAD c:/st/stm32cubeide_1.3.0/stm32cubeide/plugins/com.st.stm32cube.ide.mcu.externaltools.gnu-tools-for-stm32.7-2018-q2-update.win32_1.0.0.201904181610/tools/bin/../lib/gcc/arm-none-eabi/7.3.1/../../../../arm-none-eabi/lib/thumb/v7e-m/fpv4-sp/hard\libnosys.a
END GROUP
LOAD c:/st/stm32cubeide_1.3.0/stm32cubeide/plugins/com.st.stm32cube.ide.mcu.externaltools.gnu-tools-for-stm32.7-2018-q2-update.win32_1.0.0.201904181610/tools/bin/../lib/gcc/arm-none-eabi/7.3.1/thumb/v7e-m/fpv4-sp/hard/crtend.o
LOAD c:/st/stm32cubeide_1.3.0/stm32cubeide/plugins/com.st.stm32cube.ide.mcu.externaltools.gnu-tools-for-stm32.7-2018-q2-update.win32_1.0.0.201904181610/tools/bin/../lib/gcc/arm-none-eabi/7.3.1/thumb/v7e-m/fpv4-sp/hard/crtn.o
                0x0000000020020000                _estack = (ORIGIN (RAM) + LENGTH (RAM))
                0x0000000000000200                _Min_Heap_Size = 0x200
                0x0000000000000400                _Min_Stack_Size = 0x400

.isr_vector     0x0000000008000000      0x188
                0x0000000008000000                . = ALIGN (0x4)
 *(.isr_vector)
 .isr_vector    0x0000000008000000      0x188 Core/Startup/startup_stm32f407vgtx.o
                0x0000000008000000                g_pfnVectors
                0x0000000008000188                . = ALIGN (0x4)

.text           0x0000000008000190     0x8ce8
                0x0000000008000190                . = ALIGN (0x4)
 *(.text)
 .text          0x0000000008000190       0x40 c:/st/stm32cubeide_1.3.0/stm32cubeide/plugins/com.st.stm32cube.ide.mcu.externaltools.gnu-tools-for-stm32.7-2018-q2-update.win32_1.0.0.201904181610/tools/bin/../lib/gcc/arm-none-eabi/7.3.1/thumb/v7e-m/fpv4-sp/hard/crtbegin.o
 .text          0x00000000080001d0       0xa0 c:/st/stm32cubeide_1.3.0/stm32cubeide/plugins/com.st.stm32cube.ide.mcu.externaltools.gnu-tools-for-stm32.7-2018-q2-update.win32_1.0.0.201904181610/tools/bin/../lib/gcc/arm-none-eabi/7.3.1/../../../../arm-none-eabi/lib/thumb/v7e-m/fpv4-sp/hard\libc_nano.a(lib_a-memchr.o)
                0x00000000080001d0                memchr
 .text          0x0000000008000270      0x378 c:/st/stm32cubeide_1.3.0/stm32cubeide/plugins/com.st.stm32cube.ide.mcu.externaltools.gnu-tools-for-stm32.7-2018-q2-update.win32_1.0.0.201904181610/tools/bin/../lib/gcc/arm-none-eabi/7.3.1/thumb/v7e-m/fpv4-sp/hard\libgcc.a(_arm_addsubdf3.o)
                0x0000000008000270                __aeabi_drsub
                0x0000000008000278                __aeabi_dsub
                0x0000000008000278                __subdf3
                0x000000000800027c                __aeabi_dadd
                0x000000000800027c                __adddf3
                0x00000000080004f4                __floatunsidf
                0x00000000080004f4                __aeabi_ui2d
                0x0000000008000514                __floatsidf
                0x0000000008000514                __aeabi_i2d
                0x0000000008000538                __aeabi_f2d
                0x0000000008000538                __extendsfdf2
                0x000000000800057c                __floatundidf
                0x000000000800057c                __aeabi_ul2d
                0x000000000800058c                __floatdidf
                0x000000000800058c                __aeabi_l2d
 .text          0x00000000080005e8      0x424 c:/st/stm32cubeide_1.3.0/stm32cubeide/plugins/com.st.stm32cube.ide.mcu.externaltools.gnu-tools-for-stm32.7-2018-q2-update.win32_1.0.0.201904181610/tools/bin/../lib/gcc/arm-none-eabi/7.3.1/thumb/v7e-m/fpv4-sp/hard\libgcc.a(_arm_muldivdf3.o)
                0x00000000080005e8                __aeabi_dmul
                0x00000000080005e8                __muldf3
                0x000000000800083c                __divdf3
                0x000000000800083c                __aeabi_ddiv
 .text          0x0000000008000a0c       0x50 c:/st/stm32cubeide_1.3.0/stm32cubeide/plugins/com.st.stm32cube.ide.mcu.externaltools.gnu-tools-for-stm32.7-2018-q2-update.win32_1.0.0.201904181610/tools/bin/../lib/gcc/arm-none-eabi/7.3.1/thumb/v7e-m/fpv4-sp/hard\libgcc.a(_arm_fixdfsi.o)
                0x0000000008000a0c                __aeabi_d2iz
                0x0000000008000a0c                __fixdfsi
 .text          0x0000000008000a5c       0x30 c:/st/stm32cubeide_1.3.0/stm32cubeide/plugins/com.st.stm32cube.ide.mcu.externaltools.gnu-tools-for-stm32.7-2018-q2-update.win32_1.0.0.201904181610/tools/bin/../lib/gcc/arm-none-eabi/7.3.1/thumb/v7e-m/fpv4-sp/hard\libgcc.a(_aeabi_uldivmod.o)
                0x0000000008000a5c                __aeabi_uldivmod
 .text          0x0000000008000a8c      0x2cc c:/st/stm32cubeide_1.3.0/stm32cubeide/plugins/com.st.stm32cube.ide.mcu.externaltools.gnu-tools-for-stm32.7-2018-q2-update.win32_1.0.0.201904181610/tools/bin/../lib/gcc/arm-none-eabi/7.3.1/thumb/v7e-m/fpv4-sp/hard\libgcc.a(_udivmoddi4.o)
                0x0000000008000a8c                __udivmoddi4
 .text          0x0000000008000d58        0x4 c:/st/stm32cubeide_1.3.0/stm32cubeide/plugins/com.st.stm32cube.ide.mcu.externaltools.gnu-tools-for-stm32.7-2018-q2-update.win32_1.0.0.201904181610/tools/bin/../lib/gcc/arm-none-eabi/7.3.1/thumb/v7e-m/fpv4-sp/hard\libgcc.a(_dvmd_tls.o)
                0x0000000008000d58                __aeabi_idiv0
                0x0000000008000d58                __aeabi_ldiv0
 *(.text*)
 .text.BuzzerInit
                0x0000000008000d5c       0x2c Core/Src/buzzer_api.o
                0x0000000008000d5c                BuzzerInit
 .text.DCMotorInit
                0x0000000008000d88       0x28 Core/Src/dc_motor_api.o
                0x0000000008000d88                DCMotorInit
 .text.DCMotorRPMSet
                0x0000000008000db0       0xac Core/Src/dc_motor_api.o
                0x0000000008000db0                DCMotorRPMSet
 .text.EncoderInit
                0x0000000008000e5c       0x2c Core/Src/encoder_api.o
                0x0000000008000e5c                EncoderInit
 .text.vApplicationGetIdleTaskMemory
                0x0000000008000e88       0x34 Core/Src/freertos.o
                0x0000000008000e88                vApplicationGetIdleTaskMemory
 .text.LCDSendCmd
                0x0000000008000ebc       0x6a Core/Src/lcd_display_api.o
                0x0000000008000ebc                LCDSendCmd
 .text.LCDSendData
                0x0000000008000f26       0x6a Core/Src/lcd_display_api.o
                0x0000000008000f26                LCDSendData
 .text.LCDClear
                0x0000000008000f90       0x32 Core/Src/lcd_display_api.o
                0x0000000008000f90                LCDClear
 *fill*         0x0000000008000fc2        0x2 
 .text.LCDSetCursorPos
                0x0000000008000fc4       0x54 Core/Src/lcd_display_api.o
                0x0000000008000fc4                LCDSetCursorPos
 .text.LCDInit  0x0000000008001018       0xb4 Core/Src/lcd_display_api.o
                0x0000000008001018                LCDInit
 .text.LCDSendString
                0x00000000080010cc       0x2c Core/Src/lcd_display_api.o
                0x00000000080010cc                LCDSendString
 .text.HAL_GPIO_EXTI_Callback
                0x00000000080010f8       0xe0 Core/Src/main.o
                0x00000000080010f8                HAL_GPIO_EXTI_Callback
 .text.main     0x00000000080011d8      0x248 Core/Src/main.o
                0x00000000080011d8                main
 .text.SystemClock_Config
                0x0000000008001420       0xd4 Core/Src/main.o
                0x0000000008001420                SystemClock_Config
 .text.MX_ADC1_Init
                0x00000000080014f4       0xf8 Core/Src/main.o
 .text.MX_I2C1_Init
                0x00000000080015ec       0x5c Core/Src/main.o
 .text.MX_SPI1_Init
                0x0000000008001648       0x6c Core/Src/main.o
 .text.MX_TIM3_Init
                0x00000000080016b4       0xa8 Core/Src/main.o
 .text.MX_TIM4_Init
                0x000000000800175c       0xa8 Core/Src/main.o
 .text.MX_TIM5_Init
                0x0000000008001804       0xb4 Core/Src/main.o
 .text.MX_TIM10_Init
                0x00000000080018b8       0x98 Core/Src/main.o
 .text.MX_UART5_Init
                0x0000000008001950       0x54 Core/Src/main.o
 .text.MX_DMA_Init
                0x00000000080019a4       0x40 Core/Src/main.o
 .text.MX_GPIO_Init
                0x00000000080019e4      0x178 Core/Src/main.o
 .text.initTaskFn
                0x0000000008001b5c       0x48 Core/Src/main.o
                0x0000000008001b5c                initTaskFn
 .text.mainRoutineFn
                0x0000000008001ba4      0x11c Core/Src/main.o
                0x0000000008001ba4                mainRoutineFn
 .text.displayUIFn
                0x0000000008001cc0       0xf8 Core/Src/main.o
                0x0000000008001cc0                displayUIFn
 .text.motorEncoderFn
                0x0000000008001db8       0x1e Core/Src/main.o
                0x0000000008001db8                motorEncoderFn
 .text.armEncoderFn
                0x0000000008001dd6       0x1e Core/Src/main.o
                0x0000000008001dd6                armEncoderFn
 .text.calibRoutineFn
                0x0000000008001df4      0x100 Core/Src/main.o
                0x0000000008001df4                calibRoutineFn
 .text.diagnosticsSrvFn
                0x0000000008001ef4       0x84 Core/Src/main.o
                0x0000000008001ef4                diagnosticsSrvFn
 .text.userInputFn
                0x0000000008001f78       0x50 Core/Src/main.o
                0x0000000008001f78                userInputFn
 .text.alarmMonitorFn
                0x0000000008001fc8       0x98 Core/Src/main.o
                0x0000000008001fc8                alarmMonitorFn
 .text.pressureSnsrFn
                0x0000000008002060       0x12 Core/Src/main.o
                0x0000000008002060                pressureSnsrFn
 *fill*         0x0000000008002072        0x2 
 .text.HAL_TIM_PeriodElapsedCallback
                0x0000000008002074       0x24 Core/Src/main.o
                0x0000000008002074                HAL_TIM_PeriodElapsedCallback
 .text.Error_Handler
                0x0000000008002098        0xe Core/Src/main.o
                0x0000000008002098                Error_Handler
 .text.PotControlsInit
                0x00000000080020a6       0x32 Core/Src/potentiometer_api.o
                0x00000000080020a6                PotControlsInit
 .text.PotControlsValueUpdate
                0x00000000080020d8       0x6a Core/Src/potentiometer_api.o
                0x00000000080020d8                PotControlsValueUpdate
 *fill*         0x0000000008002142        0x2 
 .text.HAL_MspInit
                0x0000000008002144       0x58 Core/Src/stm32f4xx_hal_msp.o
                0x0000000008002144                HAL_MspInit
 .text.HAL_ADC_MspInit
                0x000000000800219c      0x128 Core/Src/stm32f4xx_hal_msp.o
                0x000000000800219c                HAL_ADC_MspInit
 .text.HAL_I2C_MspInit
                0x00000000080022c4       0x90 Core/Src/stm32f4xx_hal_msp.o
                0x00000000080022c4                HAL_I2C_MspInit
 .text.HAL_SPI_MspInit
                0x0000000008002354       0xd0 Core/Src/stm32f4xx_hal_msp.o
                0x0000000008002354                HAL_SPI_MspInit
 .text.HAL_TIM_Encoder_MspInit
                0x0000000008002424       0xfc Core/Src/stm32f4xx_hal_msp.o
                0x0000000008002424                HAL_TIM_Encoder_MspInit
 .text.HAL_TIM_PWM_MspInit
                0x0000000008002520       0x44 Core/Src/stm32f4xx_hal_msp.o
                0x0000000008002520                HAL_TIM_PWM_MspInit
 .text.HAL_TIM_Base_MspInit
                0x0000000008002564       0x50 Core/Src/stm32f4xx_hal_msp.o
                0x0000000008002564                HAL_TIM_Base_MspInit
 .text.HAL_TIM_MspPostInit
                0x00000000080025b4       0xc4 Core/Src/stm32f4xx_hal_msp.o
                0x00000000080025b4                HAL_TIM_MspPostInit
 .text.HAL_UART_MspInit
                0x0000000008002678       0xd0 Core/Src/stm32f4xx_hal_msp.o
                0x0000000008002678                HAL_UART_MspInit
 .text.HAL_InitTick
                0x0000000008002748       0xb4 Core/Src/stm32f4xx_hal_timebase_tim.o
                0x0000000008002748                HAL_InitTick
 .text.NMI_Handler
                0x00000000080027fc        0xe Core/Src/stm32f4xx_it.o
                0x00000000080027fc                NMI_Handler
 .text.HardFault_Handler
                0x000000000800280a        0x6 Core/Src/stm32f4xx_it.o
                0x000000000800280a                HardFault_Handler
 .text.MemManage_Handler
                0x0000000008002810        0x6 Core/Src/stm32f4xx_it.o
                0x0000000008002810                MemManage_Handler
 .text.BusFault_Handler
                0x0000000008002816        0x6 Core/Src/stm32f4xx_it.o
                0x0000000008002816                BusFault_Handler
 .text.UsageFault_Handler
                0x000000000800281c        0x6 Core/Src/stm32f4xx_it.o
                0x000000000800281c                UsageFault_Handler
 .text.DebugMon_Handler
                0x0000000008002822        0xe Core/Src/stm32f4xx_it.o
                0x0000000008002822                DebugMon_Handler
 .text.TIM1_UP_TIM10_IRQHandler
                0x0000000008002830       0x1c Core/Src/stm32f4xx_it.o
                0x0000000008002830                TIM1_UP_TIM10_IRQHandler
 .text.EXTI15_10_IRQHandler
                0x000000000800284c       0x28 Core/Src/stm32f4xx_it.o
                0x000000000800284c                EXTI15_10_IRQHandler
 .text.DMA2_Stream0_IRQHandler
                0x0000000008002874       0x14 Core/Src/stm32f4xx_it.o
                0x0000000008002874                DMA2_Stream0_IRQHandler
 .text._sbrk    0x0000000008002888       0x58 Core/Src/sysmem.o
                0x0000000008002888                _sbrk
 .text.SystemInit
                0x00000000080028e0       0x2c Core/Src/system_stm32f4xx.o
                0x00000000080028e0                SystemInit
 .text.VentilatorInit
                0x000000000800290c       0x20 Core/Src/ventilator_api.o
                0x000000000800290c                VentilatorInit
 .text.UpdateVentilatorParams
                0x000000000800292c      0x2c0 Core/Src/ventilator_api.o
                0x000000000800292c                UpdateVentilatorParams
 .text.ToggleRoutineEnaParam
                0x0000000008002bec       0x44 Core/Src/ventilator_api.o
                0x0000000008002bec                ToggleRoutineEnaParam
 .text.ToggleCalibrationParam
                0x0000000008002c30       0x60 Core/Src/ventilator_api.o
                0x0000000008002c30                ToggleCalibrationParam
 .text.Reset_Handler
                0x0000000008002c90       0x50 Core/Startup/startup_stm32f407vgtx.o
                0x0000000008002c90                Reset_Handler
 .text.Default_Handler
                0x0000000008002ce0        0x2 Core/Startup/startup_stm32f407vgtx.o
                0x0000000008002ce0                RTC_Alarm_IRQHandler
                0x0000000008002ce0                HASH_RNG_IRQHandler
                0x0000000008002ce0                EXTI2_IRQHandler
                0x0000000008002ce0                TIM8_CC_IRQHandler
                0x0000000008002ce0                TIM1_CC_IRQHandler
                0x0000000008002ce0                DMA2_Stream5_IRQHandler
                0x0000000008002ce0                DMA1_Stream5_IRQHandler
                0x0000000008002ce0                PVD_IRQHandler
                0x0000000008002ce0                SDIO_IRQHandler
                0x0000000008002ce0                TAMP_STAMP_IRQHandler
                0x0000000008002ce0                CAN2_RX1_IRQHandler
                0x0000000008002ce0                EXTI3_IRQHandler
                0x0000000008002ce0                TIM8_TRG_COM_TIM14_IRQHandler
                0x0000000008002ce0                TIM8_UP_TIM13_IRQHandler
                0x0000000008002ce0                I2C3_ER_IRQHandler
                0x0000000008002ce0                EXTI0_IRQHandler
                0x0000000008002ce0                I2C2_EV_IRQHandler
                0x0000000008002ce0                DMA1_Stream2_IRQHandler
                0x0000000008002ce0                CAN1_RX0_IRQHandler
                0x0000000008002ce0                FPU_IRQHandler
                0x0000000008002ce0                OTG_HS_WKUP_IRQHandler
                0x0000000008002ce0                CAN2_SCE_IRQHandler
                0x0000000008002ce0                DMA2_Stream2_IRQHandler
                0x0000000008002ce0                SPI1_IRQHandler
                0x0000000008002ce0                TIM6_DAC_IRQHandler
                0x0000000008002ce0                TIM1_BRK_TIM9_IRQHandler
                0x0000000008002ce0                DCMI_IRQHandler
                0x0000000008002ce0                CAN2_RX0_IRQHandler
                0x0000000008002ce0                DMA2_Stream3_IRQHandler
                0x0000000008002ce0                USART6_IRQHandler
                0x0000000008002ce0                USART3_IRQHandler
                0x0000000008002ce0                CAN1_RX1_IRQHandler
                0x0000000008002ce0                UART5_IRQHandler
                0x0000000008002ce0                TIM4_IRQHandler
                0x0000000008002ce0                I2C1_EV_IRQHandler
                0x0000000008002ce0                DMA1_Stream6_IRQHandler
                0x0000000008002ce0                DMA1_Stream1_IRQHandler
                0x0000000008002ce0                UART4_IRQHandler
                0x0000000008002ce0                TIM3_IRQHandler
                0x0000000008002ce0                RCC_IRQHandler
                0x0000000008002ce0                TIM8_BRK_TIM12_IRQHandler
                0x0000000008002ce0                Default_Handler
                0x0000000008002ce0                ADC_IRQHandler
                0x0000000008002ce0                DMA1_Stream7_IRQHandler
                0x0000000008002ce0                TIM7_IRQHandler
                0x0000000008002ce0                CAN2_TX_IRQHandler
                0x0000000008002ce0                TIM5_IRQHandler
                0x0000000008002ce0                DMA2_Stream7_IRQHandler
                0x0000000008002ce0                I2C3_EV_IRQHandler
                0x0000000008002ce0                EXTI9_5_IRQHandler
                0x0000000008002ce0                RTC_WKUP_IRQHandler
                0x0000000008002ce0                ETH_WKUP_IRQHandler
                0x0000000008002ce0                SPI2_IRQHandler
                0x0000000008002ce0                OTG_HS_EP1_IN_IRQHandler
                0x0000000008002ce0                DMA1_Stream0_IRQHandler
                0x0000000008002ce0                CAN1_TX_IRQHandler
                0x0000000008002ce0                EXTI4_IRQHandler
                0x0000000008002ce0                FSMC_IRQHandler
                0x0000000008002ce0                ETH_IRQHandler
                0x0000000008002ce0                OTG_HS_EP1_OUT_IRQHandler
                0x0000000008002ce0                WWDG_IRQHandler
                0x0000000008002ce0                TIM2_IRQHandler
                0x0000000008002ce0                OTG_FS_WKUP_IRQHandler
                0x0000000008002ce0                TIM1_TRG_COM_TIM11_IRQHandler
                0x0000000008002ce0                OTG_HS_IRQHandler
                0x0000000008002ce0                EXTI1_IRQHandler
                0x0000000008002ce0                USART2_IRQHandler
                0x0000000008002ce0                I2C2_ER_IRQHandler
                0x0000000008002ce0                DMA2_Stream1_IRQHandler
                0x0000000008002ce0                CAN1_SCE_IRQHandler
                0x0000000008002ce0                FLASH_IRQHandler
                0x0000000008002ce0                DMA2_Stream4_IRQHandler
                0x0000000008002ce0                USART1_IRQHandler
                0x0000000008002ce0                OTG_FS_IRQHandler
                0x0000000008002ce0                SPI3_IRQHandler
                0x0000000008002ce0                DMA1_Stream4_IRQHandler
                0x0000000008002ce0                I2C1_ER_IRQHandler
                0x0000000008002ce0                DMA2_Stream6_IRQHandler
                0x0000000008002ce0                DMA1_Stream3_IRQHandler
 *fill*         0x0000000008002ce2        0x2 
 .text.HAL_Init
                0x0000000008002ce4       0x44 Drivers/STM32F4xx_HAL_Driver/Src/stm32f4xx_hal.o
                0x0000000008002ce4                HAL_Init
 .text.HAL_IncTick
                0x0000000008002d28       0x28 Drivers/STM32F4xx_HAL_Driver/Src/stm32f4xx_hal.o
                0x0000000008002d28                HAL_IncTick
 .text.HAL_GetTick
                0x0000000008002d50       0x18 Drivers/STM32F4xx_HAL_Driver/Src/stm32f4xx_hal.o
                0x0000000008002d50                HAL_GetTick
 .text.HAL_Delay
                0x0000000008002d68       0x44 Drivers/STM32F4xx_HAL_Driver/Src/stm32f4xx_hal.o
                0x0000000008002d68                HAL_Delay
 .text.HAL_ADC_Init
                0x0000000008002dac       0x86 Drivers/STM32F4xx_HAL_Driver/Src/stm32f4xx_hal_adc.o
                0x0000000008002dac                HAL_ADC_Init
 *fill*         0x0000000008002e32        0x2 
 .text.HAL_ADC_Start_DMA
                0x0000000008002e34      0x1e4 Drivers/STM32F4xx_HAL_Driver/Src/stm32f4xx_hal_adc.o
                0x0000000008002e34                HAL_ADC_Start_DMA
 .text.HAL_ADC_ConvCpltCallback
                0x0000000008003018       0x14 Drivers/STM32F4xx_HAL_Driver/Src/stm32f4xx_hal_adc.o
                0x0000000008003018                HAL_ADC_ConvCpltCallback
 .text.HAL_ADC_ConvHalfCpltCallback
                0x000000000800302c       0x14 Drivers/STM32F4xx_HAL_Driver/Src/stm32f4xx_hal_adc.o
                0x000000000800302c                HAL_ADC_ConvHalfCpltCallback
 .text.HAL_ADC_ErrorCallback
                0x0000000008003040       0x14 Drivers/STM32F4xx_HAL_Driver/Src/stm32f4xx_hal_adc.o
                0x0000000008003040                HAL_ADC_ErrorCallback
 .text.HAL_ADC_ConfigChannel
                0x0000000008003054      0x244 Drivers/STM32F4xx_HAL_Driver/Src/stm32f4xx_hal_adc.o
                0x0000000008003054                HAL_ADC_ConfigChannel
 .text.ADC_Init
                0x0000000008003298      0x1f8 Drivers/STM32F4xx_HAL_Driver/Src/stm32f4xx_hal_adc.o
 .text.ADC_DMAConvCplt
                0x0000000008003490       0xba Drivers/STM32F4xx_HAL_Driver/Src/stm32f4xx_hal_adc.o
 .text.ADC_DMAHalfConvCplt
                0x000000000800354a       0x1c Drivers/STM32F4xx_HAL_Driver/Src/stm32f4xx_hal_adc.o
 .text.ADC_DMAError
                0x0000000008003566       0x2e Drivers/STM32F4xx_HAL_Driver/Src/stm32f4xx_hal_adc.o
 .text.__NVIC_SetPriorityGrouping
                0x0000000008003594       0x48 Drivers/STM32F4xx_HAL_Driver/Src/stm32f4xx_hal_cortex.o
 .text.__NVIC_GetPriorityGrouping
                0x00000000080035dc       0x1c Drivers/STM32F4xx_HAL_Driver/Src/stm32f4xx_hal_cortex.o
 .text.__NVIC_EnableIRQ
                0x00000000080035f8       0x3c Drivers/STM32F4xx_HAL_Driver/Src/stm32f4xx_hal_cortex.o
 .text.__NVIC_SetPriority
                0x0000000008003634       0x54 Drivers/STM32F4xx_HAL_Driver/Src/stm32f4xx_hal_cortex.o
 .text.NVIC_EncodePriority
                0x0000000008003688       0x66 Drivers/STM32F4xx_HAL_Driver/Src/stm32f4xx_hal_cortex.o
 .text.HAL_NVIC_SetPriorityGrouping
                0x00000000080036ee       0x16 Drivers/STM32F4xx_HAL_Driver/Src/stm32f4xx_hal_cortex.o
                0x00000000080036ee                HAL_NVIC_SetPriorityGrouping
 .text.HAL_NVIC_SetPriority
                0x0000000008003704       0x38 Drivers/STM32F4xx_HAL_Driver/Src/stm32f4xx_hal_cortex.o
                0x0000000008003704                HAL_NVIC_SetPriority
 .text.HAL_NVIC_EnableIRQ
                0x000000000800373c       0x1c Drivers/STM32F4xx_HAL_Driver/Src/stm32f4xx_hal_cortex.o
                0x000000000800373c                HAL_NVIC_EnableIRQ
 .text.HAL_DMA_Init
                0x0000000008003758      0x15c Drivers/STM32F4xx_HAL_Driver/Src/stm32f4xx_hal_dma.o
                0x0000000008003758                HAL_DMA_Init
 .text.HAL_DMA_Start_IT
                0x00000000080038b4       0xb0 Drivers/STM32F4xx_HAL_Driver/Src/stm32f4xx_hal_dma.o
                0x00000000080038b4                HAL_DMA_Start_IT
 .text.HAL_DMA_IRQHandler
                0x0000000008003964      0x314 Drivers/STM32F4xx_HAL_Driver/Src/stm32f4xx_hal_dma.o
                0x0000000008003964                HAL_DMA_IRQHandler
 .text.DMA_SetConfig
                0x0000000008003c78       0x5c Drivers/STM32F4xx_HAL_Driver/Src/stm32f4xx_hal_dma.o
 .text.DMA_CalcBaseAndBitshift
                0x0000000008003cd4       0x6c Drivers/STM32F4xx_HAL_Driver/Src/stm32f4xx_hal_dma.o
 .text.DMA_CheckFifoParam
                0x0000000008003d40       0xf4 Drivers/STM32F4xx_HAL_Driver/Src/stm32f4xx_hal_dma.o
 .text.HAL_GPIO_Init
                0x0000000008003e34      0x334 Drivers/STM32F4xx_HAL_Driver/Src/stm32f4xx_hal_gpio.o
                0x0000000008003e34                HAL_GPIO_Init
 .text.HAL_GPIO_WritePin
                0x0000000008004168       0x32 Drivers/STM32F4xx_HAL_Driver/Src/stm32f4xx_hal_gpio.o
                0x0000000008004168                HAL_GPIO_WritePin
 *fill*         0x000000000800419a        0x2 
 .text.HAL_GPIO_EXTI_IRQHandler
                0x000000000800419c       0x30 Drivers/STM32F4xx_HAL_Driver/Src/stm32f4xx_hal_gpio.o
                0x000000000800419c                HAL_GPIO_EXTI_IRQHandler
 .text.HAL_I2C_Init
                0x00000000080041cc      0x270 Drivers/STM32F4xx_HAL_Driver/Src/stm32f4xx_hal_i2c.o
                0x00000000080041cc                HAL_I2C_Init
 .text.HAL_I2C_Master_Transmit
                0x000000000800443c      0x1fc Drivers/STM32F4xx_HAL_Driver/Src/stm32f4xx_hal_i2c.o
                0x000000000800443c                HAL_I2C_Master_Transmit
 .text.I2C_MasterRequestWrite
                0x0000000008004638      0x104 Drivers/STM32F4xx_HAL_Driver/Src/stm32f4xx_hal_i2c.o
 .text.I2C_WaitOnFlagUntilTimeout
                0x000000000800473c       0xae Drivers/STM32F4xx_HAL_Driver/Src/stm32f4xx_hal_i2c.o
 .text.I2C_WaitOnMasterAddressFlagUntilTimeout
                0x00000000080047ea       0xfe Drivers/STM32F4xx_HAL_Driver/Src/stm32f4xx_hal_i2c.o
 .text.I2C_WaitOnTXEFlagUntilTimeout
                0x00000000080048e8       0x82 Drivers/STM32F4xx_HAL_Driver/Src/stm32f4xx_hal_i2c.o
 .text.I2C_WaitOnBTFFlagUntilTimeout
                0x000000000800496a       0x82 Drivers/STM32F4xx_HAL_Driver/Src/stm32f4xx_hal_i2c.o
 .text.I2C_IsAcknowledgeFailed
                0x00000000080049ec       0x5e Drivers/STM32F4xx_HAL_Driver/Src/stm32f4xx_hal_i2c.o
 *fill*         0x0000000008004a4a        0x2 
 .text.HAL_RCC_OscConfig
                0x0000000008004a4c      0x4e0 Drivers/STM32F4xx_HAL_Driver/Src/stm32f4xx_hal_rcc.o
                0x0000000008004a4c                HAL_RCC_OscConfig
 .text.HAL_RCC_ClockConfig
                0x0000000008004f2c      0x1cc Drivers/STM32F4xx_HAL_Driver/Src/stm32f4xx_hal_rcc.o
                0x0000000008004f2c                HAL_RCC_ClockConfig
 .text.HAL_RCC_GetSysClockFreq
                0x00000000080050f8      0x1b0 Drivers/STM32F4xx_HAL_Driver/Src/stm32f4xx_hal_rcc.o
                0x00000000080050f8                HAL_RCC_GetSysClockFreq
 .text.HAL_RCC_GetHCLKFreq
                0x00000000080052a8       0x18 Drivers/STM32F4xx_HAL_Driver/Src/stm32f4xx_hal_rcc.o
                0x00000000080052a8                HAL_RCC_GetHCLKFreq
 .text.HAL_RCC_GetPCLK1Freq
                0x00000000080052c0       0x28 Drivers/STM32F4xx_HAL_Driver/Src/stm32f4xx_hal_rcc.o
                0x00000000080052c0                HAL_RCC_GetPCLK1Freq
 .text.HAL_RCC_GetPCLK2Freq
                0x00000000080052e8       0x28 Drivers/STM32F4xx_HAL_Driver/Src/stm32f4xx_hal_rcc.o
                0x00000000080052e8                HAL_RCC_GetPCLK2Freq
 .text.HAL_RCC_GetClockConfig
                0x0000000008005310       0x64 Drivers/STM32F4xx_HAL_Driver/Src/stm32f4xx_hal_rcc.o
                0x0000000008005310                HAL_RCC_GetClockConfig
 .text.HAL_SPI_Init
                0x0000000008005374       0xc8 Drivers/STM32F4xx_HAL_Driver/Src/stm32f4xx_hal_spi.o
                0x0000000008005374                HAL_SPI_Init
 .text.HAL_TIM_Base_Init
                0x000000000800543c       0x56 Drivers/STM32F4xx_HAL_Driver/Src/stm32f4xx_hal_tim.o
                0x000000000800543c                HAL_TIM_Base_Init
 .text.HAL_TIM_Base_Start_IT
                0x0000000008005492       0x48 Drivers/STM32F4xx_HAL_Driver/Src/stm32f4xx_hal_tim.o
                0x0000000008005492                HAL_TIM_Base_Start_IT
 .text.HAL_TIM_PWM_Init
                0x00000000080054da       0x56 Drivers/STM32F4xx_HAL_Driver/Src/stm32f4xx_hal_tim.o
                0x00000000080054da                HAL_TIM_PWM_Init
 .text.HAL_TIM_PWM_Start
                0x0000000008005530       0x7c Drivers/STM32F4xx_HAL_Driver/Src/stm32f4xx_hal_tim.o
                0x0000000008005530                HAL_TIM_PWM_Start
 .text.HAL_TIM_PWM_Stop
                0x00000000080055ac       0xb0 Drivers/STM32F4xx_HAL_Driver/Src/stm32f4xx_hal_tim.o
                0x00000000080055ac                HAL_TIM_PWM_Stop
 .text.HAL_TIM_Encoder_Init
                0x000000000800565c      0x124 Drivers/STM32F4xx_HAL_Driver/Src/stm32f4xx_hal_tim.o
                0x000000000800565c                HAL_TIM_Encoder_Init
 .text.HAL_TIM_IRQHandler
                0x0000000008005780      0x210 Drivers/STM32F4xx_HAL_Driver/Src/stm32f4xx_hal_tim.o
                0x0000000008005780                HAL_TIM_IRQHandler
 .text.HAL_TIM_PWM_ConfigChannel
                0x0000000008005990      0x18c Drivers/STM32F4xx_HAL_Driver/Src/stm32f4xx_hal_tim.o
                0x0000000008005990                HAL_TIM_PWM_ConfigChannel
 .text.HAL_TIM_OC_DelayElapsedCallback
                0x0000000008005b1c       0x14 Drivers/STM32F4xx_HAL_Driver/Src/stm32f4xx_hal_tim.o
                0x0000000008005b1c                HAL_TIM_OC_DelayElapsedCallback
 .text.HAL_TIM_IC_CaptureCallback
                0x0000000008005b30       0x14 Drivers/STM32F4xx_HAL_Driver/Src/stm32f4xx_hal_tim.o
                0x0000000008005b30                HAL_TIM_IC_CaptureCallback
 .text.HAL_TIM_PWM_PulseFinishedCallback
                0x0000000008005b44       0x14 Drivers/STM32F4xx_HAL_Driver/Src/stm32f4xx_hal_tim.o
                0x0000000008005b44                HAL_TIM_PWM_PulseFinishedCallback
 .text.HAL_TIM_TriggerCallback
                0x0000000008005b58       0x14 Drivers/STM32F4xx_HAL_Driver/Src/stm32f4xx_hal_tim.o
                0x0000000008005b58                HAL_TIM_TriggerCallback
 .text.TIM_Base_SetConfig
                0x0000000008005b6c      0x140 Drivers/STM32F4xx_HAL_Driver/Src/stm32f4xx_hal_tim.o
                0x0000000008005b6c                TIM_Base_SetConfig
 .text.TIM_OC1_SetConfig
                0x0000000008005cac       0xe0 Drivers/STM32F4xx_HAL_Driver/Src/stm32f4xx_hal_tim.o
 .text.TIM_OC2_SetConfig
                0x0000000008005d8c       0xec Drivers/STM32F4xx_HAL_Driver/Src/stm32f4xx_hal_tim.o
                0x0000000008005d8c                TIM_OC2_SetConfig
 .text.TIM_OC3_SetConfig
                0x0000000008005e78       0xe8 Drivers/STM32F4xx_HAL_Driver/Src/stm32f4xx_hal_tim.o
 .text.TIM_OC4_SetConfig
                0x0000000008005f60       0xac Drivers/STM32F4xx_HAL_Driver/Src/stm32f4xx_hal_tim.o
 .text.TIM_CCxChannelCmd
                0x000000000800600c       0x4a Drivers/STM32F4xx_HAL_Driver/Src/stm32f4xx_hal_tim.o
                0x000000000800600c                TIM_CCxChannelCmd
 *fill*         0x0000000008006056        0x2 
 .text.HAL_TIMEx_MasterConfigSynchronization
                0x0000000008006058       0xf8 Drivers/STM32F4xx_HAL_Driver/Src/stm32f4xx_hal_tim_ex.o
                0x0000000008006058                HAL_TIMEx_MasterConfigSynchronization
 .text.HAL_TIMEx_CommutCallback
                0x0000000008006150       0x14 Drivers/STM32F4xx_HAL_Driver/Src/stm32f4xx_hal_tim_ex.o
                0x0000000008006150                HAL_TIMEx_CommutCallback
 .text.HAL_TIMEx_BreakCallback
                0x0000000008006164       0x14 Drivers/STM32F4xx_HAL_Driver/Src/stm32f4xx_hal_tim_ex.o
                0x0000000008006164                HAL_TIMEx_BreakCallback
 .text.HAL_UART_Init
                0x0000000008006178       0x9a Drivers/STM32F4xx_HAL_Driver/Src/stm32f4xx_hal_uart.o
                0x0000000008006178                HAL_UART_Init
 .text.HAL_UART_Transmit
                0x0000000008006212      0x132 Drivers/STM32F4xx_HAL_Driver/Src/stm32f4xx_hal_uart.o
                0x0000000008006212                HAL_UART_Transmit
 .text.UART_WaitOnFlagUntilTimeout
                0x0000000008006344       0x94 Drivers/STM32F4xx_HAL_Driver/Src/stm32f4xx_hal_uart.o
 .text.UART_SetConfig
                0x00000000080063d8      0x6f8 Drivers/STM32F4xx_HAL_Driver/Src/stm32f4xx_hal_uart.o
 .text.makeFreeRtosPriority
                0x0000000008006ad0       0x30 Middlewares/Third_Party/FreeRTOS/Source/CMSIS_RTOS/cmsis_os.o
 .text.inHandlerMode
                0x0000000008006b00       0x24 Middlewares/Third_Party/FreeRTOS/Source/CMSIS_RTOS/cmsis_os.o
 .text.osKernelStart
                0x0000000008006b24        0xe Middlewares/Third_Party/FreeRTOS/Source/CMSIS_RTOS/cmsis_os.o
                0x0000000008006b24                osKernelStart
 .text.osKernelSysTick
                0x0000000008006b32       0x20 Middlewares/Third_Party/FreeRTOS/Source/CMSIS_RTOS/cmsis_os.o
                0x0000000008006b32                osKernelSysTick
 .text.osThreadCreate
                0x0000000008006b52       0x98 Middlewares/Third_Party/FreeRTOS/Source/CMSIS_RTOS/cmsis_os.o
                0x0000000008006b52                osThreadCreate
 .text.osThreadTerminate
                0x0000000008006bea       0x18 Middlewares/Third_Party/FreeRTOS/Source/CMSIS_RTOS/cmsis_os.o
                0x0000000008006bea                osThreadTerminate
 .text.osDelay  0x0000000008006c02       0x28 Middlewares/Third_Party/FreeRTOS/Source/CMSIS_RTOS/cmsis_os.o
                0x0000000008006c02                osDelay
 .text.osThreadSuspend
                0x0000000008006c2a       0x18 Middlewares/Third_Party/FreeRTOS/Source/CMSIS_RTOS/cmsis_os.o
                0x0000000008006c2a                osThreadSuspend
 *fill*         0x0000000008006c42        0x2 
 .text.osThreadResume
                0x0000000008006c44       0x44 Middlewares/Third_Party/FreeRTOS/Source/CMSIS_RTOS/cmsis_os.o
                0x0000000008006c44                osThreadResume
 .text.osDelayUntil
                0x0000000008006c88       0x2c Middlewares/Third_Party/FreeRTOS/Source/CMSIS_RTOS/cmsis_os.o
                0x0000000008006c88                osDelayUntil
 .text.vListInitialise
                0x0000000008006cb4       0x40 Middlewares/Third_Party/FreeRTOS/Source/list.o
                0x0000000008006cb4                vListInitialise
 .text.vListInitialiseItem
                0x0000000008006cf4       0x1a Middlewares/Third_Party/FreeRTOS/Source/list.o
                0x0000000008006cf4                vListInitialiseItem
 .text.vListInsertEnd
                0x0000000008006d0e       0x48 Middlewares/Third_Party/FreeRTOS/Source/list.o
                0x0000000008006d0e                vListInsertEnd
 .text.vListInsert
                0x0000000008006d56       0x72 Middlewares/Third_Party/FreeRTOS/Source/list.o
                0x0000000008006d56                vListInsert
 .text.uxListRemove
                0x0000000008006dc8       0x54 Middlewares/Third_Party/FreeRTOS/Source/list.o
                0x0000000008006dc8                uxListRemove
 .text.xTaskCreateStatic
                0x0000000008006e1c       0xb4 Middlewares/Third_Party/FreeRTOS/Source/tasks.o
                0x0000000008006e1c                xTaskCreateStatic
 .text.xTaskCreate
                0x0000000008006ed0       0x8a Middlewares/Third_Party/FreeRTOS/Source/tasks.o
                0x0000000008006ed0                xTaskCreate
 .text.prvInitialiseNewTask
                0x0000000008006f5a      0x10c Middlewares/Third_Party/FreeRTOS/Source/tasks.o
 *fill*         0x0000000008007066        0x2 
 .text.prvAddNewTaskToReadyList
                0x0000000008007068       0xd4 Middlewares/Third_Party/FreeRTOS/Source/tasks.o
 .text.vTaskDelete
                0x000000000800713c      0x11c Middlewares/Third_Party/FreeRTOS/Source/tasks.o
                0x000000000800713c                vTaskDelete
 .text.vTaskDelayUntil
                0x0000000008007258       0xf4 Middlewares/Third_Party/FreeRTOS/Source/tasks.o
                0x0000000008007258                vTaskDelayUntil
 .text.vTaskDelay
                0x000000000800734c       0x68 Middlewares/Third_Party/FreeRTOS/Source/tasks.o
                0x000000000800734c                vTaskDelay
 .text.vTaskSuspend
                0x00000000080073b4      0x124 Middlewares/Third_Party/FreeRTOS/Source/tasks.o
                0x00000000080073b4                vTaskSuspend
 .text.prvTaskIsTaskSuspended
                0x00000000080074d8       0x60 Middlewares/Third_Party/FreeRTOS/Source/tasks.o
 .text.vTaskResume
                0x0000000008007538       0xb8 Middlewares/Third_Party/FreeRTOS/Source/tasks.o
                0x0000000008007538                vTaskResume
 .text.xTaskResumeFromISR
                0x00000000080075f0       0xe0 Middlewares/Third_Party/FreeRTOS/Source/tasks.o
                0x00000000080075f0                xTaskResumeFromISR
 .text.vTaskStartScheduler
                0x00000000080076d0       0xbc Middlewares/Third_Party/FreeRTOS/Source/tasks.o
                0x00000000080076d0                vTaskStartScheduler
 .text.vTaskSuspendAll
                0x000000000800778c       0x1c Middlewares/Third_Party/FreeRTOS/Source/tasks.o
                0x000000000800778c                vTaskSuspendAll
 .text.xTaskResumeAll
                0x00000000080077a8      0x138 Middlewares/Third_Party/FreeRTOS/Source/tasks.o
                0x00000000080077a8                xTaskResumeAll
 .text.xTaskGetTickCount
                0x00000000080078e0       0x20 Middlewares/Third_Party/FreeRTOS/Source/tasks.o
                0x00000000080078e0                xTaskGetTickCount
 .text.xTaskGetTickCountFromISR
                0x0000000008007900       0x24 Middlewares/Third_Party/FreeRTOS/Source/tasks.o
                0x0000000008007900                xTaskGetTickCountFromISR
 .text.xTaskIncrementTick
                0x0000000008007924      0x170 Middlewares/Third_Party/FreeRTOS/Source/tasks.o
                0x0000000008007924                xTaskIncrementTick
 .text.vTaskSwitchContext
                0x0000000008007a94       0xb4 Middlewares/Third_Party/FreeRTOS/Source/tasks.o
                0x0000000008007a94                vTaskSwitchContext
 .text.prvIdleTask
                0x0000000008007b48       0x30 Middlewares/Third_Party/FreeRTOS/Source/tasks.o
 .text.prvInitialiseTaskLists
                0x0000000008007b78       0x80 Middlewares/Third_Party/FreeRTOS/Source/tasks.o
 .text.prvCheckTasksWaitingTermination
                0x0000000008007bf8       0x58 Middlewares/Third_Party/FreeRTOS/Source/tasks.o
 .text.prvDeleteTCB
                0x0000000008007c50       0x5c Middlewares/Third_Party/FreeRTOS/Source/tasks.o
 .text.prvResetNextTaskUnblockTime
                0x0000000008007cac       0x40 Middlewares/Third_Party/FreeRTOS/Source/tasks.o
 .text.prvAddCurrentTaskToDelayedList
                0x0000000008007cec       0xcc Middlewares/Third_Party/FreeRTOS/Source/tasks.o
 .text.pxPortInitialiseStack
                0x0000000008007db8       0x68 Middlewares/Third_Party/FreeRTOS/Source/portable/GCC/ARM_CM4F/port.o
                0x0000000008007db8                pxPortInitialiseStack
 .text.prvTaskExitError
                0x0000000008007e20       0x54 Middlewares/Third_Party/FreeRTOS/Source/portable/GCC/ARM_CM4F/port.o
 *fill*         0x0000000008007e74        0xc 
 .text.SVC_Handler
                0x0000000008007e80       0x28 Middlewares/Third_Party/FreeRTOS/Source/portable/GCC/ARM_CM4F/port.o
                0x0000000008007e80                SVC_Handler
 .text.prvPortStartFirstTask
                0x0000000008007ea8       0x28 Middlewares/Third_Party/FreeRTOS/Source/portable/GCC/ARM_CM4F/port.o
 .text.xPortStartScheduler
                0x0000000008007ed0      0x13c Middlewares/Third_Party/FreeRTOS/Source/portable/GCC/ARM_CM4F/port.o
                0x0000000008007ed0                xPortStartScheduler
 .text.vPortEnterCritical
                0x000000000800800c       0x5c Middlewares/Third_Party/FreeRTOS/Source/portable/GCC/ARM_CM4F/port.o
                0x000000000800800c                vPortEnterCritical
 .text.vPortExitCritical
                0x0000000008008068       0x50 Middlewares/Third_Party/FreeRTOS/Source/portable/GCC/ARM_CM4F/port.o
                0x0000000008008068                vPortExitCritical
 *fill*         0x00000000080080b8        0x8 
 .text.PendSV_Handler
                0x00000000080080c0       0x68 Middlewares/Third_Party/FreeRTOS/Source/portable/GCC/ARM_CM4F/port.o
                0x00000000080080c0                PendSV_Handler
 .text.SysTick_Handler
                0x0000000008008128       0x40 Middlewares/Third_Party/FreeRTOS/Source/portable/GCC/ARM_CM4F/port.o
                0x0000000008008128                SysTick_Handler
 .text.vPortSetupTimerInterrupt
                0x0000000008008168       0x48 Middlewares/Third_Party/FreeRTOS/Source/portable/GCC/ARM_CM4F/port.o
                0x0000000008008168                vPortSetupTimerInterrupt
 .text.vPortEnableVFP
                0x00000000080081b0       0x14 Middlewares/Third_Party/FreeRTOS/Source/portable/GCC/ARM_CM4F/port.o
 .text.vPortValidateInterruptPriority
                0x00000000080081c4       0x7c Middlewares/Third_Party/FreeRTOS/Source/portable/GCC/ARM_CM4F/port.o
                0x00000000080081c4                vPortValidateInterruptPriority
 .text.pvPortMalloc
                0x0000000008008240      0x184 Middlewares/Third_Party/FreeRTOS/Source/portable/MemMang/heap_4.o
                0x0000000008008240                pvPortMalloc
 .text.vPortFree
                0x00000000080083c4       0xb0 Middlewares/Third_Party/FreeRTOS/Source/portable/MemMang/heap_4.o
                0x00000000080083c4                vPortFree
 .text.prvHeapInit
                0x0000000008008474       0xc4 Middlewares/Third_Party/FreeRTOS/Source/portable/MemMang/heap_4.o
 .text.prvInsertBlockIntoFreeList
                0x0000000008008538       0xb4 Middlewares/Third_Party/FreeRTOS/Source/portable/MemMang/heap_4.o
 .text.__errno  0x00000000080085ec        0xc c:/st/stm32cubeide_1.3.0/stm32cubeide/plugins/com.st.stm32cube.ide.mcu.externaltools.gnu-tools-for-stm32.7-2018-q2-update.win32_1.0.0.201904181610/tools/bin/../lib/gcc/arm-none-eabi/7.3.1/../../../../arm-none-eabi/lib/thumb/v7e-m/fpv4-sp/hard\libc_nano.a(lib_a-errno.o)
                0x00000000080085ec                __errno
 .text.__libc_init_array
                0x00000000080085f8       0x48 c:/st/stm32cubeide_1.3.0/stm32cubeide/plugins/com.st.stm32cube.ide.mcu.externaltools.gnu-tools-for-stm32.7-2018-q2-update.win32_1.0.0.201904181610/tools/bin/../lib/gcc/arm-none-eabi/7.3.1/../../../../arm-none-eabi/lib/thumb/v7e-m/fpv4-sp/hard\libc_nano.a(lib_a-init.o)
                0x00000000080085f8                __libc_init_array
 .text.memcpy   0x0000000008008640       0x16 c:/st/stm32cubeide_1.3.0/stm32cubeide/plugins/com.st.stm32cube.ide.mcu.externaltools.gnu-tools-for-stm32.7-2018-q2-update.win32_1.0.0.201904181610/tools/bin/../lib/gcc/arm-none-eabi/7.3.1/../../../../arm-none-eabi/lib/thumb/v7e-m/fpv4-sp/hard\libc_nano.a(lib_a-memcpy-stub.o)
                0x0000000008008640                memcpy
 .text.memset   0x0000000008008656       0x10 c:/st/stm32cubeide_1.3.0/stm32cubeide/plugins/com.st.stm32cube.ide.mcu.externaltools.gnu-tools-for-stm32.7-2018-q2-update.win32_1.0.0.201904181610/tools/bin/../lib/gcc/arm-none-eabi/7.3.1/../../../../arm-none-eabi/lib/thumb/v7e-m/fpv4-sp/hard\libc_nano.a(lib_a-memset.o)
                0x0000000008008656                memset
 *fill*         0x0000000008008666        0x2 
 .text.sprintf  0x0000000008008668       0x40 c:/st/stm32cubeide_1.3.0/stm32cubeide/plugins/com.st.stm32cube.ide.mcu.externaltools.gnu-tools-for-stm32.7-2018-q2-update.win32_1.0.0.201904181610/tools/bin/../lib/gcc/arm-none-eabi/7.3.1/../../../../arm-none-eabi/lib/thumb/v7e-m/fpv4-sp/hard\libc_nano.a(lib_a-sprintf.o)
                0x0000000008008668                siprintf
                0x0000000008008668                sprintf
 .text.__ssputs_r
                0x00000000080086a8       0xb4 c:/st/stm32cubeide_1.3.0/stm32cubeide/plugins/com.st.stm32cube.ide.mcu.externaltools.gnu-tools-for-stm32.7-2018-q2-update.win32_1.0.0.201904181610/tools/bin/../lib/gcc/arm-none-eabi/7.3.1/../../../../arm-none-eabi/lib/thumb/v7e-m/fpv4-sp/hard\libc_nano.a(lib_a-nano-svfprintf.o)
                0x00000000080086a8                __ssputs_r
 .text._svfprintf_r
                0x000000000800875c      0x1f0 c:/st/stm32cubeide_1.3.0/stm32cubeide/plugins/com.st.stm32cube.ide.mcu.externaltools.gnu-tools-for-stm32.7-2018-q2-update.win32_1.0.0.201904181610/tools/bin/../lib/gcc/arm-none-eabi/7.3.1/../../../../arm-none-eabi/lib/thumb/v7e-m/fpv4-sp/hard\libc_nano.a(lib_a-nano-svfprintf.o)
                0x000000000800875c                _svfiprintf_r
                0x000000000800875c                _svfprintf_r
 .text._printf_common
                0x000000000800894c       0xea c:/st/stm32cubeide_1.3.0/stm32cubeide/plugins/com.st.stm32cube.ide.mcu.externaltools.gnu-tools-for-stm32.7-2018-q2-update.win32_1.0.0.201904181610/tools/bin/../lib/gcc/arm-none-eabi/7.3.1/../../../../arm-none-eabi/lib/thumb/v7e-m/fpv4-sp/hard\libc_nano.a(lib_a-nano-vfprintf_i.o)
                0x000000000800894c                _printf_common
 *fill*         0x0000000008008a36        0x2 
 .text._printf_i
                0x0000000008008a38      0x224 c:/st/stm32cubeide_1.3.0/stm32cubeide/plugins/com.st.stm32cube.ide.mcu.externaltools.gnu-tools-for-stm32.7-2018-q2-update.win32_1.0.0.201904181610/tools/bin/../lib/gcc/arm-none-eabi/7.3.1/../../../../arm-none-eabi/lib/thumb/v7e-m/fpv4-sp/hard\libc_nano.a(lib_a-nano-vfprintf_i.o)
                0x0000000008008a38                _printf_i
 .text.memmove  0x0000000008008c5c       0x32 c:/st/stm32cubeide_1.3.0/stm32cubeide/plugins/com.st.stm32cube.ide.mcu.externaltools.gnu-tools-for-stm32.7-2018-q2-update.win32_1.0.0.201904181610/tools/bin/../lib/gcc/arm-none-eabi/7.3.1/../../../../arm-none-eabi/lib/thumb/v7e-m/fpv4-sp/hard\libc_nano.a(lib_a-memmove.o)
                0x0000000008008c5c                memmove
 *fill*         0x0000000008008c8e        0x2 
 .text._free_r  0x0000000008008c90       0x9c c:/st/stm32cubeide_1.3.0/stm32cubeide/plugins/com.st.stm32cube.ide.mcu.externaltools.gnu-tools-for-stm32.7-2018-q2-update.win32_1.0.0.201904181610/tools/bin/../lib/gcc/arm-none-eabi/7.3.1/../../../../arm-none-eabi/lib/thumb/v7e-m/fpv4-sp/hard\libc_nano.a(lib_a-nano-freer.o)
                0x0000000008008c90                _free_r
 .text._malloc_r
                0x0000000008008d2c       0xb4 c:/st/stm32cubeide_1.3.0/stm32cubeide/plugins/com.st.stm32cube.ide.mcu.externaltools.gnu-tools-for-stm32.7-2018-q2-update.win32_1.0.0.201904181610/tools/bin/../lib/gcc/arm-none-eabi/7.3.1/../../../../arm-none-eabi/lib/thumb/v7e-m/fpv4-sp/hard\libc_nano.a(lib_a-nano-mallocr.o)
                0x0000000008008d2c                _malloc_r
 .text._realloc_r
                0x0000000008008de0       0x4c c:/st/stm32cubeide_1.3.0/stm32cubeide/plugins/com.st.stm32cube.ide.mcu.externaltools.gnu-tools-for-stm32.7-2018-q2-update.win32_1.0.0.201904181610/tools/bin/../lib/gcc/arm-none-eabi/7.3.1/../../../../arm-none-eabi/lib/thumb/v7e-m/fpv4-sp/hard\libc_nano.a(lib_a-nano-reallocr.o)
                0x0000000008008de0                _realloc_r
 .text._sbrk_r  0x0000000008008e2c       0x20 c:/st/stm32cubeide_1.3.0/stm32cubeide/plugins/com.st.stm32cube.ide.mcu.externaltools.gnu-tools-for-stm32.7-2018-q2-update.win32_1.0.0.201904181610/tools/bin/../lib/gcc/arm-none-eabi/7.3.1/../../../../arm-none-eabi/lib/thumb/v7e-m/fpv4-sp/hard\libc_nano.a(lib_a-sbrkr.o)
                0x0000000008008e2c                _sbrk_r
 .text.__malloc_lock
                0x0000000008008e4c        0x2 c:/st/stm32cubeide_1.3.0/stm32cubeide/plugins/com.st.stm32cube.ide.mcu.externaltools.gnu-tools-for-stm32.7-2018-q2-update.win32_1.0.0.201904181610/tools/bin/../lib/gcc/arm-none-eabi/7.3.1/../../../../arm-none-eabi/lib/thumb/v7e-m/fpv4-sp/hard\libc_nano.a(lib_a-mlock.o)
                0x0000000008008e4c                __malloc_lock
 .text.__malloc_unlock
                0x0000000008008e4e        0x2 c:/st/stm32cubeide_1.3.0/stm32cubeide/plugins/com.st.stm32cube.ide.mcu.externaltools.gnu-tools-for-stm32.7-2018-q2-update.win32_1.0.0.201904181610/tools/bin/../lib/gcc/arm-none-eabi/7.3.1/../../../../arm-none-eabi/lib/thumb/v7e-m/fpv4-sp/hard\libc_nano.a(lib_a-mlock.o)
                0x0000000008008e4e                __malloc_unlock
 .text._malloc_usable_size_r
                0x0000000008008e50       0x10 c:/st/stm32cubeide_1.3.0/stm32cubeide/plugins/com.st.stm32cube.ide.mcu.externaltools.gnu-tools-for-stm32.7-2018-q2-update.win32_1.0.0.201904181610/tools/bin/../lib/gcc/arm-none-eabi/7.3.1/../../../../arm-none-eabi/lib/thumb/v7e-m/fpv4-sp/hard\libc_nano.a(lib_a-nano-msizer.o)
                0x0000000008008e50                _malloc_usable_size_r
 *(.glue_7)
 .glue_7        0x0000000008008e60        0x0 linker stubs
 *(.glue_7t)
 .glue_7t       0x0000000008008e60        0x0 linker stubs
 *(.eh_frame)
 .eh_frame      0x0000000008008e60        0x0 c:/st/stm32cubeide_1.3.0/stm32cubeide/plugins/com.st.stm32cube.ide.mcu.externaltools.gnu-tools-for-stm32.7-2018-q2-update.win32_1.0.0.201904181610/tools/bin/../lib/gcc/arm-none-eabi/7.3.1/thumb/v7e-m/fpv4-sp/hard/crtbegin.o
 *(.init)
 .init          0x0000000008008e60        0x4 c:/st/stm32cubeide_1.3.0/stm32cubeide/plugins/com.st.stm32cube.ide.mcu.externaltools.gnu-tools-for-stm32.7-2018-q2-update.win32_1.0.0.201904181610/tools/bin/../lib/gcc/arm-none-eabi/7.3.1/thumb/v7e-m/fpv4-sp/hard/crti.o
                0x0000000008008e60                _init
 .init          0x0000000008008e64        0x8 c:/st/stm32cubeide_1.3.0/stm32cubeide/plugins/com.st.stm32cube.ide.mcu.externaltools.gnu-tools-for-stm32.7-2018-q2-update.win32_1.0.0.201904181610/tools/bin/../lib/gcc/arm-none-eabi/7.3.1/thumb/v7e-m/fpv4-sp/hard/crtn.o
 *(.fini)
 .fini          0x0000000008008e6c        0x4 c:/st/stm32cubeide_1.3.0/stm32cubeide/plugins/com.st.stm32cube.ide.mcu.externaltools.gnu-tools-for-stm32.7-2018-q2-update.win32_1.0.0.201904181610/tools/bin/../lib/gcc/arm-none-eabi/7.3.1/thumb/v7e-m/fpv4-sp/hard/crti.o
                0x0000000008008e6c                _fini
 .fini          0x0000000008008e70        0x8 c:/st/stm32cubeide_1.3.0/stm32cubeide/plugins/com.st.stm32cube.ide.mcu.externaltools.gnu-tools-for-stm32.7-2018-q2-update.win32_1.0.0.201904181610/tools/bin/../lib/gcc/arm-none-eabi/7.3.1/thumb/v7e-m/fpv4-sp/hard/crtn.o
                0x0000000008008e78                . = ALIGN (0x4)
                0x0000000008008e78                _etext = .

.vfp11_veneer   0x0000000008008e78        0x0
 .vfp11_veneer  0x0000000008008e78        0x0 linker stubs

.v4_bx          0x0000000008008e78        0x0
 .v4_bx         0x0000000008008e78        0x0 linker stubs

.iplt           0x0000000008008e78        0x0
 .iplt          0x0000000008008e78        0x0 c:/st/stm32cubeide_1.3.0/stm32cubeide/plugins/com.st.stm32cube.ide.mcu.externaltools.gnu-tools-for-stm32.7-2018-q2-update.win32_1.0.0.201904181610/tools/bin/../lib/gcc/arm-none-eabi/7.3.1/thumb/v7e-m/fpv4-sp/hard/crtbegin.o

.rodata         0x0000000008008e78      0x270
                0x0000000008008e78                . = ALIGN (0x4)
 *(.rodata)
 .rodata        0x0000000008008e78        0x8 Core/Src/lcd_display_api.o
 .rodata        0x0000000008008e80      0x20b Core/Src/main.o
 *fill*         0x000000000800908b        0x1 
 .rodata        0x000000000800908c        0x5 Middlewares/Third_Party/FreeRTOS/Source/tasks.o
 *(.rodata*)
 *fill*         0x0000000008009091        0x3 
 .rodata.AHBPrescTable
                0x0000000008009094       0x10 Core/Src/system_stm32f4xx.o
                0x0000000008009094                AHBPrescTable
 .rodata.APBPrescTable
                0x00000000080090a4        0x8 Core/Src/system_stm32f4xx.o
                0x00000000080090a4                APBPrescTable
 .rodata.flagBitshiftOffset.8623
                0x00000000080090ac        0x8 Drivers/STM32F4xx_HAL_Driver/Src/stm32f4xx_hal_dma.o
 .rodata._svfprintf_r.str1.1
                0x00000000080090b4       0x11 c:/st/stm32cubeide_1.3.0/stm32cubeide/plugins/com.st.stm32cube.ide.mcu.externaltools.gnu-tools-for-stm32.7-2018-q2-update.win32_1.0.0.201904181610/tools/bin/../lib/gcc/arm-none-eabi/7.3.1/../../../../arm-none-eabi/lib/thumb/v7e-m/fpv4-sp/hard\libc_nano.a(lib_a-nano-svfprintf.o)
 .rodata._printf_i.str1.1
                0x00000000080090c5       0x22 c:/st/stm32cubeide_1.3.0/stm32cubeide/plugins/com.st.stm32cube.ide.mcu.externaltools.gnu-tools-for-stm32.7-2018-q2-update.win32_1.0.0.201904181610/tools/bin/../lib/gcc/arm-none-eabi/7.3.1/../../../../arm-none-eabi/lib/thumb/v7e-m/fpv4-sp/hard\libc_nano.a(lib_a-nano-vfprintf_i.o)
                0x00000000080090e8                . = ALIGN (0x4)
 *fill*         0x00000000080090e7        0x1 

.ARM.extab      0x00000000080090e8        0x0
                0x00000000080090e8                . = ALIGN (0x4)
 *(.ARM.extab* .gnu.linkonce.armextab.*)
                0x00000000080090e8                . = ALIGN (0x4)

.ARM            0x00000000080090e8        0x8
                0x00000000080090e8                . = ALIGN (0x4)
                0x00000000080090e8                __exidx_start = .
 *(.ARM.exidx*)
 .ARM.exidx     0x00000000080090e8        0x8 c:/st/stm32cubeide_1.3.0/stm32cubeide/plugins/com.st.stm32cube.ide.mcu.externaltools.gnu-tools-for-stm32.7-2018-q2-update.win32_1.0.0.201904181610/tools/bin/../lib/gcc/arm-none-eabi/7.3.1/thumb/v7e-m/fpv4-sp/hard\libgcc.a(_udivmoddi4.o)
                0x00000000080090f0                __exidx_end = .
                0x00000000080090f0                . = ALIGN (0x4)

.rel.dyn        0x00000000080090f0        0x0
 .rel.iplt      0x00000000080090f0        0x0 c:/st/stm32cubeide_1.3.0/stm32cubeide/plugins/com.st.stm32cube.ide.mcu.externaltools.gnu-tools-for-stm32.7-2018-q2-update.win32_1.0.0.201904181610/tools/bin/../lib/gcc/arm-none-eabi/7.3.1/thumb/v7e-m/fpv4-sp/hard/crtbegin.o

.preinit_array  0x00000000080090f0        0x0
                0x00000000080090f0                . = ALIGN (0x4)
                0x00000000080090f0                PROVIDE (__preinit_array_start = .)
 *(.preinit_array*)
                0x00000000080090f0                PROVIDE (__preinit_array_end = .)
                0x00000000080090f0                . = ALIGN (0x4)

.init_array     0x00000000080090f0        0x4
                0x00000000080090f0                . = ALIGN (0x4)
                0x00000000080090f0                PROVIDE (__init_array_start = .)
 *(SORT_BY_NAME(.init_array.*))
 *(.init_array*)
 .init_array    0x00000000080090f0        0x4 c:/st/stm32cubeide_1.3.0/stm32cubeide/plugins/com.st.stm32cube.ide.mcu.externaltools.gnu-tools-for-stm32.7-2018-q2-update.win32_1.0.0.201904181610/tools/bin/../lib/gcc/arm-none-eabi/7.3.1/thumb/v7e-m/fpv4-sp/hard/crtbegin.o
                0x00000000080090f4                PROVIDE (__init_array_end = .)
                0x00000000080090f4                . = ALIGN (0x4)

.fini_array     0x00000000080090f4        0x4
                0x00000000080090f4                . = ALIGN (0x4)
                [!provide]                        PROVIDE (__fini_array_start = .)
 *(SORT_BY_NAME(.fini_array.*))
 *(.fini_array*)
 .fini_array    0x00000000080090f4        0x4 c:/st/stm32cubeide_1.3.0/stm32cubeide/plugins/com.st.stm32cube.ide.mcu.externaltools.gnu-tools-for-stm32.7-2018-q2-update.win32_1.0.0.201904181610/tools/bin/../lib/gcc/arm-none-eabi/7.3.1/thumb/v7e-m/fpv4-sp/hard/crtbegin.o
                [!provide]                        PROVIDE (__fini_array_end = .)
                0x00000000080090f8                . = ALIGN (0x4)
                0x00000000080090f8                _sidata = LOADADDR (.data)

.data           0x0000000020000000       0x74 load address 0x00000000080090f8
                0x0000000020000000                . = ALIGN (0x4)
                0x0000000020000000                _sdata = .
 *(.data)
 *(.data*)
 .data.SystemCoreClock
                0x0000000020000000        0x4 Core/Src/system_stm32f4xx.o
                0x0000000020000000                SystemCoreClock
 .data.uwTickPrio
                0x0000000020000004        0x4 Drivers/STM32F4xx_HAL_Driver/Src/stm32f4xx_hal.o
                0x0000000020000004                uwTickPrio
 .data.uwTickFreq
                0x0000000020000008        0x1 Drivers/STM32F4xx_HAL_Driver/Src/stm32f4xx_hal.o
                0x0000000020000008                uwTickFreq
 *fill*         0x0000000020000009        0x3 
 .data.uxCriticalNesting
                0x000000002000000c        0x4 Middlewares/Third_Party/FreeRTOS/Source/portable/GCC/ARM_CM4F/port.o
 .data._impure_ptr
                0x0000000020000010        0x4 c:/st/stm32cubeide_1.3.0/stm32cubeide/plugins/com.st.stm32cube.ide.mcu.externaltools.gnu-tools-for-stm32.7-2018-q2-update.win32_1.0.0.201904181610/tools/bin/../lib/gcc/arm-none-eabi/7.3.1/../../../../arm-none-eabi/lib/thumb/v7e-m/fpv4-sp/hard\libc_nano.a(lib_a-impure.o)
                0x0000000020000010                _impure_ptr
 .data.impure_data
                0x0000000020000014       0x60 c:/st/stm32cubeide_1.3.0/stm32cubeide/plugins/com.st.stm32cube.ide.mcu.externaltools.gnu-tools-for-stm32.7-2018-q2-update.win32_1.0.0.201904181610/tools/bin/../lib/gcc/arm-none-eabi/7.3.1/../../../../arm-none-eabi/lib/thumb/v7e-m/fpv4-sp/hard\libc_nano.a(lib_a-impure.o)
                0x0000000020000074                . = ALIGN (0x4)
                0x0000000020000074                _edata = .

.igot.plt       0x0000000020000074        0x0 load address 0x000000000800916c
 .igot.plt      0x0000000020000074        0x0 c:/st/stm32cubeide_1.3.0/stm32cubeide/plugins/com.st.stm32cube.ide.mcu.externaltools.gnu-tools-for-stm32.7-2018-q2-update.win32_1.0.0.201904181610/tools/bin/../lib/gcc/arm-none-eabi/7.3.1/thumb/v7e-m/fpv4-sp/hard/crtbegin.o
                0x0000000020000074                . = ALIGN (0x4)

.bss            0x0000000020000074     0x4324 load address 0x000000000800916c
                0x0000000020000074                _sbss = .
                0x0000000020000074                __bss_start__ = _sbss
 *(.bss)
 .bss           0x0000000020000074       0x1c c:/st/stm32cubeide_1.3.0/stm32cubeide/plugins/com.st.stm32cube.ide.mcu.externaltools.gnu-tools-for-stm32.7-2018-q2-update.win32_1.0.0.201904181610/tools/bin/../lib/gcc/arm-none-eabi/7.3.1/thumb/v7e-m/fpv4-sp/hard/crtbegin.o
 *(.bss*)
 .bss.xIdleTaskTCBBuffer
                0x0000000020000090       0x54 Core/Src/freertos.o
 .bss.xIdleStack
                0x00000000200000e4      0x200 Core/Src/freertos.o
 .bss.prev_systick
                0x00000000200002e4        0x4 Core/Src/main.o
                0x00000000200002e4                prev_systick
 .bss.unwind_flag
                0x00000000200002e8        0x1 Core/Src/main.o
                0x00000000200002e8                unwind_flag
 *fill*         0x00000000200002e9        0x3 
 .bss.heap_end.6424
                0x00000000200002ec        0x4 Core/Src/sysmem.o
 .bss.pxCurrentTCB
                0x00000000200002f0        0x4 Middlewares/Third_Party/FreeRTOS/Source/tasks.o
                0x00000000200002f0                pxCurrentTCB
 .bss.pxReadyTasksLists
                0x00000000200002f4       0x8c Middlewares/Third_Party/FreeRTOS/Source/tasks.o
 .bss.xDelayedTaskList1
                0x0000000020000380       0x14 Middlewares/Third_Party/FreeRTOS/Source/tasks.o
 .bss.xDelayedTaskList2
                0x0000000020000394       0x14 Middlewares/Third_Party/FreeRTOS/Source/tasks.o
 .bss.pxDelayedTaskList
                0x00000000200003a8        0x4 Middlewares/Third_Party/FreeRTOS/Source/tasks.o
 .bss.pxOverflowDelayedTaskList
                0x00000000200003ac        0x4 Middlewares/Third_Party/FreeRTOS/Source/tasks.o
 .bss.xPendingReadyList
                0x00000000200003b0       0x14 Middlewares/Third_Party/FreeRTOS/Source/tasks.o
 .bss.xTasksWaitingTermination
                0x00000000200003c4       0x14 Middlewares/Third_Party/FreeRTOS/Source/tasks.o
 .bss.uxDeletedTasksWaitingCleanUp
                0x00000000200003d8        0x4 Middlewares/Third_Party/FreeRTOS/Source/tasks.o
 .bss.xSuspendedTaskList
                0x00000000200003dc       0x14 Middlewares/Third_Party/FreeRTOS/Source/tasks.o
 .bss.uxCurrentNumberOfTasks
                0x00000000200003f0        0x4 Middlewares/Third_Party/FreeRTOS/Source/tasks.o
 .bss.xTickCount
                0x00000000200003f4        0x4 Middlewares/Third_Party/FreeRTOS/Source/tasks.o
 .bss.uxTopReadyPriority
                0x00000000200003f8        0x4 Middlewares/Third_Party/FreeRTOS/Source/tasks.o
 .bss.xSchedulerRunning
                0x00000000200003fc        0x4 Middlewares/Third_Party/FreeRTOS/Source/tasks.o
 .bss.uxPendedTicks
                0x0000000020000400        0x4 Middlewares/Third_Party/FreeRTOS/Source/tasks.o
 .bss.xYieldPending
                0x0000000020000404        0x4 Middlewares/Third_Party/FreeRTOS/Source/tasks.o
 .bss.xNumOfOverflows
                0x0000000020000408        0x4 Middlewares/Third_Party/FreeRTOS/Source/tasks.o
 .bss.uxTaskNumber
                0x000000002000040c        0x4 Middlewares/Third_Party/FreeRTOS/Source/tasks.o
 .bss.xNextTaskUnblockTime
                0x0000000020000410        0x4 Middlewares/Third_Party/FreeRTOS/Source/tasks.o
 .bss.xIdleTaskHandle
                0x0000000020000414        0x4 Middlewares/Third_Party/FreeRTOS/Source/tasks.o
 .bss.uxSchedulerSuspended
                0x0000000020000418        0x4 Middlewares/Third_Party/FreeRTOS/Source/tasks.o
 .bss.ucMaxSysCallPriority
                0x000000002000041c        0x1 Middlewares/Third_Party/FreeRTOS/Source/portable/GCC/ARM_CM4F/port.o
 *fill*         0x000000002000041d        0x3 
 .bss.ulMaxPRIGROUPValue
                0x0000000020000420        0x4 Middlewares/Third_Party/FreeRTOS/Source/portable/GCC/ARM_CM4F/port.o
 .bss.ucHeap    0x0000000020000424     0x3c00 Middlewares/Third_Party/FreeRTOS/Source/portable/MemMang/heap_4.o
 .bss.xStart    0x0000000020004024        0x8 Middlewares/Third_Party/FreeRTOS/Source/portable/MemMang/heap_4.o
 .bss.pxEnd     0x000000002000402c        0x4 Middlewares/Third_Party/FreeRTOS/Source/portable/MemMang/heap_4.o
 .bss.xFreeBytesRemaining
                0x0000000020004030        0x4 Middlewares/Third_Party/FreeRTOS/Source/portable/MemMang/heap_4.o
 .bss.xMinimumEverFreeBytesRemaining
                0x0000000020004034        0x4 Middlewares/Third_Party/FreeRTOS/Source/portable/MemMang/heap_4.o
 .bss.xBlockAllocatedBit
                0x0000000020004038        0x4 Middlewares/Third_Party/FreeRTOS/Source/portable/MemMang/heap_4.o
 .bss.__malloc_free_list
                0x000000002000403c        0x4 c:/st/stm32cubeide_1.3.0/stm32cubeide/plugins/com.st.stm32cube.ide.mcu.externaltools.gnu-tools-for-stm32.7-2018-q2-update.win32_1.0.0.201904181610/tools/bin/../lib/gcc/arm-none-eabi/7.3.1/../../../../arm-none-eabi/lib/thumb/v7e-m/fpv4-sp/hard\libc_nano.a(lib_a-nano-mallocr.o)
                0x000000002000403c                __malloc_free_list
 .bss.__malloc_sbrk_start
                0x0000000020004040        0x4 c:/st/stm32cubeide_1.3.0/stm32cubeide/plugins/com.st.stm32cube.ide.mcu.externaltools.gnu-tools-for-stm32.7-2018-q2-update.win32_1.0.0.201904181610/tools/bin/../lib/gcc/arm-none-eabi/7.3.1/../../../../arm-none-eabi/lib/thumb/v7e-m/fpv4-sp/hard\libc_nano.a(lib_a-nano-mallocr.o)
                0x0000000020004040                __malloc_sbrk_start
 *(COMMON)
 COMMON         0x0000000020004044      0x30c Core/Src/main.o
                0x0000000020004044                userInputHandle
                0x0000000020004048                diagnosticsSrvHandle
                0x000000002000404c                htim4
                0x000000002000408c                hi2c1
                0x00000000200040e0                htim10
                0x0000000020004120                lcd_display
                0x000000002000412c                htim5
                0x000000002000416c                htim3
                0x00000000200041ac                calibRoutineHandle
                0x00000000200041b0                huart5
                0x00000000200041f0                hadc1
                0x0000000020004238                ventilator
                0x000000002000424c                buzzer
                0x0000000020004258                motor_encoder
                0x0000000020004260                motorEncoderHandle
                0x0000000020004264                dc_motor
                0x0000000020004270                armEncoderHandle
                0x0000000020004274                displayUIHandle
                0x0000000020004278                hdma_adc1
                0x00000000200042d8                mainRoutineHandle
                0x00000000200042dc                pressureSnsrHandle
                0x00000000200042e0                alarmMonitorHandle
                0x00000000200042e4                hspi1
                0x000000002000433c                pot_controls_a
                0x000000002000434c                initTaskHandle
 COMMON         0x0000000020004350       0x40 Core/Src/stm32f4xx_hal_timebase_tim.o
                0x0000000020004350                htim1
 COMMON         0x0000000020004390        0x4 Drivers/STM32F4xx_HAL_Driver/Src/stm32f4xx_hal.o
                0x0000000020004390                uwTick
 COMMON         0x0000000020004394        0x4 c:/st/stm32cubeide_1.3.0/stm32cubeide/plugins/com.st.stm32cube.ide.mcu.externaltools.gnu-tools-for-stm32.7-2018-q2-update.win32_1.0.0.201904181610/tools/bin/../lib/gcc/arm-none-eabi/7.3.1/../../../../arm-none-eabi/lib/thumb/v7e-m/fpv4-sp/hard\libc_nano.a(lib_a-reent.o)
                0x0000000020004394                errno
                0x0000000020004398                . = ALIGN (0x4)
                0x0000000020004398                _ebss = .
                0x0000000020004398                __bss_end__ = _ebss

._user_heap_stack
                0x0000000020004398      0x600 load address 0x000000000800916c
                0x0000000020004398                . = ALIGN (0x8)
                0x0000000020004398                PROVIDE (end = .)
                [!provide]                        PROVIDE (_end = .)
                0x0000000020004598                . = (. + _Min_Heap_Size)
 *fill*         0x0000000020004398      0x200 
                0x0000000020004998                . = (. + _Min_Stack_Size)
 *fill*         0x0000000020004598      0x400 
                0x0000000020004998                . = ALIGN (0x8)

/DISCARD/
 libc.a(*)
 libm.a(*)
 libgcc.a(*)

.ARM.attributes
                0x0000000000000000       0x30
 *(.ARM.attributes)
 .ARM.attributes
                0x0000000000000000       0x22 c:/st/stm32cubeide_1.3.0/stm32cubeide/plugins/com.st.stm32cube.ide.mcu.externaltools.gnu-tools-for-stm32.7-2018-q2-update.win32_1.0.0.201904181610/tools/bin/../lib/gcc/arm-none-eabi/7.3.1/thumb/v7e-m/fpv4-sp/hard/crti.o
 .ARM.attributes
                0x0000000000000022       0x34 c:/st/stm32cubeide_1.3.0/stm32cubeide/plugins/com.st.stm32cube.ide.mcu.externaltools.gnu-tools-for-stm32.7-2018-q2-update.win32_1.0.0.201904181610/tools/bin/../lib/gcc/arm-none-eabi/7.3.1/thumb/v7e-m/fpv4-sp/hard/crtbegin.o
 .ARM.attributes
                0x0000000000000056       0x39 Core/Src/buzzer_api.o
 .ARM.attributes
                0x000000000000008f       0x39 Core/Src/dc_motor_api.o
 .ARM.attributes
                0x00000000000000c8       0x39 Core/Src/encoder_api.o
 .ARM.attributes
                0x0000000000000101       0x39 Core/Src/freertos.o
 .ARM.attributes
                0x000000000000013a       0x39 Core/Src/lcd_display_api.o
 .ARM.attributes
                0x0000000000000173       0x39 Core/Src/main.o
 .ARM.attributes
                0x00000000000001ac       0x39 Core/Src/potentiometer_api.o
 .ARM.attributes
                0x00000000000001e5       0x39 Core/Src/stm32f4xx_hal_msp.o
 .ARM.attributes
                0x000000000000021e       0x39 Core/Src/stm32f4xx_hal_timebase_tim.o
 .ARM.attributes
                0x0000000000000257       0x39 Core/Src/stm32f4xx_it.o
 .ARM.attributes
                0x0000000000000290       0x39 Core/Src/sysmem.o
 .ARM.attributes
                0x00000000000002c9       0x39 Core/Src/system_stm32f4xx.o
 .ARM.attributes
                0x0000000000000302       0x39 Core/Src/ventilator_api.o
 .ARM.attributes
                0x000000000000033b       0x21 Core/Startup/startup_stm32f407vgtx.o
 .ARM.attributes
                0x000000000000035c       0x39 Drivers/STM32F4xx_HAL_Driver/Src/stm32f4xx_hal.o
 .ARM.attributes
                0x0000000000000395       0x39 Drivers/STM32F4xx_HAL_Driver/Src/stm32f4xx_hal_adc.o
 .ARM.attributes
                0x00000000000003ce       0x39 Drivers/STM32F4xx_HAL_Driver/Src/stm32f4xx_hal_cortex.o
 .ARM.attributes
                0x0000000000000407       0x39 Drivers/STM32F4xx_HAL_Driver/Src/stm32f4xx_hal_dma.o
 .ARM.attributes
                0x0000000000000440       0x39 Drivers/STM32F4xx_HAL_Driver/Src/stm32f4xx_hal_gpio.o
 .ARM.attributes
                0x0000000000000479       0x39 Drivers/STM32F4xx_HAL_Driver/Src/stm32f4xx_hal_i2c.o
 .ARM.attributes
                0x00000000000004b2       0x39 Drivers/STM32F4xx_HAL_Driver/Src/stm32f4xx_hal_rcc.o
 .ARM.attributes
                0x00000000000004eb       0x39 Drivers/STM32F4xx_HAL_Driver/Src/stm32f4xx_hal_spi.o
 .ARM.attributes
                0x0000000000000524       0x39 Drivers/STM32F4xx_HAL_Driver/Src/stm32f4xx_hal_tim.o
 .ARM.attributes
                0x000000000000055d       0x39 Drivers/STM32F4xx_HAL_Driver/Src/stm32f4xx_hal_tim_ex.o
 .ARM.attributes
                0x0000000000000596       0x39 Drivers/STM32F4xx_HAL_Driver/Src/stm32f4xx_hal_uart.o
 .ARM.attributes
                0x00000000000005cf       0x39 Middlewares/Third_Party/FreeRTOS/Source/CMSIS_RTOS/cmsis_os.o
 .ARM.attributes
                0x0000000000000608       0x39 Middlewares/Third_Party/FreeRTOS/Source/list.o
 .ARM.attributes
                0x0000000000000641       0x39 Middlewares/Third_Party/FreeRTOS/Source/tasks.o
 .ARM.attributes
                0x000000000000067a       0x39 Middlewares/Third_Party/FreeRTOS/Source/portable/GCC/ARM_CM4F/port.o
 .ARM.attributes
                0x00000000000006b3       0x39 Middlewares/Third_Party/FreeRTOS/Source/portable/MemMang/heap_4.o
 .ARM.attributes
                0x00000000000006ec       0x34 c:/st/stm32cubeide_1.3.0/stm32cubeide/plugins/com.st.stm32cube.ide.mcu.externaltools.gnu-tools-for-stm32.7-2018-q2-update.win32_1.0.0.201904181610/tools/bin/../lib/gcc/arm-none-eabi/7.3.1/../../../../arm-none-eabi/lib/thumb/v7e-m/fpv4-sp/hard\libc_nano.a(lib_a-errno.o)
 .ARM.attributes
                0x0000000000000720       0x34 c:/st/stm32cubeide_1.3.0/stm32cubeide/plugins/com.st.stm32cube.ide.mcu.externaltools.gnu-tools-for-stm32.7-2018-q2-update.win32_1.0.0.201904181610/tools/bin/../lib/gcc/arm-none-eabi/7.3.1/../../../../arm-none-eabi/lib/thumb/v7e-m/fpv4-sp/hard\libc_nano.a(lib_a-impure.o)
 .ARM.attributes
                0x0000000000000754       0x34 c:/st/stm32cubeide_1.3.0/stm32cubeide/plugins/com.st.stm32cube.ide.mcu.externaltools.gnu-tools-for-stm32.7-2018-q2-update.win32_1.0.0.201904181610/tools/bin/../lib/gcc/arm-none-eabi/7.3.1/../../../../arm-none-eabi/lib/thumb/v7e-m/fpv4-sp/hard\libc_nano.a(lib_a-init.o)
 .ARM.attributes
                0x0000000000000788       0x34 c:/st/stm32cubeide_1.3.0/stm32cubeide/plugins/com.st.stm32cube.ide.mcu.externaltools.gnu-tools-for-stm32.7-2018-q2-update.win32_1.0.0.201904181610/tools/bin/../lib/gcc/arm-none-eabi/7.3.1/../../../../arm-none-eabi/lib/thumb/v7e-m/fpv4-sp/hard\libc_nano.a(lib_a-memcpy-stub.o)
 .ARM.attributes
                0x00000000000007bc       0x34 c:/st/stm32cubeide_1.3.0/stm32cubeide/plugins/com.st.stm32cube.ide.mcu.externaltools.gnu-tools-for-stm32.7-2018-q2-update.win32_1.0.0.201904181610/tools/bin/../lib/gcc/arm-none-eabi/7.3.1/../../../../arm-none-eabi/lib/thumb/v7e-m/fpv4-sp/hard\libc_nano.a(lib_a-memset.o)
 .ARM.attributes
                0x00000000000007f0       0x34 c:/st/stm32cubeide_1.3.0/stm32cubeide/plugins/com.st.stm32cube.ide.mcu.externaltools.gnu-tools-for-stm32.7-2018-q2-update.win32_1.0.0.201904181610/tools/bin/../lib/gcc/arm-none-eabi/7.3.1/../../../../arm-none-eabi/lib/thumb/v7e-m/fpv4-sp/hard\libc_nano.a(lib_a-sprintf.o)
 .ARM.attributes
                0x0000000000000824       0x34 c:/st/stm32cubeide_1.3.0/stm32cubeide/plugins/com.st.stm32cube.ide.mcu.externaltools.gnu-tools-for-stm32.7-2018-q2-update.win32_1.0.0.201904181610/tools/bin/../lib/gcc/arm-none-eabi/7.3.1/../../../../arm-none-eabi/lib/thumb/v7e-m/fpv4-sp/hard\libc_nano.a(lib_a-nano-svfprintf.o)
 .ARM.attributes
                0x0000000000000858       0x34 c:/st/stm32cubeide_1.3.0/stm32cubeide/plugins/com.st.stm32cube.ide.mcu.externaltools.gnu-tools-for-stm32.7-2018-q2-update.win32_1.0.0.201904181610/tools/bin/../lib/gcc/arm-none-eabi/7.3.1/../../../../arm-none-eabi/lib/thumb/v7e-m/fpv4-sp/hard\libc_nano.a(lib_a-nano-vfprintf_i.o)
 .ARM.attributes
                0x000000000000088c       0x20 c:/st/stm32cubeide_1.3.0/stm32cubeide/plugins/com.st.stm32cube.ide.mcu.externaltools.gnu-tools-for-stm32.7-2018-q2-update.win32_1.0.0.201904181610/tools/bin/../lib/gcc/arm-none-eabi/7.3.1/../../../../arm-none-eabi/lib/thumb/v7e-m/fpv4-sp/hard\libc_nano.a(lib_a-memchr.o)
 .ARM.attributes
                0x00000000000008ac       0x34 c:/st/stm32cubeide_1.3.0/stm32cubeide/plugins/com.st.stm32cube.ide.mcu.externaltools.gnu-tools-for-stm32.7-2018-q2-update.win32_1.0.0.201904181610/tools/bin/../lib/gcc/arm-none-eabi/7.3.1/../../../../arm-none-eabi/lib/thumb/v7e-m/fpv4-sp/hard\libc_nano.a(lib_a-memmove.o)
 .ARM.attributes
                0x00000000000008e0       0x34 c:/st/stm32cubeide_1.3.0/stm32cubeide/plugins/com.st.stm32cube.ide.mcu.externaltools.gnu-tools-for-stm32.7-2018-q2-update.win32_1.0.0.201904181610/tools/bin/../lib/gcc/arm-none-eabi/7.3.1/../../../../arm-none-eabi/lib/thumb/v7e-m/fpv4-sp/hard\libc_nano.a(lib_a-nano-freer.o)
 .ARM.attributes
                0x0000000000000914       0x34 c:/st/stm32cubeide_1.3.0/stm32cubeide/plugins/com.st.stm32cube.ide.mcu.externaltools.gnu-tools-for-stm32.7-2018-q2-update.win32_1.0.0.201904181610/tools/bin/../lib/gcc/arm-none-eabi/7.3.1/../../../../arm-none-eabi/lib/thumb/v7e-m/fpv4-sp/hard\libc_nano.a(lib_a-nano-mallocr.o)
 .ARM.attributes
                0x0000000000000948       0x34 c:/st/stm32cubeide_1.3.0/stm32cubeide/plugins/com.st.stm32cube.ide.mcu.externaltools.gnu-tools-for-stm32.7-2018-q2-update.win32_1.0.0.201904181610/tools/bin/../lib/gcc/arm-none-eabi/7.3.1/../../../../arm-none-eabi/lib/thumb/v7e-m/fpv4-sp/hard\libc_nano.a(lib_a-nano-reallocr.o)
 .ARM.attributes
                0x000000000000097c       0x34 c:/st/stm32cubeide_1.3.0/stm32cubeide/plugins/com.st.stm32cube.ide.mcu.externaltools.gnu-tools-for-stm32.7-2018-q2-update.win32_1.0.0.201904181610/tools/bin/../lib/gcc/arm-none-eabi/7.3.1/../../../../arm-none-eabi/lib/thumb/v7e-m/fpv4-sp/hard\libc_nano.a(lib_a-sbrkr.o)
 .ARM.attributes
                0x00000000000009b0       0x34 c:/st/stm32cubeide_1.3.0/stm32cubeide/plugins/com.st.stm32cube.ide.mcu.externaltools.gnu-tools-for-stm32.7-2018-q2-update.win32_1.0.0.201904181610/tools/bin/../lib/gcc/arm-none-eabi/7.3.1/../../../../arm-none-eabi/lib/thumb/v7e-m/fpv4-sp/hard\libc_nano.a(lib_a-mlock.o)
 .ARM.attributes
                0x00000000000009e4       0x34 c:/st/stm32cubeide_1.3.0/stm32cubeide/plugins/com.st.stm32cube.ide.mcu.externaltools.gnu-tools-for-stm32.7-2018-q2-update.win32_1.0.0.201904181610/tools/bin/../lib/gcc/arm-none-eabi/7.3.1/../../../../arm-none-eabi/lib/thumb/v7e-m/fpv4-sp/hard\libc_nano.a(lib_a-nano-msizer.o)
 .ARM.attributes
                0x0000000000000a18       0x34 c:/st/stm32cubeide_1.3.0/stm32cubeide/plugins/com.st.stm32cube.ide.mcu.externaltools.gnu-tools-for-stm32.7-2018-q2-update.win32_1.0.0.201904181610/tools/bin/../lib/gcc/arm-none-eabi/7.3.1/../../../../arm-none-eabi/lib/thumb/v7e-m/fpv4-sp/hard\libc_nano.a(lib_a-reent.o)
 .ARM.attributes
                0x0000000000000a4c       0x22 c:/st/stm32cubeide_1.3.0/stm32cubeide/plugins/com.st.stm32cube.ide.mcu.externaltools.gnu-tools-for-stm32.7-2018-q2-update.win32_1.0.0.201904181610/tools/bin/../lib/gcc/arm-none-eabi/7.3.1/thumb/v7e-m/fpv4-sp/hard\libgcc.a(_arm_addsubdf3.o)
 .ARM.attributes
                0x0000000000000a6e       0x22 c:/st/stm32cubeide_1.3.0/stm32cubeide/plugins/com.st.stm32cube.ide.mcu.externaltools.gnu-tools-for-stm32.7-2018-q2-update.win32_1.0.0.201904181610/tools/bin/../lib/gcc/arm-none-eabi/7.3.1/thumb/v7e-m/fpv4-sp/hard\libgcc.a(_arm_muldivdf3.o)
 .ARM.attributes
                0x0000000000000a90       0x22 c:/st/stm32cubeide_1.3.0/stm32cubeide/plugins/com.st.stm32cube.ide.mcu.externaltools.gnu-tools-for-stm32.7-2018-q2-update.win32_1.0.0.201904181610/tools/bin/../lib/gcc/arm-none-eabi/7.3.1/thumb/v7e-m/fpv4-sp/hard\libgcc.a(_arm_fixdfsi.o)
 .ARM.attributes
                0x0000000000000ab2       0x22 c:/st/stm32cubeide_1.3.0/stm32cubeide/plugins/com.st.stm32cube.ide.mcu.externaltools.gnu-tools-for-stm32.7-2018-q2-update.win32_1.0.0.201904181610/tools/bin/../lib/gcc/arm-none-eabi/7.3.1/thumb/v7e-m/fpv4-sp/hard\libgcc.a(_aeabi_uldivmod.o)
 .ARM.attributes
                0x0000000000000ad4       0x34 c:/st/stm32cubeide_1.3.0/stm32cubeide/plugins/com.st.stm32cube.ide.mcu.externaltools.gnu-tools-for-stm32.7-2018-q2-update.win32_1.0.0.201904181610/tools/bin/../lib/gcc/arm-none-eabi/7.3.1/thumb/v7e-m/fpv4-sp/hard\libgcc.a(_udivmoddi4.o)
 .ARM.attributes
                0x0000000000000b08       0x22 c:/st/stm32cubeide_1.3.0/stm32cubeide/plugins/com.st.stm32cube.ide.mcu.externaltools.gnu-tools-for-stm32.7-2018-q2-update.win32_1.0.0.201904181610/tools/bin/../lib/gcc/arm-none-eabi/7.3.1/thumb/v7e-m/fpv4-sp/hard\libgcc.a(_dvmd_tls.o)
 .ARM.attributes
                0x0000000000000b2a       0x22 c:/st/stm32cubeide_1.3.0/stm32cubeide/plugins/com.st.stm32cube.ide.mcu.externaltools.gnu-tools-for-stm32.7-2018-q2-update.win32_1.0.0.201904181610/tools/bin/../lib/gcc/arm-none-eabi/7.3.1/thumb/v7e-m/fpv4-sp/hard/crtn.o
OUTPUT(drgon_ventilator_v2.elf elf32-littlearm)

.debug_info     0x0000000000000000    0x1a6e8
 .debug_info    0x0000000000000000      0x23e Core/Src/buzzer_api.o
 .debug_info    0x000000000000023e      0x89c Core/Src/dc_motor_api.o
 .debug_info    0x0000000000000ada      0x292 Core/Src/encoder_api.o
 .debug_info    0x0000000000000d6c      0x344 Core/Src/freertos.o
 .debug_info    0x00000000000010b0      0x884 Core/Src/lcd_display_api.o
 .debug_info    0x0000000000001934     0x2c6c Core/Src/main.o
 .debug_info    0x00000000000045a0      0x27f Core/Src/potentiometer_api.o
 .debug_info    0x000000000000481f     0x192e Core/Src/stm32f4xx_hal_msp.o
 .debug_info    0x000000000000614d      0xb2d Core/Src/stm32f4xx_hal_timebase_tim.o
 .debug_info    0x0000000000006c7a      0x70d Core/Src/stm32f4xx_it.o
 .debug_info    0x0000000000007387      0x91c Core/Src/sysmem.o
 .debug_info    0x0000000000007ca3      0x554 Core/Src/system_stm32f4xx.o
 .debug_info    0x00000000000081f7      0x41f Core/Src/ventilator_api.o
 .debug_info    0x0000000000008616       0x22 Core/Startup/startup_stm32f407vgtx.o
 .debug_info    0x0000000000008638      0x945 Drivers/STM32F4xx_HAL_Driver/Src/stm32f4xx_hal.o
 .debug_info    0x0000000000008f7d      0xcee Drivers/STM32F4xx_HAL_Driver/Src/stm32f4xx_hal_adc.o
 .debug_info    0x0000000000009c6b      0xe28 Drivers/STM32F4xx_HAL_Driver/Src/stm32f4xx_hal_cortex.o
 .debug_info    0x000000000000aa93      0x968 Drivers/STM32F4xx_HAL_Driver/Src/stm32f4xx_hal_dma.o
 .debug_info    0x000000000000b3fb      0x7b5 Drivers/STM32F4xx_HAL_Driver/Src/stm32f4xx_hal_gpio.o
 .debug_info    0x000000000000bbb0     0x23b5 Drivers/STM32F4xx_HAL_Driver/Src/stm32f4xx_hal_i2c.o
 .debug_info    0x000000000000df65      0x904 Drivers/STM32F4xx_HAL_Driver/Src/stm32f4xx_hal_rcc.o
 .debug_info    0x000000000000e869     0x163a Drivers/STM32F4xx_HAL_Driver/Src/stm32f4xx_hal_spi.o
 .debug_info    0x000000000000fea3     0x24a9 Drivers/STM32F4xx_HAL_Driver/Src/stm32f4xx_hal_tim.o
 .debug_info    0x000000000001234c     0x1157 Drivers/STM32F4xx_HAL_Driver/Src/stm32f4xx_hal_tim_ex.o
 .debug_info    0x00000000000134a3     0x124c Drivers/STM32F4xx_HAL_Driver/Src/stm32f4xx_hal_uart.o
 .debug_info    0x00000000000146ef     0x1e8d Middlewares/Third_Party/FreeRTOS/Source/CMSIS_RTOS/cmsis_os.o
 .debug_info    0x000000000001657c      0xacb Middlewares/Third_Party/FreeRTOS/Source/list.o
 .debug_info    0x0000000000017047     0x2584 Middlewares/Third_Party/FreeRTOS/Source/tasks.o
 .debug_info    0x00000000000195cb      0x533 Middlewares/Third_Party/FreeRTOS/Source/portable/GCC/ARM_CM4F/port.o
 .debug_info    0x0000000000019afe      0xbea Middlewares/Third_Party/FreeRTOS/Source/portable/MemMang/heap_4.o

.debug_abbrev   0x0000000000000000     0x3897
 .debug_abbrev  0x0000000000000000       0xfe Core/Src/buzzer_api.o
 .debug_abbrev  0x00000000000000fe      0x18d Core/Src/dc_motor_api.o
 .debug_abbrev  0x000000000000028b      0x138 Core/Src/encoder_api.o
 .debug_abbrev  0x00000000000003c3      0x109 Core/Src/freertos.o
 .debug_abbrev  0x00000000000004cc      0x190 Core/Src/lcd_display_api.o
 .debug_abbrev  0x000000000000065c      0x2ba Core/Src/main.o
 .debug_abbrev  0x0000000000000916      0x111 Core/Src/potentiometer_api.o
 .debug_abbrev  0x0000000000000a27      0x1f8 Core/Src/stm32f4xx_hal_msp.o
 .debug_abbrev  0x0000000000000c1f      0x19d Core/Src/stm32f4xx_hal_timebase_tim.o
 .debug_abbrev  0x0000000000000dbc      0x15a Core/Src/stm32f4xx_it.o
 .debug_abbrev  0x0000000000000f16      0x1bb Core/Src/sysmem.o
 .debug_abbrev  0x00000000000010d1      0x12b Core/Src/system_stm32f4xx.o
 .debug_abbrev  0x00000000000011fc      0x13a Core/Src/ventilator_api.o
 .debug_abbrev  0x0000000000001336       0x12 Core/Startup/startup_stm32f407vgtx.o
 .debug_abbrev  0x0000000000001348      0x1c7 Drivers/STM32F4xx_HAL_Driver/Src/stm32f4xx_hal.o
 .debug_abbrev  0x000000000000150f      0x205 Drivers/STM32F4xx_HAL_Driver/Src/stm32f4xx_hal_adc.o
 .debug_abbrev  0x0000000000001714      0x2fa Drivers/STM32F4xx_HAL_Driver/Src/stm32f4xx_hal_cortex.o
 .debug_abbrev  0x0000000000001a0e      0x229 Drivers/STM32F4xx_HAL_Driver/Src/stm32f4xx_hal_dma.o
 .debug_abbrev  0x0000000000001c37      0x1c9 Drivers/STM32F4xx_HAL_Driver/Src/stm32f4xx_hal_gpio.o
 .debug_abbrev  0x0000000000001e00      0x254 Drivers/STM32F4xx_HAL_Driver/Src/stm32f4xx_hal_i2c.o
 .debug_abbrev  0x0000000000002054      0x245 Drivers/STM32F4xx_HAL_Driver/Src/stm32f4xx_hal_rcc.o
 .debug_abbrev  0x0000000000002299      0x240 Drivers/STM32F4xx_HAL_Driver/Src/stm32f4xx_hal_spi.o
 .debug_abbrev  0x00000000000024d9      0x230 Drivers/STM32F4xx_HAL_Driver/Src/stm32f4xx_hal_tim.o
 .debug_abbrev  0x0000000000002709      0x21e Drivers/STM32F4xx_HAL_Driver/Src/stm32f4xx_hal_tim_ex.o
 .debug_abbrev  0x0000000000002927      0x242 Drivers/STM32F4xx_HAL_Driver/Src/stm32f4xx_hal_uart.o
 .debug_abbrev  0x0000000000002b69      0x379 Middlewares/Third_Party/FreeRTOS/Source/CMSIS_RTOS/cmsis_os.o
 .debug_abbrev  0x0000000000002ee2      0x1cf Middlewares/Third_Party/FreeRTOS/Source/list.o
 .debug_abbrev  0x00000000000030b1      0x338 Middlewares/Third_Party/FreeRTOS/Source/tasks.o
 .debug_abbrev  0x00000000000033e9      0x210 Middlewares/Third_Party/FreeRTOS/Source/portable/GCC/ARM_CM4F/port.o
 .debug_abbrev  0x00000000000035f9      0x29e Middlewares/Third_Party/FreeRTOS/Source/portable/MemMang/heap_4.o

.debug_aranges  0x0000000000000000     0x17f0
 .debug_aranges
                0x0000000000000000       0x28 Core/Src/buzzer_api.o
 .debug_aranges
                0x0000000000000028       0x30 Core/Src/dc_motor_api.o
 .debug_aranges
                0x0000000000000058       0x28 Core/Src/encoder_api.o
 .debug_aranges
                0x0000000000000080       0x20 Core/Src/freertos.o
 .debug_aranges
                0x00000000000000a0       0x48 Core/Src/lcd_display_api.o
 .debug_aranges
                0x00000000000000e8       0xe0 Core/Src/main.o
 .debug_aranges
                0x00000000000001c8       0x28 Core/Src/potentiometer_api.o
 .debug_aranges
                0x00000000000001f0       0x98 Core/Src/stm32f4xx_hal_msp.o
 .debug_aranges
                0x0000000000000288       0x30 Core/Src/stm32f4xx_hal_timebase_tim.o
 .debug_aranges
                0x00000000000002b8       0x60 Core/Src/stm32f4xx_it.o
 .debug_aranges
                0x0000000000000318       0x20 Core/Src/sysmem.o
 .debug_aranges
                0x0000000000000338       0x28 Core/Src/system_stm32f4xx.o
 .debug_aranges
                0x0000000000000360       0x40 Core/Src/ventilator_api.o
 .debug_aranges
                0x00000000000003a0       0x28 Core/Startup/startup_stm32f407vgtx.o
 .debug_aranges
                0x00000000000003c8       0xf0 Drivers/STM32F4xx_HAL_Driver/Src/stm32f4xx_hal.o
 .debug_aranges
                0x00000000000004b8       0xe8 Drivers/STM32F4xx_HAL_Driver/Src/stm32f4xx_hal_adc.o
 .debug_aranges
                0x00000000000005a0      0x118 Drivers/STM32F4xx_HAL_Driver/Src/stm32f4xx_hal_cortex.o
 .debug_aranges
                0x00000000000006b8       0x90 Drivers/STM32F4xx_HAL_Driver/Src/stm32f4xx_hal_dma.o
 .debug_aranges
                0x0000000000000748       0x58 Drivers/STM32F4xx_HAL_Driver/Src/stm32f4xx_hal_gpio.o
 .debug_aranges
                0x00000000000007a0      0x298 Drivers/STM32F4xx_HAL_Driver/Src/stm32f4xx_hal_i2c.o
 .debug_aranges
                0x0000000000000a38       0x88 Drivers/STM32F4xx_HAL_Driver/Src/stm32f4xx_hal_rcc.o
 .debug_aranges
                0x0000000000000ac0      0x1d0 Drivers/STM32F4xx_HAL_Driver/Src/stm32f4xx_hal_spi.o
 .debug_aranges
                0x0000000000000c90      0x3a8 Drivers/STM32F4xx_HAL_Driver/Src/stm32f4xx_hal_tim.o
 .debug_aranges
                0x0000000000001038      0x150 Drivers/STM32F4xx_HAL_Driver/Src/stm32f4xx_hal_tim_ex.o
 .debug_aranges
                0x0000000000001188      0x1d0 Drivers/STM32F4xx_HAL_Driver/Src/stm32f4xx_hal_uart.o
 .debug_aranges
                0x0000000000001358      0x1d8 Middlewares/Third_Party/FreeRTOS/Source/CMSIS_RTOS/cmsis_os.o
 .debug_aranges
                0x0000000000001530       0x40 Middlewares/Third_Party/FreeRTOS/Source/list.o
 .debug_aranges
                0x0000000000001570      0x1b0 Middlewares/Third_Party/FreeRTOS/Source/tasks.o
 .debug_aranges
                0x0000000000001720       0x80 Middlewares/Third_Party/FreeRTOS/Source/portable/GCC/ARM_CM4F/port.o
 .debug_aranges
                0x00000000000017a0       0x50 Middlewares/Third_Party/FreeRTOS/Source/portable/MemMang/heap_4.o

.debug_ranges   0x0000000000000000     0x1638
 .debug_ranges  0x0000000000000000       0x18 Core/Src/buzzer_api.o
 .debug_ranges  0x0000000000000018       0x20 Core/Src/dc_motor_api.o
 .debug_ranges  0x0000000000000038       0x18 Core/Src/encoder_api.o
 .debug_ranges  0x0000000000000050       0x10 Core/Src/freertos.o
 .debug_ranges  0x0000000000000060       0x38 Core/Src/lcd_display_api.o
 .debug_ranges  0x0000000000000098       0xd0 Core/Src/main.o
 .debug_ranges  0x0000000000000168       0x18 Core/Src/potentiometer_api.o
 .debug_ranges  0x0000000000000180       0x88 Core/Src/stm32f4xx_hal_msp.o
 .debug_ranges  0x0000000000000208       0x20 Core/Src/stm32f4xx_hal_timebase_tim.o
 .debug_ranges  0x0000000000000228       0x50 Core/Src/stm32f4xx_it.o
 .debug_ranges  0x0000000000000278       0x10 Core/Src/sysmem.o
 .debug_ranges  0x0000000000000288       0x18 Core/Src/system_stm32f4xx.o
 .debug_ranges  0x00000000000002a0       0x30 Core/Src/ventilator_api.o
 .debug_ranges  0x00000000000002d0       0x20 Core/Startup/startup_stm32f407vgtx.o
 .debug_ranges  0x00000000000002f0       0xe0 Drivers/STM32F4xx_HAL_Driver/Src/stm32f4xx_hal.o
 .debug_ranges  0x00000000000003d0       0xd8 Drivers/STM32F4xx_HAL_Driver/Src/stm32f4xx_hal_adc.o