main.c:122:6:HAL_GPIO_EXTI_Callback	32	static
main.c:181:5:main	272	static
main.c:295:6:SystemClock_Config	88	static
main.c:340:13:MX_ADC1_Init	24	static
main.c:409:13:MX_I2C2_Init	8	static
main.c:443:13:MX_TIM1_Init	80	static
main.c:508:13:MX_TIM3_Init	56	static
main.c:557:13:MX_TIM4_Init	56	static
main.c:604:13:MX_DMA_Init	16	static
main.c:622:13:MX_GPIO_Init	40	static
main.c:665:6:startMainRoutine	24	static
main.c:728:6:startDisplayUpdate	64	static
main.c:766:6:startMotorEncoder	24	static
main.c:788:6:startInitTask	16	static
main.c:807:6:startAlarmsTask	24	static
main.c:849:6:startUpdatePots	24	static
main.c:871:6:startCalibRoutine	32	static
main.c:930:6:startArmEncoder	24	static
main.c:952:6:startDiagnostics	16	static
main.c:981:6:HAL_TIM_PeriodElapsedCallback	16	static
main.c:998:6:Error_Handler	4	static
