main.c:114:5:main	184	static
main.c:217:6:SystemClock_Config	88	static
main.c:262:13:MX_ADC1_Init	24	static
main.c:331:13:MX_ADC2_Init	24	static
main.c:376:13:MX_I2C2_Init	8	static
main.c:410:13:MX_TIM1_Init	80	static
main.c:475:13:MX_TIM3_Init	56	static
main.c:522:13:MX_DMA_Init	16	static
main.c:540:13:MX_GPIO_Init	40	static
main.c:588:6:startMasterTask	16	static
main.c:606:6:startMotorRoutine	24	static
main.c:651:6:startDisplayUpdate	64	static
main.c:706:6:startEncoderRPM	24	static
main.c:727:6:startPotUpdate	32	static
main.c:753:6:startInitTask	16	static
main.c:768:6:HAL_TIM_PeriodElapsedCallback	16	static
main.c:785:6:Error_Handler	4	static
