stm32f4xx_it.c:79:6:NMI_Handler	4	static
stm32f4xx_it.c:92:6:HardFault_Handler	4	static
stm32f4xx_it.c:107:6:MemManage_Handler	4	static
stm32f4xx_it.c:122:6:BusFault_Handler	4	static
stm32f4xx_it.c:137:6:UsageFault_Handler	4	static
stm32f4xx_it.c:152:6:DebugMon_Handler	4	static
stm32f4xx_it.c:172:6:ADC_IRQHandler	8	static
stm32f4xx_it.c:186:6:TIM1_UP_TIM10_IRQHandler	8	static
stm32f4xx_it.c:201:6:SPI1_IRQHandler	8	static
stm32f4xx_it.c:215:6:EXTI15_10_IRQHandler	8	static
stm32f4xx_it.c:232:6:DMA2_Stream0_IRQHandler	8	static
stm32f4xx_it.c:246:6:DMA2_Stream2_IRQHandler	8	static
stm32f4xx_it.c:260:6:DMA2_Stream3_IRQHandler	8	static
